D:/PROJECT_MPPT/MPPT_Solar_Chagre_Controller/MPPT_Solar_Charge_Controller/MyDriver/Rtc.cpp:12:5:blib::Rtc::Rtc()	16	static
D:/PROJECT_MPPT/MPPT_Solar_Chagre_Controller/MPPT_Solar_Charge_Controller/MyDriver/Rtc.cpp:18:5:blib::Rtc::~Rtc()	16	static
D:/PROJECT_MPPT/MPPT_Solar_Chagre_Controller/MPPT_Solar_Charge_Controller/MyDriver/Rtc.cpp:22:10:void blib::Rtc::readTime()	40	static
D:/PROJECT_MPPT/MPPT_Solar_Chagre_Controller/MPPT_Solar_Charge_Controller/MyDriver/Rtc.cpp:36:10:void blib::Rtc::setTime(uint8_t, uint8_t, uint8_t, uint8_t, uint8_t)	48	static
D:/PROJECT_MPPT/MPPT_Solar_Chagre_Controller/MPPT_Solar_Charge_Controller/MyDriver/Rtc.cpp:65:10:static bool blib::Rtc::isLeapYear(uint8_t)	24	static
D:/PROJECT_MPPT/MPPT_Solar_Chagre_Controller/MPPT_Solar_Charge_Controller/MyDriver/Rtc.cpp:76:10:bool blib::Rtc::isTimeValid(uint8_t, uint8_t, uint8_t, uint8_t, uint8_t)	16	static
D:/PROJECT_MPPT/MPPT_Solar_Chagre_Controller/MPPT_Solar_Charge_Controller/MyDriver/Rtc.cpp:118:10:static void blib::Rtc::incrementParameter(int, uint8_t&, uint8_t&, uint8_t&, uint8_t&, uint8_t&)	32	static
D:/PROJECT_MPPT/MPPT_Solar_Chagre_Controller/MPPT_Solar_Charge_Controller/MyDriver/Rtc.cpp:152:10:static void blib::Rtc::decrementParameter(int, uint8_t&, uint8_t&, uint8_t&, uint8_t&, uint8_t&)	32	static
