../Libraries/SystemManager.h:34:21:blib::SystemManager::~SystemManager()	0	static
../Libraries/Constant.h:23:7:Constant::~Constant()	0	static
../Libraries/SystemManager.h:34:21:virtual blib::SystemManager::~SystemManager()	8	static
../Libraries/Constant.h:23:7:virtual Constant::~Constant()	8	static
../Libraries/Log.h:48:25:static void blib::Logger::print(const char*)	16	static
../Libraries/TestLcd.h:34:13:blib::LcdSimulate::LcdSimulate()	16	static
../Core/Src/main.cpp:208:6:void SystemClock_Config()	96	static,ignoring_inline_asm
../Core/Src/main.cpp:588:6:void Error_Handler()	0	static,ignoring_inline_asm
../Libraries/Singleton.h:19:27:static T& blib::dp::Singleton<T>::getInstance() [with T = blib::Analog]	16	static
../Core/Src/main.cpp:128:6:void HAL_ADC_ConvCpltCallback(ADC_HandleTypeDef*)	8	static
../Libraries/Singleton.h:19:27:static T& blib::dp::Singleton<T>::getInstance() [with T = blib::ChargeControl]	16	static
../Libraries/Singleton.h:19:27:static T& blib::dp::Singleton<T>::getInstance() [with T = blib::LcdSimulate]	16	static
../Libraries/Singleton.h:19:27:static T& blib::dp::Singleton<T>::getInstance() [with T = blib::Button]	16	static
../Libraries/TestLcd.h:174:18:void blib::LcdSimulate::impl_3_AboutScreen()	24	static
../Libraries/Log.h:35:25:) [with Args = {const char*, int, const char*}]	32	static
../Core/Src/main.cpp:73:6:void HAL_GPIO_EXTI_Callback(uint16_t)	32	static
../Libraries/TestLcd.h:53:18:void blib::LcdSimulate::impl_1_HomeScreen()	128	static
../Libraries/TestLcd.h:95:18:void blib::LcdSimulate::impl_2_MenuScreen()	32	static
../Libraries/TestLcd.h:325:18:void blib::LcdSimulate::impl_3_SettingScroll()	296	static
../Libraries/TestLcd.h:1172:18:void blib::LcdSimulate::impl_3_2_FactoryReset()	16	static
../Libraries/TestLcd.h:1122:18:void blib::LcdSimulate::impl_3_2_Backlight()	16	static
../Libraries/TestLcd.h:662:18:void blib::LcdSimulate::impl_3_2_ChargeMode()	24	static
../Libraries/TestLcd.h:590:18:void blib::LcdSimulate::impl_3_2_SupplyAlgorithm()	24	static
../Libraries/TestLcd.h:191:18:void blib::LcdSimulate::impl_3_DisplayScroll()	144	static
../Libraries/TestLcd.h:568:18:void blib::LcdSimulate::impl_3_1_DisplayConfig4()	16	static
../Libraries/TestLcd.h:557:18:void blib::LcdSimulate::impl_3_1_DisplayConfig3()	16	static
../Libraries/TestLcd.h:536:18:void blib::LcdSimulate::impl_3_1_DisplayConfig2()	16	static
../Libraries/TestLcd.h:505:18:void blib::LcdSimulate::impl_3_1_DisplayConfig1()	16	static
../Core/Src/main.cpp:144:5:int main()	104	static,ignoring_inline_asm
../Libraries/Singleton.h:19:27:static T& blib::dp::Singleton<T>::getInstance() [with T = Constant]	8	static
../Libraries/TestLcd.h:1009:18:void blib::LcdSimulate::impl_3_2_ShutdownTemp()	80	static
../Libraries/TestLcd.h:963:18:void blib::LcdSimulate::impl_3_2_FanTriggerTemp()	80	static
../Libraries/TestLcd.h:850:18:void blib::LcdSimulate::impl_3_2_ChargingCurrent()	80	static
../Libraries/TestLcd.h:805:18:void blib::LcdSimulate::impl_3_2_MinBatteryVolt()	80	static
../Libraries/TestLcd.h:760:18:void blib::LcdSimulate::impl_3_2_MaxBatteryVolt()	80	static
../Libraries/Singleton.h:19:27:static T& blib::dp::Singleton<T>::getInstance() [with T = blib::SystemManager]	16	static
../Libraries/TestLcd.h:1054:18:void blib::LcdSimulate::impl_3_2_AutoloadCfg()	24	static
../Libraries/TestLcd.h:895:18:void blib::LcdSimulate::impl_3_2_CoolingFan()	24	static
../Libraries/TestLcd.h:45:21:blib::LcdSimulate::~LcdSimulate()	8	static
../Libraries/TestLcd.h:45:21:virtual blib::LcdSimulate::~LcdSimulate()	8	static
