../Libraries/SystemManager.h:34:21:blib::SystemManager::~SystemManager()	0	static
../Libraries/Constant.h:23:7:Constant::~Constant()	0	static
../Libraries/SystemManager.h:34:21:virtual blib::SystemManager::~SystemManager()	8	static
../Libraries/Constant.h:23:7:virtual Constant::~Constant()	8	static
../Libraries/Log.h:48:25:static void blib::Logger::print(const char*)	16	static
../Libraries/TestLcd.h:35:13:blib::LcdSimulate::LcdSimulate()	16	static
../Core/Src/main.cpp:216:6:void SystemClock_Config()	96	static,ignoring_inline_asm
../Core/Src/main.cpp:659:6:void Error_Handler()	0	static,ignoring_inline_asm
../Libraries/Singleton.h:19:27:static T& blib::dp::Singleton<T>::getInstance() [with T = blib::Analog]	16	static
../Core/Src/main.cpp:132:6:void HAL_ADC_ConvCpltCallback(ADC_HandleTypeDef*)	8	static
../Libraries/Singleton.h:19:27:static T& blib::dp::Singleton<T>::getInstance() [with T = blib::ChargeControl]	16	static
../Libraries/Singleton.h:19:27:static T& blib::dp::Singleton<T>::getInstance() [with T = blib::LcdSimulate]	16	static
../Libraries/Singleton.h:19:27:static T& blib::dp::Singleton<T>::getInstance() [with T = blib::Button]	16	static
../Libraries/TestLcd.h:175:18:void blib::LcdSimulate::impl_3_AboutScreen()	24	static
../Libraries/Log.h:35:25:) [with Args = {const char*, int, const char*}]	32	static
../Core/Src/main.cpp:77:6:void HAL_GPIO_EXTI_Callback(uint16_t)	32	static
../Libraries/TestLcd.h:54:18:void blib::LcdSimulate::impl_1_HomeScreen()	128	static
../Libraries/TestLcd.h:96:18:void blib::LcdSimulate::impl_2_MenuScreen()	32	static
../Libraries/TestLcd.h:326:18:void blib::LcdSimulate::impl_3_SettingScroll()	296	static
../Libraries/TestLcd.h:1230:18:void blib::LcdSimulate::impl_3_2_FactoryReset()	16	static
../Libraries/TestLcd.h:1136:18:void blib::LcdSimulate::impl_3_1_Settime()	96	static
../Libraries/TestLcd.h:676:18:void blib::LcdSimulate::impl_3_2_ChargeMode()	24	static
../Libraries/TestLcd.h:604:18:void blib::LcdSimulate::impl_3_2_SupplyAlgorithm()	24	static
../Libraries/TestLcd.h:192:18:void blib::LcdSimulate::impl_3_DisplayScroll()	144	static
../Libraries/TestLcd.h:582:18:void blib::LcdSimulate::impl_3_1_DisplayConfig4()	16	static
../Libraries/TestLcd.h:506:18:void blib::LcdSimulate::impl_3_1_DisplayTime()	104	static
../Libraries/Singleton.h:19:27:static T& blib::dp::Singleton<T>::getInstance() [with T = blib::DeviceProtection]	16	static
../Libraries/TestLcd.h:530:18:void blib::LcdSimulate::impl_3_1_DisplayError()	104	static
../Core/Src/main.cpp:148:5:int main()	112	static,ignoring_inline_asm
../Libraries/Singleton.h:19:27:static T& blib::dp::Singleton<T>::getInstance() [with T = blib::SystemManager]	16	static
../Libraries/TestLcd.h:1068:18:void blib::LcdSimulate::impl_3_2_AutoloadCfg()	24	static
../Libraries/TestLcd.h:909:18:void blib::LcdSimulate::impl_3_2_CoolingFan()	24	static
../Libraries/TestLcd.h:555:18:void blib::LcdSimulate::impl_3_1_DisplayControl()	120	static
../Libraries/Singleton.h:19:27:static T& blib::dp::Singleton<T>::getInstance() [with T = Constant]	8	static
../Libraries/TestLcd.h:1023:18:void blib::LcdSimulate::impl_3_2_ShutdownTemp()	80	static
../Libraries/TestLcd.h:977:18:void blib::LcdSimulate::impl_3_2_FanTriggerTemp()	80	static
../Libraries/TestLcd.h:864:18:void blib::LcdSimulate::impl_3_2_ChargingCurrent()	80	static
../Libraries/TestLcd.h:819:18:void blib::LcdSimulate::impl_3_2_MinBatteryVolt()	80	static
../Libraries/TestLcd.h:774:18:void blib::LcdSimulate::impl_3_2_MaxBatteryVolt()	80	static
../Libraries/TestLcd.h:46:21:blib::LcdSimulate::~LcdSimulate()	8	static
../Libraries/TestLcd.h:46:21:virtual blib::LcdSimulate::~LcdSimulate()	8	static
