../Application/Analog.cpp:17:5:blib::Analog::~Analog()	8	static
../Application/Analog.cpp:17:5:virtual blib::Analog::~Analog()	8	static
../Application/Analog.cpp:23:10:void blib::Analog::sampling()	0	static
../Application/Analog.cpp:12:5:blib::Analog::Analog()	8	static
../Application/Analog.cpp:28:11:float blib::Analog::getSolarVoltage() const	0	static
../Application/Analog.cpp:32:11:float blib::Analog::getSolarCurrent() const	0	static
../Application/Analog.cpp:36:11:float blib::Analog::getVout() const	0	static
../Application/Analog.cpp:40:11:float blib::Analog::getIout() const	0	static
../Application/Analog.cpp:44:11:float blib::Analog::getTemp() const	0	static
../Application/Analog.cpp:83:11:float blib::Analog::calSolarVoltage(uint32_t)	8	static
../Application/Analog.cpp:88:11:float blib::Analog::calSolarCurrent(uint32_t)	8	static
../Application/Analog.cpp:95:11:float blib::Analog::calBatteryVoltage(uint32_t)	8	static
../Application/Analog.cpp:99:11:float blib::Analog::calBatteryCurrent(uint32_t)	8	static
../Application/Analog.cpp:106:11:float blib::Analog::calTemperature(uint32_t)	24	static
../Application/Analog.cpp:49:10:void blib::Analog::readAnalog()	24	static
