../Application/ChargeControl.cpp:17:5:blib::ChargeControl::~ChargeControl()	0	static
../Application/ChargeControl.cpp:17:5:virtual blib::ChargeControl::~ChargeControl()	8	static
../MyDriver/Log.h:48:25:static void blib::Logger::print(const char*)	16	static
../Application/ChargeControl.cpp:13:5:blib::ChargeControl::ChargeControl()	0	static
../Application/ChargeControl.cpp:21:10:void blib::ChargeControl::run()	0	static
../Application/ChargeControl.cpp:26:10:void blib::ChargeControl::setBuckEnable(bool)	0	static
../Application/ChargeControl.cpp:30:10:bool blib::ChargeControl::getBuckEnable() const	0	static
../Application/ChargeControl.cpp:34:10:void blib::ChargeControl::setMpptMode(bool)	0	static
../Application/ChargeControl.cpp:38:10:bool blib::ChargeControl::getMpptMode() const	0	static
../Application/ChargeControl.cpp:59:10:void blib::ChargeControl::predictPwm()	0	static
../Application/ChargeControl.cpp:63:10:void blib::ChargeControl::generatePwm()	0	static
../MyDriver/Log.h:35:25:) [with Args = {const char*, int, const char*}]	32	static
../Application/ChargeControl.cpp:43:10:void blib::ChargeControl::buckEnable()	8	static
../Application/ChargeControl.cpp:51:10:void blib::ChargeControl::buckDisable()	8	static
