../MyDriver/Log.h:48:25:static void blib::Logger::print(const char*)	16	static
../Application/Monitor.cpp:162:10:void blib::Monitor::setSettingMode(bool)	0	static
../Application/Monitor.cpp:166:10:bool blib::Monitor::getSetttingMode() const	0	static
../Application/Monitor.cpp:171:10:void blib::Monitor::jumpIn()	0	static
../Application/Monitor.cpp:191:10:void blib::Monitor::jumpOut()	0	static
../Application/Monitor.cpp:215:26:blib::Monitor::ScreenLevel blib::Monitor::getScreenLevel() const	0	static
../Application/Monitor.cpp:219:10:void blib::Monitor::incrementArrowLine()	0	static
../Application/Monitor.cpp:230:10:void blib::Monitor::decrementArrowLine()	0	static
../Application/Monitor.cpp:241:13:uint8_t blib::Monitor::getArrowLine() const	0	static
../Application/Monitor.cpp:246:10:void blib::Monitor::setSettingLevel(blib::Monitor::SettingLevel)	0	static
../Application/Monitor.cpp:261:27:blib::Monitor::SettingLevel blib::Monitor::getSettingLevel() const	0	static
../Application/Monitor.cpp:266:10:void blib::Monitor::setDisplayLevel(blib::Monitor::DisplayLevel)	0	static
../Application/Monitor.cpp:281:27:blib::Monitor::DisplayLevel blib::Monitor::getDisplayLevel() const	0	static
../Application/Monitor.cpp:285:10:bool blib::Monitor::isNeedRefreshLcd()	0	static
../Application/Monitor.cpp:297:10:void blib::Monitor::showArrow()	0	static
../Application/Monitor.cpp:61:10:void blib::Monitor::menuScreen()	16	static
../Application/Monitor.cpp:322:10:void blib::Monitor::showDisplayFactoryReset()	0	static
../MyDriver/Log.h:35:25:) [with Args = {const char*, int, const char*}]	32	static
../Application/Monitor.cpp:25:10:void blib::Monitor::showInit()	16	static
../Application/Monitor.cpp:13:5:blib::Monitor::Monitor()	8	static
../Application/Monitor.cpp:301:10:void blib::Monitor::showDisplayLevel1()	8	static
../Application/Monitor.cpp:305:10:void blib::Monitor::showDisplayLevel2()	8	static
../Application/Monitor.cpp:309:10:void blib::Monitor::showDisplayLevel3()	8	static
../Application/Monitor.cpp:313:10:void blib::Monitor::showDisplayLevel4()	8	static
../Application/Monitor.cpp:317:10:void blib::Monitor::showDisplayChooseSettingMode()	8	static
../Application/Monitor.cpp:131:10:void blib::Monitor::showDisplay()	0	static
../Application/Monitor.cpp:326:10:void blib::Monitor::showSettingSupplyAlgorithm()	8	static
../Application/Monitor.cpp:330:10:void blib::Monitor::showSettingChargerPsuMode()	8	static
../Application/Monitor.cpp:334:10:void blib::Monitor::showSettingMaxBatteryVoltage()	8	static
../Application/Monitor.cpp:338:10:void blib::Monitor::showSettingMinBatteryVoltage()	8	static
../Application/Monitor.cpp:342:10:void blib::Monitor::showSettingChargingCurrent()	8	static
../Application/Monitor.cpp:346:10:void blib::Monitor::showSettingCoolingFan()	8	static
../Application/Monitor.cpp:350:10:void blib::Monitor::showSettingFanTriggerTemp()	8	static
../Application/Monitor.cpp:354:10:void blib::Monitor::showSettingShutdownTemp()	8	static
../Application/Monitor.cpp:358:10:void blib::Monitor::showSettingAutoLoadFeature()	8	static
../Application/Monitor.cpp:362:10:void blib::Monitor::showSettingBackligthSleep()	8	static
../Application/Monitor.cpp:366:10:void blib::Monitor::showSettingFactoryReset()	8	static
../Application/Monitor.cpp:90:10:void blib::Monitor::showSetting()	0	static
../Application/Monitor.cpp:35:10:void blib::Monitor::homeScreen()	160	static
../Application/Monitor.cpp:74:10:void blib::Monitor::showMenu()	0	static
../Application/Monitor.cpp:19:5:blib::Monitor::~Monitor()	8	static
../Application/Monitor.cpp:19:5:virtual blib::Monitor::~Monitor()	8	static
