../Application/Monitor.cpp:17:5:blib::Monitor::~Monitor()	0	static
D:/PROJECT_MPPT/MPPT_Solar_Chagre_Controller/MPPT_Solar_Charge_Controller/DesignPattern/StateMachine/StateMachineBase.h:28:25:blib::dp::StateMachineBase<T>::~StateMachineBase() [with T = blib::Monitor]	0	static
D:/PROJECT_MPPT/MPPT_Solar_Chagre_Controller/MPPT_Solar_Charge_Controller/DesignPattern/StateMachine/StateMachineBase.h:28:25:blib::dp::StateMachineBase<T>::~StateMachineBase() [with T = blib::Monitor]	8	static
../Application/Monitor.cpp:17:5:virtual blib::Monitor::~Monitor()	8	static
../MyDriver/Log.h:48:25:static void blib::Logger::print(const char*)	16	static
../MyDriver/Log.h:35:25:) [with Args = {const char*, int, const char*}]	32	static
../Application/Monitor.cpp:22:10:void blib::Monitor::showVersion()	8	static
../Application/Monitor.cpp:13:5:blib::Monitor::Monitor()	8	static
