../MyDriver/Log.h:48:25:static void blib::Logger::print(const char*)	16	static
../Application/Monitor.cpp:151:10:void blib::Monitor::setSettingMode(bool)	0	static
../Application/Monitor.cpp:155:10:bool blib::Monitor::getSetttingMode() const	0	static
../Application/Monitor.cpp:210:26:blib::Monitor::ScreenLevel blib::Monitor::getScreenLevel() const	0	static
../Application/Monitor.cpp:214:10:void blib::Monitor::incrementArrowLine()	0	static
../Application/Monitor.cpp:225:10:void blib::Monitor::decrementArrowLine()	0	static
../Application/Monitor.cpp:236:13:uint8_t blib::Monitor::getArrowLine() const	0	static
../Application/Monitor.cpp:241:10:void blib::Monitor::setDefaultIndexLine()	0	static
../Application/Monitor.cpp:245:10:void blib::Monitor::setBackIndexLine()	0	static
../Application/Monitor.cpp:250:10:void blib::Monitor::updateLastIndexLine()	0	static
../Application/Monitor.cpp:254:10:void blib::Monitor::incrementIndexLine()	0	static
../Application/Monitor.cpp:287:10:void blib::Monitor::decrementIndexLine()	0	static
../Application/Monitor.cpp:320:13:uint8_t blib::Monitor::getIndexLine() const	0	static
../Application/Monitor.cpp:325:13:uint8_t blib::Monitor::getLastIndexLine() const	0	static
../Application/Monitor.cpp:330:10:void blib::Monitor::setSettingLevel(blib::Monitor::SettingLevel)	0	static
../Application/Monitor.cpp:345:27:blib::Monitor::SettingLevel blib::Monitor::getSettingLevel() const	0	static
../Application/Monitor.cpp:350:10:void blib::Monitor::setDisplayLevel(blib::Monitor::DisplayLevel)	0	static
../Application/Monitor.cpp:365:27:blib::Monitor::DisplayLevel blib::Monitor::getDisplayLevel() const	0	static
../Application/Monitor.cpp:369:10:bool blib::Monitor::isNeedRefreshLcd()	0	static
../Application/Monitor.cpp:381:10:void blib::Monitor::showArrow()	16	static
../Application/Monitor.cpp:62:10:void blib::Monitor::menuScreen()	16	static
../Application/Monitor.cpp:89:10:void blib::Monitor::valueScreen()	16	static
../Application/Monitor.cpp:122:10:void blib::Monitor::showSetting()	304	static
../Application/Monitor.cpp:136:10:void blib::Monitor::showDisplay()	304	static
../Application/Monitor.cpp:74:10:void blib::Monitor::optionScreen()	8	static
../Application/Monitor.cpp:389:10:void blib::Monitor::impl_DisplayOff()	0	static
../Application/Monitor.cpp:394:10:void blib::Monitor::impl_TurnOffBacklight()	0	static
../Application/Monitor.cpp:398:10:void blib::Monitor::impl_DisplayDetectPowerSource()	16	static
../Application/Monitor.cpp:426:10:void blib::Monitor::showDisplayFactoryReset()	0	static
../MyDriver/Log.h:35:25:) [with Args = {const char*, int, const char*}]	32	static
../Application/Monitor.cpp:26:10:void blib::Monitor::showInit()	16	static
../Application/Monitor.cpp:14:5:blib::Monitor::Monitor()	8	static
../Application/Monitor.cpp:160:10:void blib::Monitor::jumpIn()	8	static
../Application/Monitor.cpp:183:10:void blib::Monitor::jumpOut()	8	static
../Application/Monitor.cpp:405:10:void blib::Monitor::showDisplayLevel1()	8	static
../Application/Monitor.cpp:409:10:void blib::Monitor::showDisplayLevel2()	8	static
../Application/Monitor.cpp:413:10:void blib::Monitor::showDisplayLevel3()	8	static
../Application/Monitor.cpp:417:10:void blib::Monitor::showDisplayLevel4()	8	static
../Application/Monitor.cpp:421:10:void blib::Monitor::showDisplayChooseSettingMode()	8	static
../Application/Monitor.cpp:430:10:void blib::Monitor::showSettingSupplyAlgorithm()	8	static
../Application/Monitor.cpp:434:10:void blib::Monitor::showSettingChargerPsuMode()	8	static
../Application/Monitor.cpp:438:10:void blib::Monitor::showSettingMaxBatteryVoltage()	8	static
../Application/Monitor.cpp:442:10:void blib::Monitor::showSettingMinBatteryVoltage()	8	static
../Application/Monitor.cpp:446:10:void blib::Monitor::showSettingChargingCurrent()	8	static
../Application/Monitor.cpp:450:10:void blib::Monitor::showSettingCoolingFan()	8	static
../Application/Monitor.cpp:454:10:void blib::Monitor::showSettingFanTriggerTemp()	8	static
../Application/Monitor.cpp:458:10:void blib::Monitor::showSettingShutdownTemp()	8	static
../Application/Monitor.cpp:462:10:void blib::Monitor::showSettingAutoLoadFeature()	8	static
../Application/Monitor.cpp:466:10:void blib::Monitor::showSettingBackligthSleep()	8	static
../Application/Monitor.cpp:470:10:void blib::Monitor::showSettingFactoryReset()	8	static
../Application/Monitor.cpp:36:10:void blib::Monitor::homeScreen()	160	static
../Application/Monitor.cpp:102:10:void blib::Monitor::showMenu()	0	static
../Application/Monitor.cpp:20:5:blib::Monitor::~Monitor()	8	static
../Application/Monitor.cpp:20:5:virtual blib::Monitor::~Monitor()	8	static
