../Application/Monitor.cpp:18:5:blib::Monitor::~Monitor()	0	static
../Application/Monitor.cpp:18:5:virtual blib::Monitor::~Monitor()	8	static
../MyDriver/Log.h:48:25:static void blib::Logger::print(const char*)	16	static
../Application/Monitor.cpp:119:10:void blib::Monitor::setSettingMode(bool)	0	static
../Application/Monitor.cpp:123:10:bool blib::Monitor::getSetttingMode() const	0	static
../Application/Monitor.cpp:128:10:void blib::Monitor::setFactoryReset(bool)	0	static
../Application/Monitor.cpp:132:10:bool blib::Monitor::getFactoryReset() const	0	static
../Application/Monitor.cpp:136:10:void blib::Monitor::setConfirmFactoryReset(bool)	0	static
../Application/Monitor.cpp:140:10:bool blib::Monitor::getConfirmFactoryReset() const	0	static
../Application/Monitor.cpp:145:10:void blib::Monitor::setSettingLevel(blib::Monitor::SettingLevel)	0	static
../Application/Monitor.cpp:160:27:blib::Monitor::SettingLevel blib::Monitor::getSettingLevel() const	0	static
../Application/Monitor.cpp:165:10:void blib::Monitor::setDisplayLevel(blib::Monitor::DisplayLevel)	0	static
../Application/Monitor.cpp:180:27:blib::Monitor::DisplayLevel blib::Monitor::getDisplayLevel() const	0	static
../MyDriver/Log.h:35:25:) [with Args = {const char*, int, const char*}]	32	static
../Application/Monitor.cpp:24:10:void blib::Monitor::showInit()	8	static
../Application/Monitor.cpp:13:5:blib::Monitor::Monitor()	8	static
../Application/Monitor.cpp:185:10:void blib::Monitor::showDisplayLevel1()	8	static
../Application/Monitor.cpp:189:10:void blib::Monitor::showDisplayLevel2()	8	static
../Application/Monitor.cpp:193:10:void blib::Monitor::showDisplayLevel3()	8	static
../Application/Monitor.cpp:197:10:void blib::Monitor::showDisplayLevel4()	8	static
../Application/Monitor.cpp:201:10:void blib::Monitor::showDisplayChooseSettingMode()	8	static
../Application/Monitor.cpp:206:10:void blib::Monitor::showDisplayFactoryReset()	8	static
../Application/Monitor.cpp:88:10:void blib::Monitor::showDisplay()	0	static
../Application/Monitor.cpp:236:10:void blib::Monitor::showSettingSupplyAlgorithm()	8	static
../Application/Monitor.cpp:240:10:void blib::Monitor::showSettingChargerPsuMode()	8	static
../Application/Monitor.cpp:244:10:void blib::Monitor::showSettingMaxBatteryVoltage()	8	static
../Application/Monitor.cpp:248:10:void blib::Monitor::showSettingMinBatteryVoltage()	8	static
../Application/Monitor.cpp:252:10:void blib::Monitor::showSettingChargingCurrent()	8	static
../Application/Monitor.cpp:256:10:void blib::Monitor::showSettingCoolingFan()	8	static
../Application/Monitor.cpp:260:10:void blib::Monitor::showSettingFanTriggerTemp()	8	static
../Application/Monitor.cpp:264:10:void blib::Monitor::showSettingShutdownTemp()	8	static
../Application/Monitor.cpp:268:10:void blib::Monitor::showSettingAutoLoadFeature()	8	static
../Application/Monitor.cpp:272:10:void blib::Monitor::showSettingBackligthSleep()	8	static
../Application/Monitor.cpp:276:10:void blib::Monitor::showSettingFactoryReset()	8	static
../Application/Monitor.cpp:47:10:void blib::Monitor::showSetting()	0	static
../Application/Monitor.cpp:32:10:void blib::Monitor::showMenu()	0	static
