../Application/SerialMonitor.cpp:20:5:blib::SerialMonitor::~SerialMonitor()	0	static
../Application/SerialMonitor.cpp:20:5:virtual blib::SerialMonitor::~SerialMonitor()	8	static
../MyDriver/Log.h:48:25:static void blib::Logger::print(const char*)	16	static
../Application/SerialMonitor.cpp:16:5:blib::SerialMonitor::SerialMonitor()	0	static
../Application/SerialMonitor.cpp:44:10:void blib::SerialMonitor::setSerialLevel(blib::SerialMonitor::SerialLevel)	0	static
../Application/SerialMonitor.cpp:59:32:blib::SerialMonitor::SerialLevel blib::SerialMonitor::getSerialLevel() const	0	static
../MyDriver/Log.h:35:25:) [with Args = {const char*, int, const char*}]	32	static
../Application/SerialMonitor.cpp:64:10:void blib::SerialMonitor::serialLevel1()	8	static
../Application/SerialMonitor.cpp:71:10:void blib::SerialMonitor::serialLevel2()	8	static
../Application/SerialMonitor.cpp:76:10:void blib::SerialMonitor::serialLevel3()	8	static
../Application/SerialMonitor.cpp:24:10:void blib::SerialMonitor::show()	0	static
