D:/PROJECT_MPPT/MPPT_Solar_Chagre_Controller/MPPT_Solar_Charge_Controller/MyDriver/Log.h:48:25:static void blib::Logger::print(const char*)	24	static
C:\ST\STM32CubeIDE_1.13.2\STM32CubeIDE\plugins\com.st.stm32cube.ide.mcu.externaltools.gnu-tools-for-stm32.11.3.rel1.win32_1.1.1.202309131626\tools\arm-none-eabi\include\c++\11.3.1\arm-none-eabi\thumb\v7e-m+fp\hard\bits\gthr-default.h:229:1:int __gthread_key_delete(__gthread_key_t)	16	static
../Core/Src/main.cpp:64:6:void HAL_GPIO_EXTI_Callback(uint16_t)	40	static
../Core/Src/main.cpp:128:5:int main()	16	static
../Core/Src/main.cpp:181:6:void SystemClock_Config()	160	static
../Core/Src/main.cpp:229:13:void MX_ADC1_Init()	48	static
../Core/Src/main.cpp:295:13:void MX_I2C1_Init()	8	static
../Core/Src/main.cpp:343:13:void MX_USART2_UART_Init()	8	static
../Core/Src/main.cpp:376:13:void MX_DMA_Init()	16	static
../Core/Src/main.cpp:394:13:void MX_GPIO_Init()	40	static
../Core/Src/main.cpp:446:6:void Error_Handler()	4	static,ignoring_inline_asm
D:/PROJECT_MPPT/MPPT_Solar_Chagre_Controller/MPPT_Solar_Charge_Controller/MyDriver/Log.h:35:25:) [with Args = {const char*, int, const char*}]	32	static
D:/PROJECT_MPPT/MPPT_Solar_Chagre_Controller/MPPT_Solar_Charge_Controller/DesignPattern/Singleton/Singleton.h:19:27:static T& blib::dp::Singleton<T>::getInstance() [with T = blib::Button]	16	static
D:/PROJECT_MPPT/MPPT_Solar_Chagre_Controller/MPPT_Solar_Charge_Controller/DesignPattern/Singleton/Singleton.h:19:27:static T& blib::dp::Singleton<T>::getInstance() [with T = blib::Monitor]	16	static
