D:/PROJECT_MPPT/MPPT_Solar_Chagre_Controller/MPPT_Solar_Charge_Controller/MyDriver/Log.h:48:25:static void blib::Logger::print(const char*)	24	static
C:\ST\STM32CubeIDE_1.13.2\STM32CubeIDE\plugins\com.st.stm32cube.ide.mcu.externaltools.gnu-tools-for-stm32.11.3.rel1.win32_1.1.1.202309131626\tools\arm-none-eabi\include\c++\11.3.1\arm-none-eabi\thumb\v7e-m+fp\hard\bits\gthr-default.h:229:1:int __gthread_key_delete(__gthread_key_t)	16	static
D:/PROJECT_MPPT/MPPT_Solar_Chagre_Controller/MPPT_Solar_Charge_Controller/Application/TestLcd.h:33:13:blib::LcdSimulate::LcdSimulate()	16	static
D:/PROJECT_MPPT/MPPT_Solar_Chagre_Controller/MPPT_Solar_Charge_Controller/Application/TestLcd.h:37:21:blib::LcdSimulate::~LcdSimulate()	16	static
D:/PROJECT_MPPT/MPPT_Solar_Chagre_Controller/MPPT_Solar_Charge_Controller/Application/TestLcd.h:37:21:virtual blib::LcdSimulate::~LcdSimulate()	16	static
D:/PROJECT_MPPT/MPPT_Solar_Chagre_Controller/MPPT_Solar_Charge_Controller/Application/TestLcd.h:41:18:void blib::LcdSimulate::run()	16	static
D:/PROJECT_MPPT/MPPT_Solar_Chagre_Controller/MPPT_Solar_Charge_Controller/Application/TestLcd.h:45:18:void blib::LcdSimulate::impl_1_HomeScreen()	24	static
D:/PROJECT_MPPT/MPPT_Solar_Chagre_Controller/MPPT_Solar_Charge_Controller/Application/TestLcd.h:67:18:void blib::LcdSimulate::impl_2_MenuScreen()	24	static
D:/PROJECT_MPPT/MPPT_Solar_Chagre_Controller/MPPT_Solar_Charge_Controller/Application/TestLcd.h:149:18:void blib::LcdSimulate::impl_3_AboutScreen()	24	static
D:/PROJECT_MPPT/MPPT_Solar_Chagre_Controller/MPPT_Solar_Charge_Controller/Application/TestLcd.h:164:18:void blib::LcdSimulate::impl_3_DisplayScroll()	136	static
D:/PROJECT_MPPT/MPPT_Solar_Chagre_Controller/MPPT_Solar_Charge_Controller/Application/TestLcd.h:265:18:void blib::LcdSimulate::impl_3_SettingScroll()	320	static
D:/PROJECT_MPPT/MPPT_Solar_Chagre_Controller/MPPT_Solar_Charge_Controller/Application/TestLcd.h:403:18:void blib::LcdSimulate::impl_3_1_DisplayConfig1()	24	static
D:/PROJECT_MPPT/MPPT_Solar_Chagre_Controller/MPPT_Solar_Charge_Controller/Application/TestLcd.h:434:18:void blib::LcdSimulate::impl_3_1_DisplayConfig2()	24	static
D:/PROJECT_MPPT/MPPT_Solar_Chagre_Controller/MPPT_Solar_Charge_Controller/Application/TestLcd.h:455:18:void blib::LcdSimulate::impl_3_1_DisplayConfig3()	24	static
D:/PROJECT_MPPT/MPPT_Solar_Chagre_Controller/MPPT_Solar_Charge_Controller/Application/TestLcd.h:466:18:void blib::LcdSimulate::impl_3_1_DisplayConfig4()	24	static
D:/PROJECT_MPPT/MPPT_Solar_Chagre_Controller/MPPT_Solar_Charge_Controller/Application/TestLcd.h:488:18:void blib::LcdSimulate::impl_3_2_SupplyAlgorithm()	24	static
D:/PROJECT_MPPT/MPPT_Solar_Chagre_Controller/MPPT_Solar_Charge_Controller/Application/TestLcd.h:543:18:void blib::LcdSimulate::impl_3_2_ChargeMode()	24	static
D:/PROJECT_MPPT/MPPT_Solar_Chagre_Controller/MPPT_Solar_Charge_Controller/Application/TestLcd.h:619:18:void blib::LcdSimulate::impl_3_2_MaxBatteryVolt()	24	static
D:/PROJECT_MPPT/MPPT_Solar_Chagre_Controller/MPPT_Solar_Charge_Controller/Application/TestLcd.h:630:18:void blib::LcdSimulate::impl_3_2_MinBatteryVolt()	24	static
D:/PROJECT_MPPT/MPPT_Solar_Chagre_Controller/MPPT_Solar_Charge_Controller/Application/TestLcd.h:641:18:void blib::LcdSimulate::impl_3_2_ChargingCurrent()	24	static
D:/PROJECT_MPPT/MPPT_Solar_Chagre_Controller/MPPT_Solar_Charge_Controller/Application/TestLcd.h:652:18:void blib::LcdSimulate::impl_3_2_CoolingFan()	24	static
D:/PROJECT_MPPT/MPPT_Solar_Chagre_Controller/MPPT_Solar_Charge_Controller/Application/TestLcd.h:663:18:void blib::LcdSimulate::impl_3_2_FanTriggerTemp()	24	static
D:/PROJECT_MPPT/MPPT_Solar_Chagre_Controller/MPPT_Solar_Charge_Controller/Application/TestLcd.h:674:18:void blib::LcdSimulate::impl_3_2_ShutdownTemp()	24	static
D:/PROJECT_MPPT/MPPT_Solar_Chagre_Controller/MPPT_Solar_Charge_Controller/Application/TestLcd.h:685:18:void blib::LcdSimulate::impl_3_2_AutoloadCfg()	24	static
D:/PROJECT_MPPT/MPPT_Solar_Chagre_Controller/MPPT_Solar_Charge_Controller/Application/TestLcd.h:696:18:void blib::LcdSimulate::impl_3_2_Backlight()	24	static
D:/PROJECT_MPPT/MPPT_Solar_Chagre_Controller/MPPT_Solar_Charge_Controller/Application/TestLcd.h:707:18:void blib::LcdSimulate::impl_3_2_FactoryReset()	24	static
../Core/Src/main.cpp:71:6:void HAL_GPIO_EXTI_Callback(uint16_t)	40	static
../Core/Src/main.cpp:125:6:void HAL_ADC_ConvCpltCallback(ADC_HandleTypeDef*)	16	static
../Core/Src/main.cpp:140:5:int main()	24	static
../Core/Src/main.cpp:202:6:void SystemClock_Config()	160	static
../Core/Src/main.cpp:252:13:void MX_ADC1_Init()	48	static
../Core/Src/main.cpp:326:13:void MX_I2C1_Init()	8	static
../Core/Src/main.cpp:374:13:void MX_TIM2_Init()	48	static
../Core/Src/main.cpp:423:13:void MX_USART2_UART_Init()	8	static
../Core/Src/main.cpp:456:13:void MX_DMA_Init()	16	static
../Core/Src/main.cpp:474:13:void MX_GPIO_Init()	40	static
../Core/Src/main.cpp:546:6:void Error_Handler()	4	static,ignoring_inline_asm
D:/PROJECT_MPPT/MPPT_Solar_Chagre_Controller/MPPT_Solar_Charge_Controller/DesignPattern/Singleton/Singleton.h:38:17:blib::dp::Singleton<T>::Singleton() [with T = blib::LcdSimulate]	16	static
D:/PROJECT_MPPT/MPPT_Solar_Chagre_Controller/MPPT_Solar_Charge_Controller/DesignPattern/Singleton/Singleton.h:41:25:blib::dp::Singleton<T>::~Singleton() [with T = blib::LcdSimulate]	16	static
D:/PROJECT_MPPT/MPPT_Solar_Chagre_Controller/MPPT_Solar_Charge_Controller/DesignPattern/Singleton/Singleton.h:41:25:blib::dp::Singleton<T>::~Singleton() [with T = blib::LcdSimulate]	16	static
D:/PROJECT_MPPT/MPPT_Solar_Chagre_Controller/MPPT_Solar_Charge_Controller/DesignPattern/Singleton/Singleton.h:19:27:static T& blib::dp::Singleton<T>::getInstance() [with T = blib::LcdSimulate]	16	static
D:/PROJECT_MPPT/MPPT_Solar_Chagre_Controller/MPPT_Solar_Charge_Controller/DesignPattern/Singleton/Singleton.h:19:27:static T& blib::dp::Singleton<T>::getInstance() [with T = blib::Button]	16	static
D:/PROJECT_MPPT/MPPT_Solar_Chagre_Controller/MPPT_Solar_Charge_Controller/MyDriver/Log.h:35:25:) [with Args = {const char*, int, const char*}]	32	static
D:/PROJECT_MPPT/MPPT_Solar_Chagre_Controller/MPPT_Solar_Charge_Controller/DesignPattern/Singleton/Singleton.h:19:27:static T& blib::dp::Singleton<T>::getInstance() [with T = blib::Analog]	16	static
D:/PROJECT_MPPT/MPPT_Solar_Chagre_Controller/MPPT_Solar_Charge_Controller/DesignPattern/Singleton/Singleton.h:19:27:static T& blib::dp::Singleton<T>::getInstance() [with T = blib::Monitor]	16	static
D:/PROJECT_MPPT/MPPT_Solar_Chagre_Controller/MPPT_Solar_Charge_Controller/DesignPattern/Singleton/Singleton.h:19:27:static T& blib::dp::Singleton<T>::getInstance() [with T = blib::ChargeControl]	16	static
