D:/PROJECT_MPPT/MPPT_Solar_Chagre_Controller/MPPT_Solar_Charge_Controller/MyDriver/Log.h:48:25:static void blib::Logger::print(const char*)	24	static
C:\ST\STM32CubeIDE_1.13.2\STM32CubeIDE\plugins\com.st.stm32cube.ide.mcu.externaltools.gnu-tools-for-stm32.11.3.rel1.win32_1.1.1.202309131626\tools\arm-none-eabi\include\c++\11.3.1\arm-none-eabi\thumb\v7e-m+fp\hard\bits\gthr-default.h:229:1:int __gthread_key_delete(__gthread_key_t)	16	static
D:/PROJECT_MPPT/MPPT_Solar_Chagre_Controller/MPPT_Solar_Charge_Controller/Application/SystemManager.h:30:13:blib::SystemManager::SystemManager()	16	static
D:/PROJECT_MPPT/MPPT_Solar_Chagre_Controller/MPPT_Solar_Charge_Controller/Application/SystemManager.h:34:21:blib::SystemManager::~SystemManager()	16	static
D:/PROJECT_MPPT/MPPT_Solar_Chagre_Controller/MPPT_Solar_Charge_Controller/Application/SystemManager.h:34:21:virtual blib::SystemManager::~SystemManager()	16	static
D:/PROJECT_MPPT/MPPT_Solar_Chagre_Controller/MPPT_Solar_Charge_Controller/Application/TestLcd.h:35:13:blib::LcdSimulate::LcdSimulate()	16	static
D:/PROJECT_MPPT/MPPT_Solar_Chagre_Controller/MPPT_Solar_Charge_Controller/Application/TestLcd.h:46:21:blib::LcdSimulate::~LcdSimulate()	16	static
D:/PROJECT_MPPT/MPPT_Solar_Chagre_Controller/MPPT_Solar_Charge_Controller/Application/TestLcd.h:46:21:virtual blib::LcdSimulate::~LcdSimulate()	16	static
D:/PROJECT_MPPT/MPPT_Solar_Chagre_Controller/MPPT_Solar_Charge_Controller/Application/TestLcd.h:50:18:void blib::LcdSimulate::run()	16	static
D:/PROJECT_MPPT/MPPT_Solar_Chagre_Controller/MPPT_Solar_Charge_Controller/Application/TestLcd.h:54:18:void blib::LcdSimulate::impl_1_HomeScreen()	160	static
D:/PROJECT_MPPT/MPPT_Solar_Chagre_Controller/MPPT_Solar_Charge_Controller/Application/TestLcd.h:96:18:void blib::LcdSimulate::impl_2_MenuScreen()	24	static
D:/PROJECT_MPPT/MPPT_Solar_Chagre_Controller/MPPT_Solar_Charge_Controller/Application/TestLcd.h:175:18:void blib::LcdSimulate::impl_3_AboutScreen()	24	static
D:/PROJECT_MPPT/MPPT_Solar_Chagre_Controller/MPPT_Solar_Charge_Controller/Application/TestLcd.h:192:18:void blib::LcdSimulate::impl_3_DisplayScroll()	136	static
D:/PROJECT_MPPT/MPPT_Solar_Chagre_Controller/MPPT_Solar_Charge_Controller/Application/TestLcd.h:326:18:void blib::LcdSimulate::impl_3_SettingScroll()	280	static
D:/PROJECT_MPPT/MPPT_Solar_Chagre_Controller/MPPT_Solar_Charge_Controller/Application/TestLcd.h:506:18:void blib::LcdSimulate::impl_3_1_DisplayTime()	104	static
D:/PROJECT_MPPT/MPPT_Solar_Chagre_Controller/MPPT_Solar_Charge_Controller/Application/TestLcd.h:530:18:void blib::LcdSimulate::impl_3_1_DisplayError()	104	static
D:/PROJECT_MPPT/MPPT_Solar_Chagre_Controller/MPPT_Solar_Charge_Controller/Application/TestLcd.h:555:18:void blib::LcdSimulate::impl_3_1_DisplayControl()	128	static
D:/PROJECT_MPPT/MPPT_Solar_Chagre_Controller/MPPT_Solar_Charge_Controller/Application/TestLcd.h:582:18:void blib::LcdSimulate::impl_3_1_DisplayConfig4()	24	static
D:/PROJECT_MPPT/MPPT_Solar_Chagre_Controller/MPPT_Solar_Charge_Controller/Application/TestLcd.h:604:18:void blib::LcdSimulate::impl_3_2_SupplyAlgorithm()	24	static
D:/PROJECT_MPPT/MPPT_Solar_Chagre_Controller/MPPT_Solar_Charge_Controller/Application/TestLcd.h:676:18:void blib::LcdSimulate::impl_3_2_ChargeMode()	32	static
D:/PROJECT_MPPT/MPPT_Solar_Chagre_Controller/MPPT_Solar_Charge_Controller/Application/TestLcd.h:774:18:void blib::LcdSimulate::impl_3_2_MaxBatteryVolt()	80	static
D:/PROJECT_MPPT/MPPT_Solar_Chagre_Controller/MPPT_Solar_Charge_Controller/Application/TestLcd.h:819:18:void blib::LcdSimulate::impl_3_2_MinBatteryVolt()	80	static
D:/PROJECT_MPPT/MPPT_Solar_Chagre_Controller/MPPT_Solar_Charge_Controller/Application/TestLcd.h:864:18:void blib::LcdSimulate::impl_3_2_ChargingCurrent()	80	static
D:/PROJECT_MPPT/MPPT_Solar_Chagre_Controller/MPPT_Solar_Charge_Controller/Application/TestLcd.h:909:18:void blib::LcdSimulate::impl_3_2_CoolingFan()	24	static
D:/PROJECT_MPPT/MPPT_Solar_Chagre_Controller/MPPT_Solar_Charge_Controller/Application/TestLcd.h:977:18:void blib::LcdSimulate::impl_3_2_FanTriggerTemp()	80	static
D:/PROJECT_MPPT/MPPT_Solar_Chagre_Controller/MPPT_Solar_Charge_Controller/Application/TestLcd.h:1023:18:void blib::LcdSimulate::impl_3_2_ShutdownTemp()	80	static
D:/PROJECT_MPPT/MPPT_Solar_Chagre_Controller/MPPT_Solar_Charge_Controller/Application/TestLcd.h:1068:18:void blib::LcdSimulate::impl_3_2_AutoloadCfg()	24	static
D:/PROJECT_MPPT/MPPT_Solar_Chagre_Controller/MPPT_Solar_Charge_Controller/Application/TestLcd.h:1136:18:void blib::LcdSimulate::impl_3_1_Settime()	88	static
D:/PROJECT_MPPT/MPPT_Solar_Chagre_Controller/MPPT_Solar_Charge_Controller/Application/TestLcd.h:1230:18:void blib::LcdSimulate::impl_3_2_FactoryReset()	24	static
../Core/Src/main.cpp:74:6:void HAL_GPIO_EXTI_Callback(uint16_t)	40	static
../Core/Src/main.cpp:129:6:void HAL_ADC_ConvCpltCallback(ADC_HandleTypeDef*)	16	static
../Core/Src/main.cpp:145:5:int main()	32	static
../Core/Src/main.cpp:209:6:void SystemClock_Config()	160	static
../Core/Src/main.cpp:261:13:void MX_ADC1_Init()	48	static
../Core/Src/main.cpp:335:13:void MX_I2C1_Init()	8	static
../Core/Src/main.cpp:383:13:void MX_RTC_Init()	32	static
../Core/Src/main.cpp:446:13:void MX_TIM2_Init()	64	static
../Core/Src/main.cpp:505:13:void MX_USART2_UART_Init()	8	static
../Core/Src/main.cpp:538:13:void MX_DMA_Init()	16	static
../Core/Src/main.cpp:556:13:void MX_GPIO_Init()	40	static
../Core/Src/main.cpp:628:6:void Error_Handler()	4	static,ignoring_inline_asm
D:/PROJECT_MPPT/MPPT_Solar_Chagre_Controller/MPPT_Solar_Charge_Controller/DesignPattern/Singleton/Singleton.h:38:17:blib::dp::Singleton<T>::Singleton() [with T = blib::SystemManager]	16	static
D:/PROJECT_MPPT/MPPT_Solar_Chagre_Controller/MPPT_Solar_Charge_Controller/DesignPattern/Singleton/Singleton.h:41:25:blib::dp::Singleton<T>::~Singleton() [with T = blib::SystemManager]	16	static
D:/PROJECT_MPPT/MPPT_Solar_Chagre_Controller/MPPT_Solar_Charge_Controller/DesignPattern/Singleton/Singleton.h:41:25:blib::dp::Singleton<T>::~Singleton() [with T = blib::SystemManager]	16	static
D:/PROJECT_MPPT/MPPT_Solar_Chagre_Controller/MPPT_Solar_Charge_Controller/DesignPattern/Singleton/Singleton.h:19:27:static T& blib::dp::Singleton<T>::getInstance() [with T = blib::Analog]	16	static
D:/PROJECT_MPPT/MPPT_Solar_Chagre_Controller/MPPT_Solar_Charge_Controller/DesignPattern/Singleton/Singleton.h:19:27:static T& blib::dp::Singleton<T>::getInstance() [with T = blib::ChargeControl]	16	static
D:/PROJECT_MPPT/MPPT_Solar_Chagre_Controller/MPPT_Solar_Charge_Controller/DesignPattern/Singleton/Singleton.h:38:17:blib::dp::Singleton<T>::Singleton() [with T = blib::LcdSimulate]	16	static
D:/PROJECT_MPPT/MPPT_Solar_Chagre_Controller/MPPT_Solar_Charge_Controller/DesignPattern/Singleton/Singleton.h:41:25:blib::dp::Singleton<T>::~Singleton() [with T = blib::LcdSimulate]	16	static
D:/PROJECT_MPPT/MPPT_Solar_Chagre_Controller/MPPT_Solar_Charge_Controller/DesignPattern/Singleton/Singleton.h:41:25:blib::dp::Singleton<T>::~Singleton() [with T = blib::LcdSimulate]	16	static
D:/PROJECT_MPPT/MPPT_Solar_Chagre_Controller/MPPT_Solar_Charge_Controller/DesignPattern/Singleton/Singleton.h:19:27:static T& blib::dp::Singleton<T>::getInstance() [with T = blib::LcdSimulate]	16	static
D:/PROJECT_MPPT/MPPT_Solar_Chagre_Controller/MPPT_Solar_Charge_Controller/DesignPattern/Singleton/Singleton.h:19:27:static T& blib::dp::Singleton<T>::getInstance() [with T = blib::Button]	16	static
D:/PROJECT_MPPT/MPPT_Solar_Chagre_Controller/MPPT_Solar_Charge_Controller/MyDriver/Log.h:35:25:) [with Args = {const char*, int, const char*}]	32	static
D:/PROJECT_MPPT/MPPT_Solar_Chagre_Controller/MPPT_Solar_Charge_Controller/DesignPattern/Singleton/Singleton.h:19:27:static T& blib::dp::Singleton<T>::getInstance() [with T = blib::DeviceProtection]	16	static
D:/PROJECT_MPPT/MPPT_Solar_Chagre_Controller/MPPT_Solar_Charge_Controller/DesignPattern/Singleton/Singleton.h:19:27:static T& blib::dp::Singleton<T>::getInstance() [with T = blib::SystemManager]	16	static
D:/PROJECT_MPPT/MPPT_Solar_Chagre_Controller/MPPT_Solar_Charge_Controller/Application/Constant.h:23:7:Constant::Constant()	16	static
D:/PROJECT_MPPT/MPPT_Solar_Chagre_Controller/MPPT_Solar_Charge_Controller/DesignPattern/Singleton/Singleton.h:19:27:static T& blib::dp::Singleton<T>::getInstance() [with T = Constant]	16	static
D:/PROJECT_MPPT/MPPT_Solar_Chagre_Controller/MPPT_Solar_Charge_Controller/DesignPattern/Singleton/Singleton.h:19:27:static T& blib::dp::Singleton<T>::getInstance() [with T = blib::SerialMonitor]	16	static
D:/PROJECT_MPPT/MPPT_Solar_Chagre_Controller/MPPT_Solar_Charge_Controller/DesignPattern/Singleton/Singleton.h:38:17:blib::dp::Singleton<T>::Singleton() [with T = Constant]	16	static
D:/PROJECT_MPPT/MPPT_Solar_Chagre_Controller/MPPT_Solar_Charge_Controller/DesignPattern/Singleton/Singleton.h:41:25:blib::dp::Singleton<T>::~Singleton() [with T = Constant]	16	static
D:/PROJECT_MPPT/MPPT_Solar_Chagre_Controller/MPPT_Solar_Charge_Controller/DesignPattern/Singleton/Singleton.h:41:25:blib::dp::Singleton<T>::~Singleton() [with T = Constant]	16	static
D:/PROJECT_MPPT/MPPT_Solar_Chagre_Controller/MPPT_Solar_Charge_Controller/Application/Constant.h:23:7:Constant::~Constant()	16	static
D:/PROJECT_MPPT/MPPT_Solar_Chagre_Controller/MPPT_Solar_Charge_Controller/Application/Constant.h:23:7:virtual Constant::~Constant()	16	static
