Archive member included to satisfy reference by file (symbol)

C:/ST/STM32CubeIDE_1.13.2/STM32CubeIDE/plugins/com.st.stm32cube.ide.mcu.externaltools.gnu-tools-for-stm32.11.3.rel1.win32_1.1.1.202309131626/tools/bin/../lib/gcc/arm-none-eabi/11.3.1/../../../../arm-none-eabi/lib/thumb/v7e-m+fp/hard\libstdc++_nano.a(del_ops.o)
                              ./Application/Analog.o (operator delete(void*, unsigned int))
C:/ST/STM32CubeIDE_1.13.2/STM32CubeIDE/plugins/com.st.stm32cube.ide.mcu.externaltools.gnu-tools-for-stm32.11.3.rel1.win32_1.1.1.202309131626/tools/bin/../lib/gcc/arm-none-eabi/11.3.1/../../../../arm-none-eabi/lib/thumb/v7e-m+fp/hard\libstdc++_nano.a(new_op.o)
                              ./Application/Monitor.o (operator new(unsigned int))
C:/ST/STM32CubeIDE_1.13.2/STM32CubeIDE/plugins/com.st.stm32cube.ide.mcu.externaltools.gnu-tools-for-stm32.11.3.rel1.win32_1.1.1.202309131626/tools/bin/../lib/gcc/arm-none-eabi/11.3.1/../../../../arm-none-eabi/lib/thumb/v7e-m+fp/hard\libstdc++_nano.a(del_op.o)
                              C:/ST/STM32CubeIDE_1.13.2/STM32CubeIDE/plugins/com.st.stm32cube.ide.mcu.externaltools.gnu-tools-for-stm32.11.3.rel1.win32_1.1.1.202309131626/tools/bin/../lib/gcc/arm-none-eabi/11.3.1/../../../../arm-none-eabi/lib/thumb/v7e-m+fp/hard\libstdc++_nano.a(del_ops.o) (operator delete(void*))
C:/ST/STM32CubeIDE_1.13.2/STM32CubeIDE/plugins/com.st.stm32cube.ide.mcu.externaltools.gnu-tools-for-stm32.11.3.rel1.win32_1.1.1.202309131626/tools/bin/../lib/gcc/arm-none-eabi/11.3.1/../../../../arm-none-eabi/lib/thumb/v7e-m+fp/hard\libstdc++_nano.a(new_handler.o)
                              C:/ST/STM32CubeIDE_1.13.2/STM32CubeIDE/plugins/com.st.stm32cube.ide.mcu.externaltools.gnu-tools-for-stm32.11.3.rel1.win32_1.1.1.202309131626/tools/bin/../lib/gcc/arm-none-eabi/11.3.1/../../../../arm-none-eabi/lib/thumb/v7e-m+fp/hard\libstdc++_nano.a(new_op.o) (std::get_new_handler())
C:/ST/STM32CubeIDE_1.13.2/STM32CubeIDE/plugins/com.st.stm32cube.ide.mcu.externaltools.gnu-tools-for-stm32.11.3.rel1.win32_1.1.1.202309131626/tools/bin/../lib/gcc/arm-none-eabi/11.3.1/../../../../arm-none-eabi/lib/thumb/v7e-m+fp/hard\libc_nano.a(libc_a-abort.o)
                              C:/ST/STM32CubeIDE_1.13.2/STM32CubeIDE/plugins/com.st.stm32cube.ide.mcu.externaltools.gnu-tools-for-stm32.11.3.rel1.win32_1.1.1.202309131626/tools/bin/../lib/gcc/arm-none-eabi/11.3.1/../../../../arm-none-eabi/lib/thumb/v7e-m+fp/hard\libstdc++_nano.a(new_op.o) (abort)
C:/ST/STM32CubeIDE_1.13.2/STM32CubeIDE/plugins/com.st.stm32cube.ide.mcu.externaltools.gnu-tools-for-stm32.11.3.rel1.win32_1.1.1.202309131626/tools/bin/../lib/gcc/arm-none-eabi/11.3.1/../../../../arm-none-eabi/lib/thumb/v7e-m+fp/hard\libc_nano.a(libc_a-exit.o)
                              C:/ST/STM32CubeIDE_1.13.2/STM32CubeIDE/plugins/com.st.stm32cube.ide.mcu.externaltools.gnu-tools-for-stm32.11.3.rel1.win32_1.1.1.202309131626/tools/bin/../lib/gcc/arm-none-eabi/11.3.1/../../../../arm-none-eabi/lib/thumb/v7e-m+fp/hard/crt0.o (exit)
C:/ST/STM32CubeIDE_1.13.2/STM32CubeIDE/plugins/com.st.stm32cube.ide.mcu.externaltools.gnu-tools-for-stm32.11.3.rel1.win32_1.1.1.202309131626/tools/bin/../lib/gcc/arm-none-eabi/11.3.1/../../../../arm-none-eabi/lib/thumb/v7e-m+fp/hard\libc_nano.a(libc_a-malloc.o)
                              C:/ST/STM32CubeIDE_1.13.2/STM32CubeIDE/plugins/com.st.stm32cube.ide.mcu.externaltools.gnu-tools-for-stm32.11.3.rel1.win32_1.1.1.202309131626/tools/bin/../lib/gcc/arm-none-eabi/11.3.1/../../../../arm-none-eabi/lib/thumb/v7e-m+fp/hard\libstdc++_nano.a(new_op.o) (malloc)
C:/ST/STM32CubeIDE_1.13.2/STM32CubeIDE/plugins/com.st.stm32cube.ide.mcu.externaltools.gnu-tools-for-stm32.11.3.rel1.win32_1.1.1.202309131626/tools/bin/../lib/gcc/arm-none-eabi/11.3.1/../../../../arm-none-eabi/lib/thumb/v7e-m+fp/hard\libc_nano.a(libc_a-mallocr.o)
                              C:/ST/STM32CubeIDE_1.13.2/STM32CubeIDE/plugins/com.st.stm32cube.ide.mcu.externaltools.gnu-tools-for-stm32.11.3.rel1.win32_1.1.1.202309131626/tools/bin/../lib/gcc/arm-none-eabi/11.3.1/../../../../arm-none-eabi/lib/thumb/v7e-m+fp/hard\libc_nano.a(libc_a-malloc.o) (_malloc_r)
C:/ST/STM32CubeIDE_1.13.2/STM32CubeIDE/plugins/com.st.stm32cube.ide.mcu.externaltools.gnu-tools-for-stm32.11.3.rel1.win32_1.1.1.202309131626/tools/bin/../lib/gcc/arm-none-eabi/11.3.1/../../../../arm-none-eabi/lib/thumb/v7e-m+fp/hard\libc_nano.a(libc_a-mlock.o)
                              C:/ST/STM32CubeIDE_1.13.2/STM32CubeIDE/plugins/com.st.stm32cube.ide.mcu.externaltools.gnu-tools-for-stm32.11.3.rel1.win32_1.1.1.202309131626/tools/bin/../lib/gcc/arm-none-eabi/11.3.1/../../../../arm-none-eabi/lib/thumb/v7e-m+fp/hard\libc_nano.a(libc_a-mallocr.o) (__malloc_lock)
C:/ST/STM32CubeIDE_1.13.2/STM32CubeIDE/plugins/com.st.stm32cube.ide.mcu.externaltools.gnu-tools-for-stm32.11.3.rel1.win32_1.1.1.202309131626/tools/bin/../lib/gcc/arm-none-eabi/11.3.1/../../../../arm-none-eabi/lib/thumb/v7e-m+fp/hard\libc_nano.a(libc_a-nano-vfprintf_float.o)
[...]
Memory Configuration

Name             Origin             Length             Attributes
CCMRAM           0x0000000010000000 0x0000000000004000 xrw
RAM              0x0000000020000000 0x0000000000010000 xrw
FLASH            0x0000000008000000 0x0000000000080000 xr
*default*        0x0000000000000000 0xffffffffffffffff

Linker script and memory map

LOAD C:/ST/STM32CubeIDE_1.13.2/STM32CubeIDE/plugins/com.st.stm32cube.ide.mcu.externaltools.gnu-tools-for-stm32.11.3.rel1.win32_1.1.1.202309131626/tools/bin/../lib/gcc/arm-none-eabi/11.3.1/thumb/v7e-m+fp/hard/crti.o
LOAD C:/ST/STM32CubeIDE_1.13.2/STM32CubeIDE/plugins/com.st.stm32cube.ide.mcu.externaltools.gnu-tools-for-stm32.11.3.rel1.win32_1.1.1.202309131626/tools/bin/../lib/gcc/arm-none-eabi/11.3.1/thumb/v7e-m+fp/hard/crtbegin.o
LOAD C:/ST/STM32CubeIDE_1.13.2/STM32CubeIDE/plugins/com.st.stm32cube.ide.mcu.externaltools.gnu-tools-for-stm32.11.3.rel1.win32_1.1.1.202309131626/tools/bin/../lib/gcc/arm-none-eabi/11.3.1/../../../../arm-none-eabi/lib/thumb/v7e-m+fp/hard/crt0.o
LOAD ./Application/Analog.o
LOAD ./Application/ChargeControl.o
LOAD ./Application/Monitor.o
LOAD ./Application/SerialMonitor.o
LOAD ./Application/SystemManager.o
LOAD ./Core/Src/main.o
LOAD ./Core/Src/stm32f3xx_hal_msp.o
LOAD ./Core/Src/stm32f3xx_it.o
LOAD ./Core/Src/syscalls.o
LOAD ./Core/Src/sysmem.o
LOAD ./Core/Src/system_stm32f3xx.o
LOAD ./Core/Startup/startup_stm32f303retx.o
LOAD ./Drivers/STM32F3xx_HAL_Driver/Src/stm32f3xx_hal.o
LOAD ./Drivers/STM32F3xx_HAL_Driver/Src/stm32f3xx_hal_adc.o
LOAD ./Drivers/STM32F3xx_HAL_Driver/Src/stm32f3xx_hal_adc_ex.o
LOAD ./Drivers/STM32F3xx_HAL_Driver/Src/stm32f3xx_hal_cortex.o
LOAD ./Drivers/STM32F3xx_HAL_Driver/Src/stm32f3xx_hal_dma.o
LOAD ./Drivers/STM32F3xx_HAL_Driver/Src/stm32f3xx_hal_exti.o
LOAD ./Drivers/STM32F3xx_HAL_Driver/Src/stm32f3xx_hal_flash.o
LOAD ./Drivers/STM32F3xx_HAL_Driver/Src/stm32f3xx_hal_flash_ex.o
LOAD ./Drivers/STM32F3xx_HAL_Driver/Src/stm32f3xx_hal_gpio.o
LOAD ./Drivers/STM32F3xx_HAL_Driver/Src/stm32f3xx_hal_i2c.o
LOAD ./Drivers/STM32F3xx_HAL_Driver/Src/stm32f3xx_hal_i2c_ex.o
LOAD ./Drivers/STM32F3xx_HAL_Driver/Src/stm32f3xx_hal_pwr.o
LOAD ./Drivers/STM32F3xx_HAL_Driver/Src/stm32f3xx_hal_pwr_ex.o
LOAD ./Drivers/STM32F3xx_HAL_Driver/Src/stm32f3xx_hal_rcc.o
LOAD ./Drivers/STM32F3xx_HAL_Driver/Src/stm32f3xx_hal_rcc_ex.o
LOAD ./Drivers/STM32F3xx_HAL_Driver/Src/stm32f3xx_hal_tim.o
LOAD ./Drivers/STM32F3xx_HAL_Driver/Src/stm32f3xx_hal_tim_ex.o
LOAD ./Drivers/STM32F3xx_HAL_Driver/Src/stm32f3xx_hal_uart.o
LOAD ./Drivers/STM32F3xx_HAL_Driver/Src/stm32f3xx_hal_uart_ex.o
LOAD ./MyDriver/Button.o
LOAD ./MyDriver/Lcd.o
LOAD ./MyDriver/Log.o
START GROUP
LOAD C:/ST/STM32CubeIDE_1.13.2/STM32CubeIDE/plugins/com.st.stm32cube.ide.mcu.externaltools.gnu-tools-for-stm32.11.3.rel1.win32_1.1.1.202309131626/tools/bin/../lib/gcc/arm-none-eabi/11.3.1/../../../../arm-none-eabi/lib/thumb/v7e-m+fp/hard\libstdc++_nano.a
LOAD C:/ST/STM32CubeIDE_1.13.2/STM32CubeIDE/plugins/com.st.stm32cube.ide.mcu.externaltools.gnu-tools-for-stm32.11.3.rel1.win32_1.1.1.202309131626/tools/bin/../lib/gcc/arm-none-eabi/11.3.1/../../../../arm-none-eabi/lib/thumb/v7e-m+fp/hard\libsupc++_nano.a
END GROUP
LOAD C:/ST/STM32CubeIDE_1.13.2/STM32CubeIDE/plugins/com.st.stm32cube.ide.mcu.externaltools.gnu-tools-for-stm32.11.3.rel1.win32_1.1.1.202309131626/tools/bin/../lib/gcc/arm-none-eabi/11.3.1/../../../../arm-none-eabi/lib/thumb/v7e-m+fp/hard\libstdc++_nano.a
LOAD C:/ST/STM32CubeIDE_1.13.2/STM32CubeIDE/plugins/com.st.stm32cube.ide.mcu.externaltools.gnu-tools-for-stm32.11.3.rel1.win32_1.1.1.202309131626/tools/bin/../lib/gcc/arm-none-eabi/11.3.1/../../../../arm-none-eabi/lib/thumb/v7e-m+fp/hard\libm.a
LOAD C:/ST/STM32CubeIDE_1.13.2/STM32CubeIDE/plugins/com.st.stm32cube.ide.mcu.externaltools.gnu-tools-for-stm32.11.3.rel1.win32_1.1.1.202309131626/tools/bin/../lib/gcc/arm-none-eabi/11.3.1/../../../../arm-none-eabi/lib/thumb/v7e-m+fp/hard\libc_nano.a
START GROUP
LOAD C:/ST/STM32CubeIDE_1.13.2/STM32CubeIDE/plugins/com.st.stm32cube.ide.mcu.externaltools.gnu-tools-for-stm32.11.3.rel1.win32_1.1.1.202309131626/tools/bin/../lib/gcc/arm-none-eabi/11.3.1/thumb/v7e-m+fp/hard\libgcc.a
LOAD C:/ST/STM32CubeIDE_1.13.2/STM32CubeIDE/plugins/com.st.stm32cube.ide.mcu.externaltools.gnu-tools-for-stm32.11.3.rel1.win32_1.1.1.202309131626/tools/bin/../lib/gcc/arm-none-eabi/11.3.1/../../../../arm-none-eabi/lib/thumb/v7e-m+fp/hard\libc_nano.a
END GROUP
START GROUP
LOAD C:/ST/STM32CubeIDE_1.13.2/STM32CubeIDE/plugins/com.st.stm32cube.ide.mcu.externaltools.gnu-tools-for-stm32.11.3.rel1.win32_1.1.1.202309131626/tools/bin/../lib/gcc/arm-none-eabi/11.3.1/thumb/v7e-m+fp/hard\libgcc.a
LOAD C:/ST/STM32CubeIDE_1.13.2/STM32CubeIDE/plugins/com.st.stm32cube.ide.mcu.externaltools.gnu-tools-for-stm32.11.3.rel1.win32_1.1.1.202309131626/tools/bin/../lib/gcc/arm-none-eabi/11.3.1/../../../../arm-none-eabi/lib/thumb/v7e-m+fp/hard\libc_nano.a
LOAD C:/ST/STM32CubeIDE_1.13.2/STM32CubeIDE/plugins/com.st.stm32cube.ide.mcu.externaltools.gnu-tools-for-stm32.11.3.rel1.win32_1.1.1.202309131626/tools/bin/../lib/gcc/arm-none-eabi/11.3.1/../../../../arm-none-eabi/lib/thumb/v7e-m+fp/hard\libnosys.a
END GROUP
START GROUP
LOAD C:/ST/STM32CubeIDE_1.13.2/STM32CubeIDE/plugins/com.st.stm32cube.ide.mcu.externaltools.gnu-tools-for-stm32.11.3.rel1.win32_1.1.1.202309131626/tools/bin/../lib/gcc/arm-none-eabi/11.3.1/thumb/v7e-m+fp/hard\libgcc.a
LOAD C:/ST/STM32CubeIDE_1.13.2/STM32CubeIDE/plugins/com.st.stm32cube.ide.mcu.externaltools.gnu-tools-for-stm32.11.3.rel1.win32_1.1.1.202309131626/tools/bin/../lib/gcc/arm-none-eabi/11.3.1/../../../../arm-none-eabi/lib/thumb/v7e-m+fp/hard\libc_nano.a
LOAD C:/ST/STM32CubeIDE_1.13.2/STM32CubeIDE/plugins/com.st.stm32cube.ide.mcu.externaltools.gnu-tools-for-stm32.11.3.rel1.win32_1.1.1.202309131626/tools/bin/../lib/gcc/arm-none-eabi/11.3.1/../../../../arm-none-eabi/lib/thumb/v7e-m+fp/hard\libnosys.a
END GROUP
LOAD C:/ST/STM32CubeIDE_1.13.2/STM32CubeIDE/plugins/com.st.stm32cube.ide.mcu.externaltools.gnu-tools-for-stm32.11.3.rel1.win32_1.1.1.202309131626/tools/bin/../lib/gcc/arm-none-eabi/11.3.1/thumb/v7e-m+fp/hard/crtend.o
LOAD C:/ST/STM32CubeIDE_1.13.2/STM32CubeIDE/plugins/com.st.stm32cube.ide.mcu.externaltools.gnu-tools-for-stm32.11.3.rel1.win32_1.1.1.202309131626/tools/bin/../lib/gcc/arm-none-eabi/11.3.1/thumb/v7e-m+fp/hard/crtn.o
                0x0000000020010000                _estack = (ORIGIN (RAM) + LENGTH (RAM))
                0x0000000000000200                _Min_Heap_Size = 0x200
                0x0000000000000400                _Min_Stack_Size = 0x400

.isr_vector     0x0000000008000000      0x194
                0x0000000008000000                . = ALIGN (0x4)
 *(.isr_vector)
 .isr_vector    0x0000000008000000      0x194 ./Core/Startup/startup_stm32f303retx.o
                0x0000000008000000                g_pfnVectors
                0x0000000008000194                . = ALIGN (0x4)

.text           0x00000000080001a0     0xa3ac
                0x00000000080001a0                . = ALIGN (0x4)
 *(.text)
 .text          0x00000000080001a0       0x40 C:/ST/STM32CubeIDE_1.13.2/STM32CubeIDE/plugins/com.st.stm32cube.ide.mcu.externaltools.gnu-tools-for-stm32.11.3.rel1.win32_1.1.1.202309131626/tools/bin/../lib/gcc/arm-none-eabi/11.3.1/thumb/v7e-m+fp/hard/crtbegin.o
 .text          0x00000000080001e0       0xa0 C:/ST/STM32CubeIDE_1.13.2/STM32CubeIDE/plugins/com.st.stm32cube.ide.mcu.externaltools.gnu-tools-for-stm32.11.3.rel1.win32_1.1.1.202309131626/tools/bin/../lib/gcc/arm-none-eabi/11.3.1/../../../../arm-none-eabi/lib/thumb/v7e-m+fp/hard\libc_nano.a(libc_a-memchr.o)
                0x00000000080001e0                memchr
 .text          0x0000000008000280       0x10 C:/ST/STM32CubeIDE_1.13.2/STM32CubeIDE/plugins/com.st.stm32cube.ide.mcu.externaltools.gnu-tools-for-stm32.11.3.rel1.win32_1.1.1.202309131626/tools/bin/../lib/gcc/arm-none-eabi/11.3.1/../../../../arm-none-eabi/lib/thumb/v7e-m+fp/hard\libc_nano.a(libc_a-strlen.o)
                0x0000000008000280                strlen
 .text          0x0000000008000290      0x378 C:/ST/STM32CubeIDE_1.13.2/STM32CubeIDE/plugins/com.st.stm32cube.ide.mcu.externaltools.gnu-tools-for-stm32.11.3.rel1.win32_1.1.1.202309131626/tools/bin/../lib/gcc/arm-none-eabi/11.3.1/thumb/v7e-m+fp/hard\libgcc.a(_arm_addsubdf3.o)
                0x0000000008000290                __aeabi_drsub
                0x0000000008000298                __aeabi_dsub
                0x0000000008000298                __subdf3
                0x000000000800029c                __aeabi_dadd
                0x000000000800029c                __adddf3
                0x0000000008000514                __floatunsidf
                0x0000000008000514                __aeabi_ui2d
                0x0000000008000534                __floatsidf
                0x0000000008000534                __aeabi_i2d
                0x0000000008000558                __aeabi_f2d
                0x0000000008000558                __extendsfdf2
                0x000000000800059c                __floatundidf
                0x000000000800059c                __aeabi_ul2d
                0x00000000080005ac                __floatdidf
                0x00000000080005ac                __aeabi_l2d
 .text          0x0000000008000608      0x424 C:/ST/STM32CubeIDE_1.13.2/STM32CubeIDE/plugins/com.st.stm32cube.ide.mcu.externaltools.gnu-tools-for-stm32.11.3.rel1.win32_1.1.1.202309131626/tools/bin/../lib/gcc/arm-none-eabi/11.3.1/thumb/v7e-m+fp/hard\libgcc.a(_arm_muldivdf3.o)
                0x0000000008000608                __aeabi_dmul
                0x0000000008000608                __muldf3
                0x000000000800085c                __divdf3
                0x000000000800085c                __aeabi_ddiv
 .text          0x0000000008000a2c      0x110 C:/ST/STM32CubeIDE_1.13.2/STM32CubeIDE/plugins/com.st.stm32cube.ide.mcu.externaltools.gnu-tools-for-stm32.11.3.rel1.win32_1.1.1.202309131626/tools/bin/../lib/gcc/arm-none-eabi/11.3.1/thumb/v7e-m+fp/hard\libgcc.a(_arm_cmpdf2.o)
                0x0000000008000a2c                __gtdf2
                0x0000000008000a2c                __gedf2
                0x0000000008000a34                __ltdf2
                0x0000000008000a34                __ledf2
                0x0000000008000a3c                __nedf2
                0x0000000008000a3c                __eqdf2
                0x0000000008000a3c                __cmpdf2
                0x0000000008000ab8                __aeabi_cdrcmple
                0x0000000008000ac8                __aeabi_cdcmpeq
                0x0000000008000ac8                __aeabi_cdcmple
                0x0000000008000ad8                __aeabi_dcmpeq
                0x0000000008000aec                __aeabi_dcmplt
                0x0000000008000b00                __aeabi_dcmple
                0x0000000008000b14                __aeabi_dcmpge
                0x0000000008000b28                __aeabi_dcmpgt
 .text          0x0000000008000b3c       0x2c C:/ST/STM32CubeIDE_1.13.2/STM32CubeIDE/plugins/com.st.stm32cube.ide.mcu.externaltools.gnu-tools-for-stm32.11.3.rel1.win32_1.1.1.202309131626/tools/bin/../lib/gcc/arm-none-eabi/11.3.1/thumb/v7e-m+fp/hard\libgcc.a(_arm_unorddf2.o)
                0x0000000008000b3c                __unorddf2
                0x0000000008000b3c                __aeabi_dcmpun
 .text          0x0000000008000b68       0x50 C:/ST/STM32CubeIDE_1.13.2/STM32CubeIDE/plugins/com.st.stm32cube.ide.mcu.externaltools.gnu-tools-for-stm32.11.3.rel1.win32_1.1.1.202309131626/tools/bin/../lib/gcc/arm-none-eabi/11.3.1/thumb/v7e-m+fp/hard\libgcc.a(_arm_fixdfsi.o)
                0x0000000008000b68                __aeabi_d2iz
                0x0000000008000b68                __fixdfsi
 .text          0x0000000008000bb8       0xa0 C:/ST/STM32CubeIDE_1.13.2/STM32CubeIDE/plugins/com.st.stm32cube.ide.mcu.externaltools.gnu-tools-for-stm32.11.3.rel1.win32_1.1.1.202309131626/tools/bin/../lib/gcc/arm-none-eabi/11.3.1/thumb/v7e-m+fp/hard\libgcc.a(_arm_truncdfsf2.o)
                0x0000000008000bb8                __truncdfsf2
                0x0000000008000bb8                __aeabi_d2f
 *(.text*)
 .text._ZN4blib6AnalogC2Ev
                0x0000000008000c58       0x50 ./Application/Analog.o
                0x0000000008000c58                blib::Analog::Analog()
                0x0000000008000c58                blib::Analog::Analog()
 .text._ZN4blib6AnalogD2Ev
                0x0000000008000ca8       0x30 ./Application/Analog.o
                0x0000000008000ca8                blib::Analog::~Analog()
                0x0000000008000ca8                blib::Analog::~Analog()
 .text._ZN4blib6AnalogD0Ev
                0x0000000008000cd8       0x20 ./Application/Analog.o
                0x0000000008000cd8                blib::Analog::~Analog()
 .text._ZN4blib6Analog8samplingEv
                0x0000000008000cf8       0x20 ./Application/Analog.o
                0x0000000008000cf8                blib::Analog::sampling()
 .text._ZNK4blib6Analog6getVinEv
                0x0000000008000d18       0x1e ./Application/Analog.o
                0x0000000008000d18                blib::Analog::getVin() const
 .text._ZNK4blib6Analog6getIinEv
                0x0000000008000d36       0x1e ./Application/Analog.o
                0x0000000008000d36                blib::Analog::getIin() const
 .text._ZNK4blib6Analog7getVoutEv
                0x0000000008000d54       0x1e ./Application/Analog.o
                0x0000000008000d54                blib::Analog::getVout() const
 .text._ZNK4blib6Analog7getIoutEv
                0x0000000008000d72       0x1e ./Application/Analog.o
                0x0000000008000d72                blib::Analog::getIout() const
 .text._ZN4blib6Analog10readAnalogEv
                0x0000000008000d90       0x7e ./Application/Analog.o
                0x0000000008000d90                blib::Analog::readAnalog()
 *fill*         0x0000000008000e0e        0x2 
 .text._ZN4blib6Analog18convertAdcChannel1Em
                0x0000000008000e10       0x64 ./Application/Analog.o
                0x0000000008000e10                blib::Analog::convertAdcChannel1(unsigned long)
 *fill*         0x0000000008000e74        0x4 
 .text._ZN4blib6Analog18convertAdcChannel2Em
                0x0000000008000e78       0xa0 ./Application/Analog.o
                0x0000000008000e78                blib::Analog::convertAdcChannel2(unsigned long)
 .text._ZN4blib6Analog18convertAdcChannel3Em
                0x0000000008000f18       0x64 ./Application/Analog.o
                0x0000000008000f18                blib::Analog::convertAdcChannel3(unsigned long)
 *fill*         0x0000000008000f7c        0x4 
 .text._ZN4blib6Analog18convertAdcChannel4Em
                0x0000000008000f80       0xa0 ./Application/Analog.o
                0x0000000008000f80                blib::Analog::convertAdcChannel4(unsigned long)
 .text._ZN4blib6Analog18convertAdcChannel5Em
                0x0000000008001020       0x64 ./Application/Analog.o
                0x0000000008001020                blib::Analog::convertAdcChannel5(unsigned long)
 .text._ZN4blib2dp9SingletonINS_6AnalogEEC2Ev
                0x0000000008001084       0x20 ./Application/Analog.o
                0x0000000008001084                blib::dp::Singleton<blib::Analog>::Singleton()
                0x0000000008001084                blib::dp::Singleton<blib::Analog>::Singleton()
 .text._ZN4blib2dp9SingletonINS_6AnalogEED2Ev
                0x00000000080010a4       0x20 ./Application/Analog.o
                0x00000000080010a4                blib::dp::Singleton<blib::Analog>::~Singleton()
                0x00000000080010a4                blib::dp::Singleton<blib::Analog>::~Singleton()
 .text._ZN4blib2dp9SingletonINS_6AnalogEED0Ev
                0x00000000080010c4       0x20 ./Application/Analog.o
                0x00000000080010c4                blib::dp::Singleton<blib::Analog>::~Singleton()
 .text._ZN4blib6Logger5printEPKc
                0x00000000080010e4       0x30 ./Application/ChargeControl.o
                0x00000000080010e4                blib::Logger::print(char const*)
 .text._ZN4blib13ChargeControlC2Ev
                0x0000000008001114       0x30 ./Application/ChargeControl.o
                0x0000000008001114                blib::ChargeControl::ChargeControl()
                0x0000000008001114                blib::ChargeControl::ChargeControl()
 .text._ZN4blib13ChargeControlD2Ev
                0x0000000008001144       0x24 ./Application/ChargeControl.o
                0x0000000008001144                blib::ChargeControl::~ChargeControl()
                0x0000000008001144                blib::ChargeControl::~ChargeControl()
 .text._ZN4blib13ChargeControlD0Ev
                0x0000000008001168       0x20 ./Application/ChargeControl.o
                0x0000000008001168                blib::ChargeControl::~ChargeControl()
 .text._ZN4blib13ChargeControl3runEv
                0x0000000008001188       0x14 ./Application/ChargeControl.o
                0x0000000008001188                blib::ChargeControl::run()
 .text._ZN4blib2dp9SingletonINS_13ChargeControlEEC2Ev
                0x000000000800119c       0x20 ./Application/ChargeControl.o
                0x000000000800119c                blib::dp::Singleton<blib::ChargeControl>::Singleton()
                0x000000000800119c                blib::dp::Singleton<blib::ChargeControl>::Singleton()
 .text._ZN4blib2dp9SingletonINS_13ChargeControlEED2Ev
                0x00000000080011bc       0x20 ./Application/ChargeControl.o
                0x00000000080011bc                blib::dp::Singleton<blib::ChargeControl>::~Singleton()
                0x00000000080011bc                blib::dp::Singleton<blib::ChargeControl>::~Singleton()
 .text._ZN4blib2dp9SingletonINS_13ChargeControlEED0Ev
                0x00000000080011dc       0x20 ./Application/ChargeControl.o
                0x00000000080011dc                blib::dp::Singleton<blib::ChargeControl>::~Singleton()
 .text._ZN4blib6Logger3LogIJPKciS3_EEEvS3_DpT_
                0x00000000080011fc       0x4c ./Application/ChargeControl.o
                0x00000000080011fc                void blib::Logger::Log<char const*, int, char const*>(char const*, char const*, int, char const*)
 .text._ZN4blib7MonitorC2Ev
                0x0000000008001248       0x64 ./Application/Monitor.o
                0x0000000008001248                blib::Monitor::Monitor()
                0x0000000008001248                blib::Monitor::Monitor()
 .text._ZN4blib7MonitorD2Ev
                0x00000000080012ac       0x30 ./Application/Monitor.o
                0x00000000080012ac                blib::Monitor::~Monitor()
                0x00000000080012ac                blib::Monitor::~Monitor()
 .text._ZN4blib7MonitorD0Ev
                0x00000000080012dc       0x20 ./Application/Monitor.o
                0x00000000080012dc                blib::Monitor::~Monitor()
 .text._ZN4blib7Monitor8showInitEv
                0x00000000080012fc       0x84 ./Application/Monitor.o
                0x00000000080012fc                blib::Monitor::showInit()
 .text._ZN4blib7Monitor10homeScreenEv
                0x0000000008001380      0x1c8 ./Application/Monitor.o
                0x0000000008001380                blib::Monitor::homeScreen()
 .text._ZN4blib7Monitor10menuScreenEv
                0x0000000008001548       0x70 ./Application/Monitor.o
                0x0000000008001548                blib::Monitor::menuScreen()
 .text._ZN4blib7Monitor8showMenuEv
                0x00000000080015b8       0x42 ./Application/Monitor.o
                0x00000000080015b8                blib::Monitor::showMenu()
 .text._ZN4blib7Monitor14setScreenLevelENS0_11ScreenLevelE
                0x00000000080015fa       0x1c ./Application/Monitor.o
                0x00000000080015fa                blib::Monitor::setScreenLevel(blib::Monitor::ScreenLevel)
 .text._ZNK4blib7Monitor14getScreenLevelEv
                0x0000000008001616       0x18 ./Application/Monitor.o
                0x0000000008001616                blib::Monitor::getScreenLevel() const
 *fill*         0x000000000800162e        0x2 
 .text._ZN4blib7Monitor9showArrowEv
                0x0000000008001630       0x28 ./Application/Monitor.o
                0x0000000008001630                blib::Monitor::showArrow()
 .text._ZN4blib2dp9SingletonINS_7MonitorEEC2Ev
                0x0000000008001658       0x20 ./Application/Monitor.o
                0x0000000008001658                blib::dp::Singleton<blib::Monitor>::Singleton()
                0x0000000008001658                blib::dp::Singleton<blib::Monitor>::Singleton()
 .text._ZN4blib2dp9SingletonINS_7MonitorEED2Ev
                0x0000000008001678       0x20 ./Application/Monitor.o
                0x0000000008001678                blib::dp::Singleton<blib::Monitor>::~Singleton()
                0x0000000008001678                blib::dp::Singleton<blib::Monitor>::~Singleton()
 .text._ZN4blib2dp9SingletonINS_7MonitorEED0Ev
                0x0000000008001698       0x20 ./Application/Monitor.o
                0x0000000008001698                blib::dp::Singleton<blib::Monitor>::~Singleton()
 .text._ZN4blib2dp9SingletonINS_6AnalogEE11getInstanceEv
                0x00000000080016b8       0x2c ./Application/Monitor.o
                0x00000000080016b8                blib::dp::Singleton<blib::Analog>::getInstance()
 .text._ZN4blib13SerialMonitorC2Ev
                0x00000000080016e4       0x34 ./Application/SerialMonitor.o
                0x00000000080016e4                blib::SerialMonitor::SerialMonitor()
                0x00000000080016e4                blib::SerialMonitor::SerialMonitor()
 .text._ZN4blib13SerialMonitorD2Ev
                0x0000000008001718       0x2c ./Application/SerialMonitor.o
                0x0000000008001718                blib::SerialMonitor::~SerialMonitor()
                0x0000000008001718                blib::SerialMonitor::~SerialMonitor()
 .text._ZN4blib13SerialMonitorD0Ev
                0x0000000008001744       0x20 ./Application/SerialMonitor.o
                0x0000000008001744                blib::SerialMonitor::~SerialMonitor()
 .text._ZN4blib13SerialMonitor4showEv
                0x0000000008001764       0x44 ./Application/SerialMonitor.o
                0x0000000008001764                blib::SerialMonitor::show()
 .text._ZN4blib13SerialMonitor14setSerialLevelENS0_11SerialLevelE
                0x00000000080017a8       0x2a ./Application/SerialMonitor.o
                0x00000000080017a8                blib::SerialMonitor::setSerialLevel(blib::SerialMonitor::SerialLevel)
 .text._ZNK4blib13SerialMonitor14getSerialLevelEv
                0x00000000080017d2       0x18 ./Application/SerialMonitor.o
                0x00000000080017d2                blib::SerialMonitor::getSerialLevel() const
 *fill*         0x00000000080017ea        0x2 
 .text._ZN4blib13SerialMonitor12serialLevel1Ev
                0x00000000080017ec       0x28 ./Application/SerialMonitor.o
                0x00000000080017ec                blib::SerialMonitor::serialLevel1()
 .text._ZN4blib13SerialMonitor12serialLevel2Ev
                0x0000000008001814       0x28 ./Application/SerialMonitor.o
                0x0000000008001814                blib::SerialMonitor::serialLevel2()
 .text._ZN4blib13SerialMonitor12serialLevel3Ev
                0x000000000800183c       0x28 ./Application/SerialMonitor.o
                0x000000000800183c                blib::SerialMonitor::serialLevel3()
 .text._ZN4blib2dp9SingletonINS_13SerialMonitorEEC2Ev
                0x0000000008001864       0x20 ./Application/SerialMonitor.o
                0x0000000008001864                blib::dp::Singleton<blib::SerialMonitor>::Singleton()
                0x0000000008001864                blib::dp::Singleton<blib::SerialMonitor>::Singleton()
 .text._ZN4blib2dp9SingletonINS_13SerialMonitorEED2Ev
                0x0000000008001884       0x20 ./Application/SerialMonitor.o
                0x0000000008001884                blib::dp::Singleton<blib::SerialMonitor>::~Singleton()
                0x0000000008001884                blib::dp::Singleton<blib::SerialMonitor>::~Singleton()
 .text._ZN4blib2dp9SingletonINS_13SerialMonitorEED0Ev
                0x00000000080018a4       0x20 ./Application/SerialMonitor.o
                0x00000000080018a4                blib::dp::Singleton<blib::SerialMonitor>::~Singleton()
 .text.HAL_GPIO_EXTI_Callback
                0x00000000080018c4      0x174 ./Core/Src/main.o
                0x00000000080018c4                HAL_GPIO_EXTI_Callback
 .text.HAL_ADC_ConvCpltCallback
                0x0000000008001a38       0x1c ./Core/Src/main.o
                0x0000000008001a38                HAL_ADC_ConvCpltCallback
 .text.main     0x0000000008001a54       0x94 ./Core/Src/main.o
                0x0000000008001a54                main
 .text._Z18SystemClock_Configv
                0x0000000008001ae8       0xda ./Core/Src/main.o
                0x0000000008001ae8                SystemClock_Config()
 *fill*         0x0000000008001bc2        0x2 
 .text._ZL12MX_ADC1_Initv
                0x0000000008001bc4      0x124 ./Core/Src/main.o
 .text._ZL12MX_I2C1_Initv
                0x0000000008001ce8       0x9c ./Core/Src/main.o
 .text._ZL19MX_USART2_UART_Initv
                0x0000000008001d84       0x68 ./Core/Src/main.o
 .text._ZL11MX_DMA_Initv
                0x0000000008001dec       0x3c ./Core/Src/main.o
 .text._ZL12MX_GPIO_Initv
                0x0000000008001e28       0xe4 ./Core/Src/main.o
 .text.Error_Handler
                0x0000000008001f0c        0xa ./Core/Src/main.o
                0x0000000008001f0c                Error_Handler
 *fill*         0x0000000008001f16        0x2 
 .text._ZN4blib2dp9SingletonINS_6ButtonEE11getInstanceEv
                0x0000000008001f18       0x2c ./Core/Src/main.o
                0x0000000008001f18                blib::dp::Singleton<blib::Button>::getInstance()
 .text._ZN4blib2dp9SingletonINS_7MonitorEE11getInstanceEv
                0x0000000008001f44       0x2c ./Core/Src/main.o
                0x0000000008001f44                blib::dp::Singleton<blib::Monitor>::getInstance()
 .text._ZN4blib2dp9SingletonINS_13ChargeControlEE11getInstanceEv
                0x0000000008001f70       0x2c ./Core/Src/main.o
                0x0000000008001f70                blib::dp::Singleton<blib::ChargeControl>::getInstance()
 .text._ZN4blib2dp9SingletonINS_13SerialMonitorEE11getInstanceEv
                0x0000000008001f9c       0x2c ./Core/Src/main.o
                0x0000000008001f9c                blib::dp::Singleton<blib::SerialMonitor>::getInstance()
 .text.HAL_MspInit
                0x0000000008001fc8       0x48 ./Core/Src/stm32f3xx_hal_msp.o
                0x0000000008001fc8                HAL_MspInit
 .text.HAL_ADC_MspInit
                0x0000000008002010       0xe0 ./Core/Src/stm32f3xx_hal_msp.o
                0x0000000008002010                HAL_ADC_MspInit
 .text.HAL_I2C_MspInit
                0x00000000080020f0       0xc4 ./Core/Src/stm32f3xx_hal_msp.o
                0x00000000080020f0                HAL_I2C_MspInit
 .text.HAL_UART_MspInit
                0x00000000080021b4       0x84 ./Core/Src/stm32f3xx_hal_msp.o
                0x00000000080021b4                HAL_UART_MspInit
 .text.NMI_Handler
                0x0000000008002238        0x6 ./Core/Src/stm32f3xx_it.o
                0x0000000008002238                NMI_Handler
 .text.HardFault_Handler
                0x000000000800223e        0x6 ./Core/Src/stm32f3xx_it.o
                0x000000000800223e                HardFault_Handler
 .text.MemManage_Handler
                0x0000000008002244        0x6 ./Core/Src/stm32f3xx_it.o
                0x0000000008002244                MemManage_Handler
 .text.BusFault_Handler
                0x000000000800224a        0x6 ./Core/Src/stm32f3xx_it.o
                0x000000000800224a                BusFault_Handler
 .text.UsageFault_Handler
                0x0000000008002250        0x6 ./Core/Src/stm32f3xx_it.o
                0x0000000008002250                UsageFault_Handler
 .text.SVC_Handler
                0x0000000008002256        0xe ./Core/Src/stm32f3xx_it.o
                0x0000000008002256                SVC_Handler
 .text.DebugMon_Handler
                0x0000000008002264        0xe ./Core/Src/stm32f3xx_it.o
                0x0000000008002264                DebugMon_Handler
 .text.PendSV_Handler
                0x0000000008002272        0xe ./Core/Src/stm32f3xx_it.o
                0x0000000008002272                PendSV_Handler
 .text.SysTick_Handler
                0x0000000008002280        0xc ./Core/Src/stm32f3xx_it.o
                0x0000000008002280                SysTick_Handler
 .text.EXTI0_IRQHandler
                0x000000000800228c        0xe ./Core/Src/stm32f3xx_it.o
                0x000000000800228c                EXTI0_IRQHandler
 .text.EXTI1_IRQHandler
                0x000000000800229a        0xe ./Core/Src/stm32f3xx_it.o
                0x000000000800229a                EXTI1_IRQHandler
 .text.EXTI3_IRQHandler
                0x00000000080022a8        0xe ./Core/Src/stm32f3xx_it.o
                0x00000000080022a8                EXTI3_IRQHandler
 *fill*         0x00000000080022b6        0x2 
 .text.DMA1_Channel1_IRQHandler
                0x00000000080022b8       0x14 ./Core/Src/stm32f3xx_it.o
                0x00000000080022b8                DMA1_Channel1_IRQHandler
 .text.ADC1_2_IRQHandler
                0x00000000080022cc       0x14 ./Core/Src/stm32f3xx_it.o
                0x00000000080022cc                ADC1_2_IRQHandler
 .text._getpid  0x00000000080022e0       0x10 ./Core/Src/syscalls.o
                0x00000000080022e0                _getpid
 .text._kill    0x00000000080022f0       0x20 ./Core/Src/syscalls.o
                0x00000000080022f0                _kill
 .text._exit    0x0000000008002310       0x14 ./Core/Src/syscalls.o
                0x0000000008002310                _exit
 .text._read    0x0000000008002324       0x3a ./Core/Src/syscalls.o
                0x0000000008002324                _read
 .text._write   0x000000000800235e       0x38 ./Core/Src/syscalls.o
                0x000000000800235e                _write
 .text._close   0x0000000008002396       0x18 ./Core/Src/syscalls.o
                0x0000000008002396                _close
 .text._fstat   0x00000000080023ae       0x20 ./Core/Src/syscalls.o
                0x00000000080023ae                _fstat
 .text._isatty  0x00000000080023ce       0x16 ./Core/Src/syscalls.o
                0x00000000080023ce                _isatty
 .text._lseek   0x00000000080023e4       0x1a ./Core/Src/syscalls.o
                0x00000000080023e4                _lseek
 *fill*         0x00000000080023fe        0x2 
 .text._sbrk    0x0000000008002400       0x6c ./Core/Src/sysmem.o
                0x0000000008002400                _sbrk
 .text.SystemInit
                0x000000000800246c       0x24 ./Core/Src/system_stm32f3xx.o
                0x000000000800246c                SystemInit
 .text.Reset_Handler
                0x0000000008002490       0x50 ./Core/Startup/startup_stm32f303retx.o
                0x0000000008002490                Reset_Handler
 .text.Default_Handler
                0x00000000080024e0        0x2 ./Core/Startup/startup_stm32f303retx.o
                0x00000000080024e0                RTC_Alarm_IRQHandler
                0x00000000080024e0                TIM8_TRG_COM_IRQHandler
                0x00000000080024e0                TIM8_CC_IRQHandler
                0x00000000080024e0                SPI4_IRQHandler
                0x00000000080024e0                TIM1_CC_IRQHandler
                0x00000000080024e0                USB_HP_IRQHandler
                0x00000000080024e0                PVD_IRQHandler
                0x00000000080024e0                TAMP_STAMP_IRQHandler
                0x00000000080024e0                I2C3_ER_IRQHandler
                0x00000000080024e0                USB_HP_CAN_TX_IRQHandler
                0x00000000080024e0                I2C2_EV_IRQHandler
                0x00000000080024e0                FPU_IRQHandler
                0x00000000080024e0                TIM1_UP_TIM16_IRQHandler
                0x00000000080024e0                SPI1_IRQHandler
                0x00000000080024e0                CAN_SCE_IRQHandler
                0x00000000080024e0                TIM6_DAC_IRQHandler
                0x00000000080024e0                TIM8_UP_IRQHandler
                0x00000000080024e0                DMA2_Channel2_IRQHandler
                0x00000000080024e0                DMA1_Channel4_IRQHandler
                0x00000000080024e0                TIM20_TRG_COM_IRQHandler
                0x00000000080024e0                USART3_IRQHandler
                0x00000000080024e0                DMA1_Channel7_IRQHandler
                0x00000000080024e0                UART5_IRQHandler
                0x00000000080024e0                ADC3_IRQHandler
                0x00000000080024e0                TIM4_IRQHandler
                0x00000000080024e0                CAN_RX1_IRQHandler
                0x00000000080024e0                DMA2_Channel1_IRQHandler
                0x00000000080024e0                I2C1_EV_IRQHandler
                0x00000000080024e0                DMA1_Channel6_IRQHandler
                0x00000000080024e0                UART4_IRQHandler
                0x00000000080024e0                DMA2_Channel4_IRQHandler
                0x00000000080024e0                TIM3_IRQHandler
                0x00000000080024e0                RCC_IRQHandler
                0x00000000080024e0                TIM20_UP_IRQHandler
                0x00000000080024e0                Default_Handler
                0x00000000080024e0                USBWakeUp_RMP_IRQHandler
                0x00000000080024e0                EXTI15_10_IRQHandler
                0x00000000080024e0                TIM7_IRQHandler
                0x00000000080024e0                I2C3_EV_IRQHandler
                0x00000000080024e0                EXTI9_5_IRQHandler
                0x00000000080024e0                RTC_WKUP_IRQHandler
                0x00000000080024e0                SPI2_IRQHandler
                0x00000000080024e0                USB_LP_CAN_RX0_IRQHandler
                0x00000000080024e0                DMA2_Channel5_IRQHandler
                0x00000000080024e0                DMA1_Channel5_IRQHandler
                0x00000000080024e0                USB_LP_IRQHandler
                0x00000000080024e0                EXTI4_IRQHandler
                0x00000000080024e0                TIM1_TRG_COM_TIM17_IRQHandler
                0x00000000080024e0                DMA1_Channel3_IRQHandler
                0x00000000080024e0                ADC4_IRQHandler
                0x00000000080024e0                WWDG_IRQHandler
                0x00000000080024e0                TIM2_IRQHandler
                0x00000000080024e0                COMP7_IRQHandler
                0x00000000080024e0                COMP1_2_3_IRQHandler
                0x00000000080024e0                USART2_IRQHandler
                0x00000000080024e0                COMP4_5_6_IRQHandler
                0x00000000080024e0                TIM20_BRK_IRQHandler
                0x00000000080024e0                I2C2_ER_IRQHandler
                0x00000000080024e0                DMA1_Channel2_IRQHandler
                0x00000000080024e0                TIM8_BRK_IRQHandler
                0x00000000080024e0                FLASH_IRQHandler
                0x00000000080024e0                TIM20_CC_IRQHandler
                0x00000000080024e0                USART1_IRQHandler
                0x00000000080024e0                SPI3_IRQHandler
                0x00000000080024e0                I2C1_ER_IRQHandler
                0x00000000080024e0                FMC_IRQHandler
                0x00000000080024e0                USBWakeUp_IRQHandler
                0x00000000080024e0                DMA2_Channel3_IRQHandler
                0x00000000080024e0                EXTI2_TSC_IRQHandler
                0x00000000080024e0                TIM1_BRK_TIM15_IRQHandler
 *fill*         0x00000000080024e2        0x2 
 .text.HAL_Init
                0x00000000080024e4       0x2c ./Drivers/STM32F3xx_HAL_Driver/Src/stm32f3xx_hal.o
                0x00000000080024e4                HAL_Init
 .text.HAL_InitTick
                0x0000000008002510       0x60 ./Drivers/STM32F3xx_HAL_Driver/Src/stm32f3xx_hal.o
                0x0000000008002510                HAL_InitTick
 .text.HAL_IncTick
                0x0000000008002570       0x28 ./Drivers/STM32F3xx_HAL_Driver/Src/stm32f3xx_hal.o
                0x0000000008002570                HAL_IncTick
 .text.HAL_GetTick
                0x0000000008002598       0x18 ./Drivers/STM32F3xx_HAL_Driver/Src/stm32f3xx_hal.o
                0x0000000008002598                HAL_GetTick
 .text.HAL_Delay
                0x00000000080025b0       0x48 ./Drivers/STM32F3xx_HAL_Driver/Src/stm32f3xx_hal.o
                0x00000000080025b0                HAL_Delay
 .text.HAL_ADC_ConvHalfCpltCallback
                0x00000000080025f8       0x14 ./Drivers/STM32F3xx_HAL_Driver/Src/stm32f3xx_hal_adc.o
                0x00000000080025f8                HAL_ADC_ConvHalfCpltCallback
 .text.HAL_ADC_LevelOutOfWindowCallback
                0x000000000800260c       0x14 ./Drivers/STM32F3xx_HAL_Driver/Src/stm32f3xx_hal_adc.o
                0x000000000800260c                HAL_ADC_LevelOutOfWindowCallback
 .text.HAL_ADC_ErrorCallback
                0x0000000008002620       0x14 ./Drivers/STM32F3xx_HAL_Driver/Src/stm32f3xx_hal_adc.o
                0x0000000008002620                HAL_ADC_ErrorCallback
 .text.HAL_ADC_Init
                0x0000000008002634      0x3f4 ./Drivers/STM32F3xx_HAL_Driver/Src/stm32f3xx_hal_adc_ex.o
                0x0000000008002634                HAL_ADC_Init
 .text.HAL_ADC_Start_DMA
                0x0000000008002a28      0x238 ./Drivers/STM32F3xx_HAL_Driver/Src/stm32f3xx_hal_adc_ex.o
                0x0000000008002a28                HAL_ADC_Start_DMA
 .text.HAL_ADC_Stop_DMA
                0x0000000008002c60       0xc4 ./Drivers/STM32F3xx_HAL_Driver/Src/stm32f3xx_hal_adc_ex.o
                0x0000000008002c60                HAL_ADC_Stop_DMA
 .text.HAL_ADC_IRQHandler
                0x0000000008002d24      0x5cc ./Drivers/STM32F3xx_HAL_Driver/Src/stm32f3xx_hal_adc_ex.o
                0x0000000008002d24                HAL_ADC_IRQHandler
 .text.HAL_ADCEx_InjectedConvCpltCallback
                0x00000000080032f0       0x14 ./Drivers/STM32F3xx_HAL_Driver/Src/stm32f3xx_hal_adc_ex.o
                0x00000000080032f0                HAL_ADCEx_InjectedConvCpltCallback
 .text.HAL_ADCEx_InjectedQueueOverflowCallback
                0x0000000008003304       0x14 ./Drivers/STM32F3xx_HAL_Driver/Src/stm32f3xx_hal_adc_ex.o
                0x0000000008003304                HAL_ADCEx_InjectedQueueOverflowCallback
 .text.HAL_ADCEx_LevelOutOfWindow2Callback
                0x0000000008003318       0x14 ./Drivers/STM32F3xx_HAL_Driver/Src/stm32f3xx_hal_adc_ex.o
                0x0000000008003318                HAL_ADCEx_LevelOutOfWindow2Callback
 .text.HAL_ADCEx_LevelOutOfWindow3Callback
                0x000000000800332c       0x14 ./Drivers/STM32F3xx_HAL_Driver/Src/stm32f3xx_hal_adc_ex.o
                0x000000000800332c                HAL_ADCEx_LevelOutOfWindow3Callback
 .text.HAL_ADC_ConfigChannel
                0x0000000008003340      0x5d4 ./Drivers/STM32F3xx_HAL_Driver/Src/stm32f3xx_hal_adc_ex.o
                0x0000000008003340                HAL_ADC_ConfigChannel
 .text.HAL_ADCEx_MultiModeConfigChannel
                0x0000000008003914      0x1e4 ./Drivers/STM32F3xx_HAL_Driver/Src/stm32f3xx_hal_adc_ex.o
                0x0000000008003914                HAL_ADCEx_MultiModeConfigChannel
 .text.ADC_DMAConvCplt
                0x0000000008003af8       0x7a ./Drivers/STM32F3xx_HAL_Driver/Src/stm32f3xx_hal_adc_ex.o
 .text.ADC_DMAHalfConvCplt
                0x0000000008003b72       0x1c ./Drivers/STM32F3xx_HAL_Driver/Src/stm32f3xx_hal_adc_ex.o
 .text.ADC_DMAError
                0x0000000008003b8e       0x34 ./Drivers/STM32F3xx_HAL_Driver/Src/stm32f3xx_hal_adc_ex.o
 *fill*         0x0000000008003bc2        0x2 
 .text.ADC_Enable
                0x0000000008003bc4       0xc8 ./Drivers/STM32F3xx_HAL_Driver/Src/stm32f3xx_hal_adc_ex.o
 .text.ADC_Disable
                0x0000000008003c8c       0xcc ./Drivers/STM32F3xx_HAL_Driver/Src/stm32f3xx_hal_adc_ex.o
 .text.ADC_ConversionStop
                0x0000000008003d58      0x16c ./Drivers/STM32F3xx_HAL_Driver/Src/stm32f3xx_hal_adc_ex.o
 .text.__NVIC_SetPriorityGrouping
                0x0000000008003ec4       0x48 ./Drivers/STM32F3xx_HAL_Driver/Src/stm32f3xx_hal_cortex.o
 .text.__NVIC_GetPriorityGrouping
                0x0000000008003f0c       0x1c ./Drivers/STM32F3xx_HAL_Driver/Src/stm32f3xx_hal_cortex.o
 .text.__NVIC_EnableIRQ
                0x0000000008003f28       0x3c ./Drivers/STM32F3xx_HAL_Driver/Src/stm32f3xx_hal_cortex.o
 .text.__NVIC_SetPriority
                0x0000000008003f64       0x54 ./Drivers/STM32F3xx_HAL_Driver/Src/stm32f3xx_hal_cortex.o
 .text.NVIC_EncodePriority
                0x0000000008003fb8       0x66 ./Drivers/STM32F3xx_HAL_Driver/Src/stm32f3xx_hal_cortex.o
 *fill*         0x000000000800401e        0x2 
 .text.SysTick_Config
                0x0000000008004020       0x44 ./Drivers/STM32F3xx_HAL_Driver/Src/stm32f3xx_hal_cortex.o
 .text.HAL_NVIC_SetPriorityGrouping
                0x0000000008004064       0x16 ./Drivers/STM32F3xx_HAL_Driver/Src/stm32f3xx_hal_cortex.o
                0x0000000008004064                HAL_NVIC_SetPriorityGrouping
 .text.HAL_NVIC_SetPriority
                0x000000000800407a       0x38 ./Drivers/STM32F3xx_HAL_Driver/Src/stm32f3xx_hal_cortex.o
                0x000000000800407a                HAL_NVIC_SetPriority
 .text.HAL_NVIC_EnableIRQ
                0x00000000080040b2       0x1c ./Drivers/STM32F3xx_HAL_Driver/Src/stm32f3xx_hal_cortex.o
                0x00000000080040b2                HAL_NVIC_EnableIRQ
 .text.HAL_SYSTICK_Config
                0x00000000080040ce       0x18 ./Drivers/STM32F3xx_HAL_Driver/Src/stm32f3xx_hal_cortex.o
                0x00000000080040ce                HAL_SYSTICK_Config
 .text.HAL_DMA_Init
                0x00000000080040e6       0x8e ./Drivers/STM32F3xx_HAL_Driver/Src/stm32f3xx_hal_dma.o
                0x00000000080040e6                HAL_DMA_Init
 .text.HAL_DMA_Start_IT
                0x0000000008004174       0xbe ./Drivers/STM32F3xx_HAL_Driver/Src/stm32f3xx_hal_dma.o
                0x0000000008004174                HAL_DMA_Start_IT
 .text.HAL_DMA_Abort
                0x0000000008004232       0x72 ./Drivers/STM32F3xx_HAL_Driver/Src/stm32f3xx_hal_dma.o
                0x0000000008004232                HAL_DMA_Abort
 .text.HAL_DMA_IRQHandler
                0x00000000080042a4      0x146 ./Drivers/STM32F3xx_HAL_Driver/Src/stm32f3xx_hal_dma.o
                0x00000000080042a4                HAL_DMA_IRQHandler
 .text.DMA_SetConfig
                0x00000000080043ea       0x5c ./Drivers/STM32F3xx_HAL_Driver/Src/stm32f3xx_hal_dma.o
 *fill*         0x0000000008004446        0x2 
 .text.DMA_CalcBaseAndBitshift
                0x0000000008004448       0x78 ./Drivers/STM32F3xx_HAL_Driver/Src/stm32f3xx_hal_dma.o
 .text.HAL_GPIO_Init
                0x00000000080044c0      0x314 ./Drivers/STM32F3xx_HAL_Driver/Src/stm32f3xx_hal_gpio.o
                0x00000000080044c0                HAL_GPIO_Init
 .text.HAL_GPIO_ReadPin
                0x00000000080047d4       0x30 ./Drivers/STM32F3xx_HAL_Driver/Src/stm32f3xx_hal_gpio.o
                0x00000000080047d4                HAL_GPIO_ReadPin
 .text.HAL_GPIO_WritePin
                0x0000000008004804       0x30 ./Drivers/STM32F3xx_HAL_Driver/Src/stm32f3xx_hal_gpio.o
                0x0000000008004804                HAL_GPIO_WritePin
 .text.HAL_GPIO_EXTI_IRQHandler
                0x0000000008004834       0x30 ./Drivers/STM32F3xx_HAL_Driver/Src/stm32f3xx_hal_gpio.o
                0x0000000008004834                HAL_GPIO_EXTI_IRQHandler
 .text.HAL_I2C_Init
                0x0000000008004864      0x11e ./Drivers/STM32F3xx_HAL_Driver/Src/stm32f3xx_hal_i2c.o
                0x0000000008004864                HAL_I2C_Init
 *fill*         0x0000000008004982        0x2 
 .text.HAL_I2C_Master_Transmit
                0x0000000008004984      0x1e8 ./Drivers/STM32F3xx_HAL_Driver/Src/stm32f3xx_hal_i2c.o
                0x0000000008004984                HAL_I2C_Master_Transmit
 .text.I2C_Flush_TXDR
                0x0000000008004b6c       0x48 ./Drivers/STM32F3xx_HAL_Driver/Src/stm32f3xx_hal_i2c.o
 .text.I2C_WaitOnFlagUntilTimeout
                0x0000000008004bb4       0x9e ./Drivers/STM32F3xx_HAL_Driver/Src/stm32f3xx_hal_i2c.o
 .text.I2C_WaitOnTXISFlagUntilTimeout
                0x0000000008004c52       0x8e ./Drivers/STM32F3xx_HAL_Driver/Src/stm32f3xx_hal_i2c.o
 .text.I2C_WaitOnSTOPFlagUntilTimeout
                0x0000000008004ce0       0x86 ./Drivers/STM32F3xx_HAL_Driver/Src/stm32f3xx_hal_i2c.o
 *fill*         0x0000000008004d66        0x2 
 .text.I2C_IsErrorOccurred
                0x0000000008004d68      0x1c0 ./Drivers/STM32F3xx_HAL_Driver/Src/stm32f3xx_hal_i2c.o
 .text.I2C_TransferConfig
                0x0000000008004f28       0x64 ./Drivers/STM32F3xx_HAL_Driver/Src/stm32f3xx_hal_i2c.o
 .text.HAL_I2CEx_ConfigAnalogFilter
                0x0000000008004f8c       0x96 ./Drivers/STM32F3xx_HAL_Driver/Src/stm32f3xx_hal_i2c_ex.o
                0x0000000008004f8c                HAL_I2CEx_ConfigAnalogFilter
 .text.HAL_I2CEx_ConfigDigitalFilter
                0x0000000008005022       0x98 ./Drivers/STM32F3xx_HAL_Driver/Src/stm32f3xx_hal_i2c_ex.o
                0x0000000008005022                HAL_I2CEx_ConfigDigitalFilter
 *fill*         0x00000000080050ba        0x2 
 .text.HAL_RCC_OscConfig
                0x00000000080050bc     0x10a8 ./Drivers/STM32F3xx_HAL_Driver/Src/stm32f3xx_hal_rcc.o
                0x00000000080050bc                HAL_RCC_OscConfig
 .text.HAL_RCC_ClockConfig
                0x0000000008006164      0x2f8 ./Drivers/STM32F3xx_HAL_Driver/Src/stm32f3xx_hal_rcc.o
                0x0000000008006164                HAL_RCC_ClockConfig
 .text.HAL_RCC_GetSysClockFreq
                0x000000000800645c       0xd4 ./Drivers/STM32F3xx_HAL_Driver/Src/stm32f3xx_hal_rcc.o
                0x000000000800645c                HAL_RCC_GetSysClockFreq
 .text.HAL_RCC_GetHCLKFreq
                0x0000000008006530       0x18 ./Drivers/STM32F3xx_HAL_Driver/Src/stm32f3xx_hal_rcc.o
                0x0000000008006530                HAL_RCC_GetHCLKFreq
 .text.HAL_RCC_GetPCLK1Freq
                0x0000000008006548       0x44 ./Drivers/STM32F3xx_HAL_Driver/Src/stm32f3xx_hal_rcc.o
                0x0000000008006548                HAL_RCC_GetPCLK1Freq
 .text.HAL_RCC_GetPCLK2Freq
                0x000000000800658c       0x44 ./Drivers/STM32F3xx_HAL_Driver/Src/stm32f3xx_hal_rcc.o
                0x000000000800658c                HAL_RCC_GetPCLK2Freq
 .text.HAL_RCCEx_PeriphCLKConfig
                0x00000000080065d0      0x43c ./Drivers/STM32F3xx_HAL_Driver/Src/stm32f3xx_hal_rcc_ex.o
                0x00000000080065d0                HAL_RCCEx_PeriphCLKConfig
 .text.HAL_UART_Init
                0x0000000008006a0c       0x9c ./Drivers/STM32F3xx_HAL_Driver/Src/stm32f3xx_hal_uart.o
                0x0000000008006a0c                HAL_UART_Init
 .text.HAL_UART_Transmit
                0x0000000008006aa8      0x114 ./Drivers/STM32F3xx_HAL_Driver/Src/stm32f3xx_hal_uart.o
                0x0000000008006aa8                HAL_UART_Transmit
 .text.UART_SetConfig
                0x0000000008006bbc      0x3a8 ./Drivers/STM32F3xx_HAL_Driver/Src/stm32f3xx_hal_uart.o
                0x0000000008006bbc                UART_SetConfig
 .text.UART_AdvFeatureConfig
                0x0000000008006f64      0x144 ./Drivers/STM32F3xx_HAL_Driver/Src/stm32f3xx_hal_uart.o
                0x0000000008006f64                UART_AdvFeatureConfig
 .text.UART_CheckIdleState
                0x00000000080070a8      0x150 ./Drivers/STM32F3xx_HAL_Driver/Src/stm32f3xx_hal_uart.o
                0x00000000080070a8                UART_CheckIdleState
 .text.UART_WaitOnFlagUntilTimeout
                0x00000000080071f8       0xce ./Drivers/STM32F3xx_HAL_Driver/Src/stm32f3xx_hal_uart.o
                0x00000000080071f8                UART_WaitOnFlagUntilTimeout
 .text.UART_EndRxTransfer
                0x00000000080072c6       0xc8 ./Drivers/STM32F3xx_HAL_Driver/Src/stm32f3xx_hal_uart.o
 *fill*         0x000000000800738e        0x2 
 .text._ZN4blib6ButtonC2Ev
                0x0000000008007390       0x24 ./MyDriver/Button.o
                0x0000000008007390                blib::Button::Button()
                0x0000000008007390                blib::Button::Button()
 .text._ZN4blib6ButtonD2Ev
                0x00000000080073b4       0x24 ./MyDriver/Button.o
                0x00000000080073b4                blib::Button::~Button()
                0x00000000080073b4                blib::Button::~Button()
 .text._ZN4blib6ButtonD0Ev
                0x00000000080073d8       0x20 ./MyDriver/Button.o
                0x00000000080073d8                blib::Button::~Button()
 .text._ZN4blib6Button22setLatestPressedButtonENS0_10ButtonNameE
                0x00000000080073f8       0x1c ./MyDriver/Button.o
                0x00000000080073f8                blib::Button::setLatestPressedButton(blib::Button::ButtonName)
 .text._ZN4blib6Button12handleSignalEv
                0x0000000008007414       0x40 ./MyDriver/Button.o
                0x0000000008007414                blib::Button::handleSignal()
 .text._ZN4blib2dp9SingletonINS_6ButtonEEC2Ev
                0x0000000008007454       0x20 ./MyDriver/Button.o
                0x0000000008007454                blib::dp::Singleton<blib::Button>::Singleton()
                0x0000000008007454                blib::dp::Singleton<blib::Button>::Singleton()
 .text._ZN4blib2dp9SingletonINS_6ButtonEED2Ev
                0x0000000008007474       0x20 ./MyDriver/Button.o
                0x0000000008007474                blib::dp::Singleton<blib::Button>::~Singleton()
                0x0000000008007474                blib::dp::Singleton<blib::Button>::~Singleton()
 .text._ZN4blib2dp9SingletonINS_6ButtonEED0Ev
                0x0000000008007494       0x20 ./MyDriver/Button.o
                0x0000000008007494                blib::dp::Singleton<blib::Button>::~Singleton()
 .text._ZN4blib3LcdC2ENS0_7LcdTypeEP19__I2C_HandleTypeDefh
                0x00000000080074b4       0x3c ./MyDriver/Lcd.o
                0x00000000080074b4                blib::Lcd::Lcd(blib::Lcd::LcdType, __I2C_HandleTypeDef*, unsigned char)
                0x00000000080074b4                blib::Lcd::Lcd(blib::Lcd::LcdType, __I2C_HandleTypeDef*, unsigned char)
 .text._ZN4blib3LcdD2Ev
                0x00000000080074f0       0x20 ./MyDriver/Lcd.o
                0x00000000080074f0                blib::Lcd::~Lcd()
                0x00000000080074f0                blib::Lcd::~Lcd()
 .text._ZN4blib3LcdD0Ev
                0x0000000008007510       0x20 ./MyDriver/Lcd.o
                0x0000000008007510                blib::Lcd::~Lcd()
 .text._ZN4blib3Lcd7sendCmdEh
                0x0000000008007530       0x6a ./MyDriver/Lcd.o
                0x0000000008007530                blib::Lcd::sendCmd(unsigned char)
 .text._ZN4blib3Lcd8sendDataEh
                0x000000000800759a       0x6a ./MyDriver/Lcd.o
                0x000000000800759a                blib::Lcd::sendData(unsigned char)
 .text._ZN4blib3Lcd11displayLineEhhPKc
                0x0000000008007604       0xb8 ./MyDriver/Lcd.o
                0x0000000008007604                blib::Lcd::displayLine(unsigned char, unsigned char, char const*)
 .text._ZN4blib3Lcd12clearDisplayEv
                0x00000000080076bc       0x34 ./MyDriver/Lcd.o
                0x00000000080076bc                blib::Lcd::clearDisplay()
 .text._ZN4blib3Lcd4initEv
                0x00000000080076f0       0xc2 ./MyDriver/Lcd.o
                0x00000000080076f0                blib::Lcd::init()
 .text._ZdlPvj  0x00000000080077b2        0x4 C:/ST/STM32CubeIDE_1.13.2/STM32CubeIDE/plugins/com.st.stm32cube.ide.mcu.externaltools.gnu-tools-for-stm32.11.3.rel1.win32_1.1.1.202309131626/tools/bin/../lib/gcc/arm-none-eabi/11.3.1/../../../../arm-none-eabi/lib/thumb/v7e-m+fp/hard\libstdc++_nano.a(del_ops.o)
                0x00000000080077b2                operator delete(void*, unsigned int)
 .text._Znwj    0x00000000080077b6       0x22 C:/ST/STM32CubeIDE_1.13.2/STM32CubeIDE/plugins/com.st.stm32cube.ide.mcu.externaltools.gnu-tools-for-stm32.11.3.rel1.win32_1.1.1.202309131626/tools/bin/../lib/gcc/arm-none-eabi/11.3.1/../../../../arm-none-eabi/lib/thumb/v7e-m+fp/hard\libstdc++_nano.a(new_op.o)
                0x00000000080077b6                operator new(unsigned int)
 .text._ZdlPv   0x00000000080077d8        0x4 C:/ST/STM32CubeIDE_1.13.2/STM32CubeIDE/plugins/com.st.stm32cube.ide.mcu.externaltools.gnu-tools-for-stm32.11.3.rel1.win32_1.1.1.202309131626/tools/bin/../lib/gcc/arm-none-eabi/11.3.1/../../../../arm-none-eabi/lib/thumb/v7e-m+fp/hard\libstdc++_nano.a(del_op.o)
                0x00000000080077d8                operator delete(void*)
 .text._ZSt15get_new_handlerv
                0x00000000080077dc       0x10 C:/ST/STM32CubeIDE_1.13.2/STM32CubeIDE/plugins/com.st.stm32cube.ide.mcu.externaltools.gnu-tools-for-stm32.11.3.rel1.win32_1.1.1.202309131626/tools/bin/../lib/gcc/arm-none-eabi/11.3.1/../../../../arm-none-eabi/lib/thumb/v7e-m+fp/hard\libstdc++_nano.a(new_handler.o)
                0x00000000080077dc                std::get_new_handler()
 .text.abort    0x00000000080077ec        0xe C:/ST/STM32CubeIDE_1.13.2/STM32CubeIDE/plugins/com.st.stm32cube.ide.mcu.externaltools.gnu-tools-for-stm32.11.3.rel1.win32_1.1.1.202309131626/tools/bin/../lib/gcc/arm-none-eabi/11.3.1/../../../../arm-none-eabi/lib/thumb/v7e-m+fp/hard\libc_nano.a(libc_a-abort.o)
                0x00000000080077ec                abort
 *fill*         0x00000000080077fa        0x2 
 .text.malloc   0x00000000080077fc       0x10 C:/ST/STM32CubeIDE_1.13.2/STM32CubeIDE/plugins/com.st.stm32cube.ide.mcu.externaltools.gnu-tools-for-stm32.11.3.rel1.win32_1.1.1.202309131626/tools/bin/../lib/gcc/arm-none-eabi/11.3.1/../../../../arm-none-eabi/lib/thumb/v7e-m+fp/hard\libc_nano.a(libc_a-malloc.o)
                0x00000000080077fc                malloc
 .text.free     0x000000000800780c       0x10 C:/ST/STM32CubeIDE_1.13.2/STM32CubeIDE/plugins/com.st.stm32cube.ide.mcu.externaltools.gnu-tools-for-stm32.11.3.rel1.win32_1.1.1.202309131626/tools/bin/../lib/gcc/arm-none-eabi/11.3.1/../../../../arm-none-eabi/lib/thumb/v7e-m+fp/hard\libc_nano.a(libc_a-malloc.o)
                0x000000000800780c                free
 .text.sbrk_aligned
                0x000000000800781c       0x40 C:/ST/STM32CubeIDE_1.13.2/STM32CubeIDE/plugins/com.st.stm32cube.ide.mcu.externaltools.gnu-tools-for-stm32.11.3.rel1.win32_1.1.1.202309131626/tools/bin/../lib/gcc/arm-none-eabi/11.3.1/../../../../arm-none-eabi/lib/thumb/v7e-m+fp/hard\libc_nano.a(libc_a-mallocr.o)
 .text._malloc_r
                0x000000000800785c      0x100 C:/ST/STM32CubeIDE_1.13.2/STM32CubeIDE/plugins/com.st.stm32cube.ide.mcu.externaltools.gnu-tools-for-stm32.11.3.rel1.win32_1.1.1.202309131626/tools/bin/../lib/gcc/arm-none-eabi/11.3.1/../../../../arm-none-eabi/lib/thumb/v7e-m+fp/hard\libc_nano.a(libc_a-mallocr.o)
                0x000000000800785c                _malloc_r
 .text.__malloc_lock
                0x000000000800795c        0xc C:/ST/STM32CubeIDE_1.13.2/STM32CubeIDE/plugins/com.st.stm32cube.ide.mcu.externaltools.gnu-tools-for-stm32.11.3.rel1.win32_1.1.1.202309131626/tools/bin/../lib/gcc/arm-none-eabi/11.3.1/../../../../arm-none-eabi/lib/thumb/v7e-m+fp/hard\libc_nano.a(libc_a-mlock.o)
                0x000000000800795c                __malloc_lock
 .text.__malloc_unlock
                0x0000000008007968        0xc C:/ST/STM32CubeIDE_1.13.2/STM32CubeIDE/plugins/com.st.stm32cube.ide.mcu.externaltools.gnu-tools-for-stm32.11.3.rel1.win32_1.1.1.202309131626/tools/bin/../lib/gcc/arm-none-eabi/11.3.1/../../../../arm-none-eabi/lib/thumb/v7e-m+fp/hard\libc_nano.a(libc_a-mlock.o)
                0x0000000008007968                __malloc_unlock
 .text.__cvt    0x0000000008007974       0xc4 C:/ST/STM32CubeIDE_1.13.2/STM32CubeIDE/plugins/com.st.stm32cube.ide.mcu.externaltools.gnu-tools-for-stm32.11.3.rel1.win32_1.1.1.202309131626/tools/bin/../lib/gcc/arm-none-eabi/11.3.1/../../../../arm-none-eabi/lib/thumb/v7e-m+fp/hard\libc_nano.a(libc_a-nano-vfprintf_float.o)
                0x0000000008007974                __cvt
 .text.__exponent
                0x0000000008007a38       0x7c C:/ST/STM32CubeIDE_1.13.2/STM32CubeIDE/plugins/com.st.stm32cube.ide.mcu.externaltools.gnu-tools-for-stm32.11.3.rel1.win32_1.1.1.202309131626/tools/bin/../lib/gcc/arm-none-eabi/11.3.1/../../../../arm-none-eabi/lib/thumb/v7e-m+fp/hard\libc_nano.a(libc_a-nano-vfprintf_float.o)
                0x0000000008007a38                __exponent
 .text._printf_float
                0x0000000008007ab4      0x46c C:/ST/STM32CubeIDE_1.13.2/STM32CubeIDE/plugins/com.st.stm32cube.ide.mcu.externaltools.gnu-tools-for-stm32.11.3.rel1.win32_1.1.1.202309131626/tools/bin/../lib/gcc/arm-none-eabi/11.3.1/../../../../arm-none-eabi/lib/thumb/v7e-m+fp/hard\libc_nano.a(libc_a-nano-vfprintf_float.o)
                0x0000000008007ab4                _printf_float
 .text._printf_common
                0x0000000008007f20       0xda C:/ST/STM32CubeIDE_1.13.2/STM32CubeIDE/plugins/com.st.stm32cube.ide.mcu.externaltools.gnu-tools-for-stm32.11.3.rel1.win32_1.1.1.202309131626/tools/bin/../lib/gcc/arm-none-eabi/11.3.1/../../../../arm-none-eabi/lib/thumb/v7e-m+fp/hard\libc_nano.a(libc_a-nano-vfprintf_i.o)
                0x0000000008007f20                _printf_common
 *fill*         0x0000000008007ffa        0x2 
 .text._printf_i
                0x0000000008007ffc      0x244 C:/ST/STM32CubeIDE_1.13.2/STM32CubeIDE/plugins/com.st.stm32cube.ide.mcu.externaltools.gnu-tools-for-stm32.11.3.rel1.win32_1.1.1.202309131626/tools/bin/../lib/gcc/arm-none-eabi/11.3.1/../../../../arm-none-eabi/lib/thumb/v7e-m+fp/hard\libc_nano.a(libc_a-nano-vfprintf_i.o)
                0x0000000008007ffc                _printf_i
 .text.std      0x0000000008008240       0x6c C:/ST/STM32CubeIDE_1.13.2/STM32CubeIDE/plugins/com.st.stm32cube.ide.mcu.externaltools.gnu-tools-for-stm32.11.3.rel1.win32_1.1.1.202309131626/tools/bin/../lib/gcc/arm-none-eabi/11.3.1/../../../../arm-none-eabi/lib/thumb/v7e-m+fp/hard\libc_nano.a(libc_a-findfp.o)
 .text.stdio_exit_handler
                0x00000000080082ac       0x18 C:/ST/STM32CubeIDE_1.13.2/STM32CubeIDE/plugins/com.st.stm32cube.ide.mcu.externaltools.gnu-tools-for-stm32.11.3.rel1.win32_1.1.1.202309131626/tools/bin/../lib/gcc/arm-none-eabi/11.3.1/../../../../arm-none-eabi/lib/thumb/v7e-m+fp/hard\libc_nano.a(libc_a-findfp.o)
 .text.cleanup_stdio
                0x00000000080082c4       0x40 C:/ST/STM32CubeIDE_1.13.2/STM32CubeIDE/plugins/com.st.stm32cube.ide.mcu.externaltools.gnu-tools-for-stm32.11.3.rel1.win32_1.1.1.202309131626/tools/bin/../lib/gcc/arm-none-eabi/11.3.1/../../../../arm-none-eabi/lib/thumb/v7e-m+fp/hard\libc_nano.a(libc_a-findfp.o)
 .text.global_stdio_init.part.0
                0x0000000008008304       0x3c C:/ST/STM32CubeIDE_1.13.2/STM32CubeIDE/plugins/com.st.stm32cube.ide.mcu.externaltools.gnu-tools-for-stm32.11.3.rel1.win32_1.1.1.202309131626/tools/bin/../lib/gcc/arm-none-eabi/11.3.1/../../../../arm-none-eabi/lib/thumb/v7e-m+fp/hard\libc_nano.a(libc_a-findfp.o)
 .text.__sfp_lock_acquire
                0x0000000008008340        0xc C:/ST/STM32CubeIDE_1.13.2/STM32CubeIDE/plugins/com.st.stm32cube.ide.mcu.externaltools.gnu-tools-for-stm32.11.3.rel1.win32_1.1.1.202309131626/tools/bin/../lib/gcc/arm-none-eabi/11.3.1/../../../../arm-none-eabi/lib/thumb/v7e-m+fp/hard\libc_nano.a(libc_a-findfp.o)
                0x0000000008008340                __sfp_lock_acquire
 .text.__sfp_lock_release
                0x000000000800834c        0xc C:/ST/STM32CubeIDE_1.13.2/STM32CubeIDE/plugins/com.st.stm32cube.ide.mcu.externaltools.gnu-tools-for-stm32.11.3.rel1.win32_1.1.1.202309131626/tools/bin/../lib/gcc/arm-none-eabi/11.3.1/../../../../arm-none-eabi/lib/thumb/v7e-m+fp/hard\libc_nano.a(libc_a-findfp.o)
                0x000000000800834c                __sfp_lock_release
 .text.__sinit  0x0000000008008358       0x30 C:/ST/STM32CubeIDE_1.13.2/STM32CubeIDE/plugins/com.st.stm32cube.ide.mcu.externaltools.gnu-tools-for-stm32.11.3.rel1.win32_1.1.1.202309131626/tools/bin/../lib/gcc/arm-none-eabi/11.3.1/../../../../arm-none-eabi/lib/thumb/v7e-m+fp/hard\libc_nano.a(libc_a-findfp.o)
                0x0000000008008358                __sinit
 .text._fwalk_sglue
                0x0000000008008388       0x3c C:/ST/STM32CubeIDE_1.13.2/STM32CubeIDE/plugins/com.st.stm32cube.ide.mcu.externaltools.gnu-tools-for-stm32.11.3.rel1.win32_1.1.1.202309131626/tools/bin/../lib/gcc/arm-none-eabi/11.3.1/../../../../arm-none-eabi/lib/thumb/v7e-m+fp/hard\libc_nano.a(libc_a-fwalk.o)
                0x0000000008008388                _fwalk_sglue
 .text.snprintf
                0x00000000080083c4       0x68 C:/ST/STM32CubeIDE_1.13.2/STM32CubeIDE/plugins/com.st.stm32cube.ide.mcu.externaltools.gnu-tools-for-stm32.11.3.rel1.win32_1.1.1.202309131626/tools/bin/../lib/gcc/arm-none-eabi/11.3.1/../../../../arm-none-eabi/lib/thumb/v7e-m+fp/hard\libc_nano.a(libc_a-snprintf.o)
                0x00000000080083c4                sniprintf
                0x00000000080083c4                snprintf
 .text.__sread  0x000000000800842c       0x22 C:/ST/STM32CubeIDE_1.13.2/STM32CubeIDE/plugins/com.st.stm32cube.ide.mcu.externaltools.gnu-tools-for-stm32.11.3.rel1.win32_1.1.1.202309131626/tools/bin/../lib/gcc/arm-none-eabi/11.3.1/../../../../arm-none-eabi/lib/thumb/v7e-m+fp/hard\libc_nano.a(libc_a-stdio.o)
                0x000000000800842c                __sread
 .text.__swrite
                0x000000000800844e       0x38 C:/ST/STM32CubeIDE_1.13.2/STM32CubeIDE/plugins/com.st.stm32cube.ide.mcu.externaltools.gnu-tools-for-stm32.11.3.rel1.win32_1.1.1.202309131626/tools/bin/../lib/gcc/arm-none-eabi/11.3.1/../../../../arm-none-eabi/lib/thumb/v7e-m+fp/hard\libc_nano.a(libc_a-stdio.o)
                0x000000000800844e                __swrite
 .text.__sseek  0x0000000008008486       0x24 C:/ST/STM32CubeIDE_1.13.2/STM32CubeIDE/plugins/com.st.stm32cube.ide.mcu.externaltools.gnu-tools-for-stm32.11.3.rel1.win32_1.1.1.202309131626/tools/bin/../lib/gcc/arm-none-eabi/11.3.1/../../../../arm-none-eabi/lib/thumb/v7e-m+fp/hard\libc_nano.a(libc_a-stdio.o)
                0x0000000008008486                __sseek
 .text.__sclose
                0x00000000080084aa        0x8 C:/ST/STM32CubeIDE_1.13.2/STM32CubeIDE/plugins/com.st.stm32cube.ide.mcu.externaltools.gnu-tools-for-stm32.11.3.rel1.win32_1.1.1.202309131626/tools/bin/../lib/gcc/arm-none-eabi/11.3.1/../../../../arm-none-eabi/lib/thumb/v7e-m+fp/hard\libc_nano.a(libc_a-stdio.o)
                0x00000000080084aa                __sclose
 .text.memset   0x00000000080084b2       0x10 C:/ST/STM32CubeIDE_1.13.2/STM32CubeIDE/plugins/com.st.stm32cube.ide.mcu.externaltools.gnu-tools-for-stm32.11.3.rel1.win32_1.1.1.202309131626/tools/bin/../lib/gcc/arm-none-eabi/11.3.1/../../../../arm-none-eabi/lib/thumb/v7e-m+fp/hard\libc_nano.a(libc_a-memset.o)
                0x00000000080084b2                memset
 .text._raise_r
                0x00000000080084c2       0x50 C:/ST/STM32CubeIDE_1.13.2/STM32CubeIDE/plugins/com.st.stm32cube.ide.mcu.externaltools.gnu-tools-for-stm32.11.3.rel1.win32_1.1.1.202309131626/tools/bin/../lib/gcc/arm-none-eabi/11.3.1/../../../../arm-none-eabi/lib/thumb/v7e-m+fp/hard\libc_nano.a(libc_a-signal.o)
                0x00000000080084c2                _raise_r
 *fill*         0x0000000008008512        0x2 
 .text.raise    0x0000000008008514       0x10 C:/ST/STM32CubeIDE_1.13.2/STM32CubeIDE/plugins/com.st.stm32cube.ide.mcu.externaltools.gnu-tools-for-stm32.11.3.rel1.win32_1.1.1.202309131626/tools/bin/../lib/gcc/arm-none-eabi/11.3.1/../../../../arm-none-eabi/lib/thumb/v7e-m+fp/hard\libc_nano.a(libc_a-signal.o)
                0x0000000008008514                raise
 .text._localeconv_r
                0x0000000008008524        0x8 C:/ST/STM32CubeIDE_1.13.2/STM32CubeIDE/plugins/com.st.stm32cube.ide.mcu.externaltools.gnu-tools-for-stm32.11.3.rel1.win32_1.1.1.202309131626/tools/bin/../lib/gcc/arm-none-eabi/11.3.1/../../../../arm-none-eabi/lib/thumb/v7e-m+fp/hard\libc_nano.a(libc_a-localeconv.o)
                0x0000000008008524                _localeconv_r
 .text._close_r
                0x000000000800852c       0x20 C:/ST/STM32CubeIDE_1.13.2/STM32CubeIDE/plugins/com.st.stm32cube.ide.mcu.externaltools.gnu-tools-for-stm32.11.3.rel1.win32_1.1.1.202309131626/tools/bin/../lib/gcc/arm-none-eabi/11.3.1/../../../../arm-none-eabi/lib/thumb/v7e-m+fp/hard\libc_nano.a(libc_a-closer.o)
                0x000000000800852c                _close_r
 .text._lseek_r
                0x000000000800854c       0x24 C:/ST/STM32CubeIDE_1.13.2/STM32CubeIDE/plugins/com.st.stm32cube.ide.mcu.externaltools.gnu-tools-for-stm32.11.3.rel1.win32_1.1.1.202309131626/tools/bin/../lib/gcc/arm-none-eabi/11.3.1/../../../../arm-none-eabi/lib/thumb/v7e-m+fp/hard\libc_nano.a(libc_a-lseekr.o)
                0x000000000800854c                _lseek_r
 .text._read_r  0x0000000008008570       0x24 C:/ST/STM32CubeIDE_1.13.2/STM32CubeIDE/plugins/com.st.stm32cube.ide.mcu.externaltools.gnu-tools-for-stm32.11.3.rel1.win32_1.1.1.202309131626/tools/bin/../lib/gcc/arm-none-eabi/11.3.1/../../../../arm-none-eabi/lib/thumb/v7e-m+fp/hard\libc_nano.a(libc_a-readr.o)
                0x0000000008008570                _read_r
 .text._kill_r  0x0000000008008594       0x24 C:/ST/STM32CubeIDE_1.13.2/STM32CubeIDE/plugins/com.st.stm32cube.ide.mcu.externaltools.gnu-tools-for-stm32.11.3.rel1.win32_1.1.1.202309131626/tools/bin/../lib/gcc/arm-none-eabi/11.3.1/../../../../arm-none-eabi/lib/thumb/v7e-m+fp/hard\libc_nano.a(libc_a-signalr.o)
                0x0000000008008594                _kill_r
 .text._getpid_r
                0x00000000080085b8        0x4 C:/ST/STM32CubeIDE_1.13.2/STM32CubeIDE/plugins/com.st.stm32cube.ide.mcu.externaltools.gnu-tools-for-stm32.11.3.rel1.win32_1.1.1.202309131626/tools/bin/../lib/gcc/arm-none-eabi/11.3.1/../../../../arm-none-eabi/lib/thumb/v7e-m+fp/hard\libc_nano.a(libc_a-signalr.o)
                0x00000000080085b8                _getpid_r
 .text._sbrk_r  0x00000000080085bc       0x20 C:/ST/STM32CubeIDE_1.13.2/STM32CubeIDE/plugins/com.st.stm32cube.ide.mcu.externaltools.gnu-tools-for-stm32.11.3.rel1.win32_1.1.1.202309131626/tools/bin/../lib/gcc/arm-none-eabi/11.3.1/../../../../arm-none-eabi/lib/thumb/v7e-m+fp/hard\libc_nano.a(libc_a-sbrkr.o)
                0x00000000080085bc                _sbrk_r
 .text._write_r
                0x00000000080085dc       0x24 C:/ST/STM32CubeIDE_1.13.2/STM32CubeIDE/plugins/com.st.stm32cube.ide.mcu.externaltools.gnu-tools-for-stm32.11.3.rel1.win32_1.1.1.202309131626/tools/bin/../lib/gcc/arm-none-eabi/11.3.1/../../../../arm-none-eabi/lib/thumb/v7e-m+fp/hard\libc_nano.a(libc_a-writer.o)
                0x00000000080085dc                _write_r
 .text.__errno  0x0000000008008600        0xc C:/ST/STM32CubeIDE_1.13.2/STM32CubeIDE/plugins/com.st.stm32cube.ide.mcu.externaltools.gnu-tools-for-stm32.11.3.rel1.win32_1.1.1.202309131626/tools/bin/../lib/gcc/arm-none-eabi/11.3.1/../../../../arm-none-eabi/lib/thumb/v7e-m+fp/hard\libc_nano.a(libc_a-errno.o)
                0x0000000008008600                __errno
 .text.__libc_init_array
                0x000000000800860c       0x48 C:/ST/STM32CubeIDE_1.13.2/STM32CubeIDE/plugins/com.st.stm32cube.ide.mcu.externaltools.gnu-tools-for-stm32.11.3.rel1.win32_1.1.1.202309131626/tools/bin/../lib/gcc/arm-none-eabi/11.3.1/../../../../arm-none-eabi/lib/thumb/v7e-m+fp/hard\libc_nano.a(libc_a-init.o)
                0x000000000800860c                __libc_init_array
 .text.__retarget_lock_init_recursive
                0x0000000008008654        0x2 C:/ST/STM32CubeIDE_1.13.2/STM32CubeIDE/plugins/com.st.stm32cube.ide.mcu.externaltools.gnu-tools-for-stm32.11.3.rel1.win32_1.1.1.202309131626/tools/bin/../lib/gcc/arm-none-eabi/11.3.1/../../../../arm-none-eabi/lib/thumb/v7e-m+fp/hard\libc_nano.a(libc_a-lock.o)
                0x0000000008008654                __retarget_lock_init_recursive
 .text.__retarget_lock_acquire_recursive
                0x0000000008008656        0x2 C:/ST/STM32CubeIDE_1.13.2/STM32CubeIDE/plugins/com.st.stm32cube.ide.mcu.externaltools.gnu-tools-for-stm32.11.3.rel1.win32_1.1.1.202309131626/tools/bin/../lib/gcc/arm-none-eabi/11.3.1/../../../../arm-none-eabi/lib/thumb/v7e-m+fp/hard\libc_nano.a(libc_a-lock.o)
                0x0000000008008656                __retarget_lock_acquire_recursive
 .text.__retarget_lock_release_recursive
                0x0000000008008658        0x2 C:/ST/STM32CubeIDE_1.13.2/STM32CubeIDE/plugins/com.st.stm32cube.ide.mcu.externaltools.gnu-tools-for-stm32.11.3.rel1.win32_1.1.1.202309131626/tools/bin/../lib/gcc/arm-none-eabi/11.3.1/../../../../arm-none-eabi/lib/thumb/v7e-m+fp/hard\libc_nano.a(libc_a-lock.o)
                0x0000000008008658                __retarget_lock_release_recursive
 .text.quorem   0x000000000800865a      0x110 C:/ST/STM32CubeIDE_1.13.2/STM32CubeIDE/plugins/com.st.stm32cube.ide.mcu.externaltools.gnu-tools-for-stm32.11.3.rel1.win32_1.1.1.202309131626/tools/bin/../lib/gcc/arm-none-eabi/11.3.1/../../../../arm-none-eabi/lib/thumb/v7e-m+fp/hard\libc_nano.a(libc_a-dtoa.o)
 *fill*         0x000000000800876a        0x6 
 .text._dtoa_r  0x0000000008008770      0xbe4 C:/ST/STM32CubeIDE_1.13.2/STM32CubeIDE/plugins/com.st.stm32cube.ide.mcu.externaltools.gnu-tools-for-stm32.11.3.rel1.win32_1.1.1.202309131626/tools/bin/../lib/gcc/arm-none-eabi/11.3.1/../../../../arm-none-eabi/lib/thumb/v7e-m+fp/hard\libc_nano.a(libc_a-dtoa.o)
                0x0000000008008770                _dtoa_r
 .text._free_r  0x0000000008009354       0x98 C:/ST/STM32CubeIDE_1.13.2/STM32CubeIDE/plugins/com.st.stm32cube.ide.mcu.externaltools.gnu-tools-for-stm32.11.3.rel1.win32_1.1.1.202309131626/tools/bin/../lib/gcc/arm-none-eabi/11.3.1/../../../../arm-none-eabi/lib/thumb/v7e-m+fp/hard\libc_nano.a(libc_a-freer.o)
                0x0000000008009354                _free_r
 .text._Balloc  0x00000000080093ec       0x80 C:/ST/STM32CubeIDE_1.13.2/STM32CubeIDE/plugins/com.st.stm32cube.ide.mcu.externaltools.gnu-tools-for-stm32.11.3.rel1.win32_1.1.1.202309131626/tools/bin/../lib/gcc/arm-none-eabi/11.3.1/../../../../arm-none-eabi/lib/thumb/v7e-m+fp/hard\libc_nano.a(libc_a-mprec.o)
                0x00000000080093ec                _Balloc
 .text._Bfree   0x000000000800946c       0x44 C:/ST/STM32CubeIDE_1.13.2/STM32CubeIDE/plugins/com.st.stm32cube.ide.mcu.externaltools.gnu-tools-for-stm32.11.3.rel1.win32_1.1.1.202309131626/tools/bin/../lib/gcc/arm-none-eabi/11.3.1/../../../../arm-none-eabi/lib/thumb/v7e-m+fp/hard\libc_nano.a(libc_a-mprec.o)
                0x000000000800946c                _Bfree
 .text.__multadd
                0x00000000080094b0       0x8c C:/ST/STM32CubeIDE_1.13.2/STM32CubeIDE/plugins/com.st.stm32cube.ide.mcu.externaltools.gnu-tools-for-stm32.11.3.rel1.win32_1.1.1.202309131626/tools/bin/../lib/gcc/arm-none-eabi/11.3.1/../../../../arm-none-eabi/lib/thumb/v7e-m+fp/hard\libc_nano.a(libc_a-mprec.o)
                0x00000000080094b0                __multadd
 .text.__hi0bits
                0x000000000800953c       0x40 C:/ST/STM32CubeIDE_1.13.2/STM32CubeIDE/plugins/com.st.stm32cube.ide.mcu.externaltools.gnu-tools-for-stm32.11.3.rel1.win32_1.1.1.202309131626/tools/bin/../lib/gcc/arm-none-eabi/11.3.1/../../../../arm-none-eabi/lib/thumb/v7e-m+fp/hard\libc_nano.a(libc_a-mprec.o)
                0x000000000800953c                __hi0bits
 .text.__lo0bits
                0x000000000800957c       0x5a C:/ST/STM32CubeIDE_1.13.2/STM32CubeIDE/plugins/com.st.stm32cube.ide.mcu.externaltools.gnu-tools-for-stm32.11.3.rel1.win32_1.1.1.202309131626/tools/bin/../lib/gcc/arm-none-eabi/11.3.1/../../../../arm-none-eabi/lib/thumb/v7e-m+fp/hard\libc_nano.a(libc_a-mprec.o)
                0x000000000800957c                __lo0bits
 *fill*         0x00000000080095d6        0x2 
 .text.__i2b    0x00000000080095d8       0x2c C:/ST/STM32CubeIDE_1.13.2/STM32CubeIDE/plugins/com.st.stm32cube.ide.mcu.externaltools.gnu-tools-for-stm32.11.3.rel1.win32_1.1.1.202309131626/tools/bin/../lib/gcc/arm-none-eabi/11.3.1/../../../../arm-none-eabi/lib/thumb/v7e-m+fp/hard\libc_nano.a(libc_a-mprec.o)
                0x00000000080095d8                __i2b
 .text.__multiply
                0x0000000008009604      0x154 C:/ST/STM32CubeIDE_1.13.2/STM32CubeIDE/plugins/com.st.stm32cube.ide.mcu.externaltools.gnu-tools-for-stm32.11.3.rel1.win32_1.1.1.202309131626/tools/bin/../lib/gcc/arm-none-eabi/11.3.1/../../../../arm-none-eabi/lib/thumb/v7e-m+fp/hard\libc_nano.a(libc_a-mprec.o)
                0x0000000008009604                __multiply
 .text.__pow5mult
                0x0000000008009758       0xb4 C:/ST/STM32CubeIDE_1.13.2/STM32CubeIDE/plugins/com.st.stm32cube.ide.mcu.externaltools.gnu-tools-for-stm32.11.3.rel1.win32_1.1.1.202309131626/tools/bin/../lib/gcc/arm-none-eabi/11.3.1/../../../../arm-none-eabi/lib/thumb/v7e-m+fp/hard\libc_nano.a(libc_a-mprec.o)
                0x0000000008009758                __pow5mult
 .text.__lshift
                0x000000000800980c       0xd8 C:/ST/STM32CubeIDE_1.13.2/STM32CubeIDE/plugins/com.st.stm32cube.ide.mcu.externaltools.gnu-tools-for-stm32.11.3.rel1.win32_1.1.1.202309131626/tools/bin/../lib/gcc/arm-none-eabi/11.3.1/../../../../arm-none-eabi/lib/thumb/v7e-m+fp/hard\libc_nano.a(libc_a-mprec.o)
                0x000000000800980c                __lshift
 .text.__mcmp   0x00000000080098e4       0x38 C:/ST/STM32CubeIDE_1.13.2/STM32CubeIDE/plugins/com.st.stm32cube.ide.mcu.externaltools.gnu-tools-for-stm32.11.3.rel1.win32_1.1.1.202309131626/tools/bin/../lib/gcc/arm-none-eabi/11.3.1/../../../../arm-none-eabi/lib/thumb/v7e-m+fp/hard\libc_nano.a(libc_a-mprec.o)
                0x00000000080098e4                __mcmp
 .text.__mdiff  0x000000000800991c      0x114 C:/ST/STM32CubeIDE_1.13.2/STM32CubeIDE/plugins/com.st.stm32cube.ide.mcu.externaltools.gnu-tools-for-stm32.11.3.rel1.win32_1.1.1.202309131626/tools/bin/../lib/gcc/arm-none-eabi/11.3.1/../../../../arm-none-eabi/lib/thumb/v7e-m+fp/hard\libc_nano.a(libc_a-mprec.o)
                0x000000000800991c                __mdiff
 .text.__d2b    0x0000000008009a30       0xb4 C:/ST/STM32CubeIDE_1.13.2/STM32CubeIDE/plugins/com.st.stm32cube.ide.mcu.externaltools.gnu-tools-for-stm32.11.3.rel1.win32_1.1.1.202309131626/tools/bin/../lib/gcc/arm-none-eabi/11.3.1/../../../../arm-none-eabi/lib/thumb/v7e-m+fp/hard\libc_nano.a(libc_a-mprec.o)
                0x0000000008009a30                __d2b
 .text.__ssputs_r
                0x0000000008009ae4       0xb4 C:/ST/STM32CubeIDE_1.13.2/STM32CubeIDE/plugins/com.st.stm32cube.ide.mcu.externaltools.gnu-tools-for-stm32.11.3.rel1.win32_1.1.1.202309131626/tools/bin/../lib/gcc/arm-none-eabi/11.3.1/../../../../arm-none-eabi/lib/thumb/v7e-m+fp/hard\libc_nano.a(libc_a-nano-svfprintf.o)
                0x0000000008009ae4                __ssputs_r
 .text._svfprintf_r
                0x0000000008009b98      0x1fc C:/ST/STM32CubeIDE_1.13.2/STM32CubeIDE/plugins/com.st.stm32cube.ide.mcu.externaltools.gnu-tools-for-stm32.11.3.rel1.win32_1.1.1.202309131626/tools/bin/../lib/gcc/arm-none-eabi/11.3.1/../../../../arm-none-eabi/lib/thumb/v7e-m+fp/hard\libc_nano.a(libc_a-nano-svfprintf.o)
                0x0000000008009b98                _svfiprintf_r
                0x0000000008009b98                _svfprintf_r
 .text.__sflush_r
                0x0000000008009d94      0x10c C:/ST/STM32CubeIDE_1.13.2/STM32CubeIDE/plugins/com.st.stm32cube.ide.mcu.externaltools.gnu-tools-for-stm32.11.3.rel1.win32_1.1.1.202309131626/tools/bin/../lib/gcc/arm-none-eabi/11.3.1/../../../../arm-none-eabi/lib/thumb/v7e-m+fp/hard\libc_nano.a(libc_a-fflush.o)
                0x0000000008009d94                __sflush_r
 .text._fflush_r
                0x0000000008009ea0       0x50 C:/ST/STM32CubeIDE_1.13.2/STM32CubeIDE/plugins/com.st.stm32cube.ide.mcu.externaltools.gnu-tools-for-stm32.11.3.rel1.win32_1.1.1.202309131626/tools/bin/../lib/gcc/arm-none-eabi/11.3.1/../../../../arm-none-eabi/lib/thumb/v7e-m+fp/hard\libc_nano.a(libc_a-fflush.o)
                0x0000000008009ea0                _fflush_r
 .text.memmove  0x0000000008009ef0       0x34 C:/ST/STM32CubeIDE_1.13.2/STM32CubeIDE/plugins/com.st.stm32cube.ide.mcu.externaltools.gnu-tools-for-stm32.11.3.rel1.win32_1.1.1.202309131626/tools/bin/../lib/gcc/arm-none-eabi/11.3.1/../../../../arm-none-eabi/lib/thumb/v7e-m+fp/hard\libc_nano.a(libc_a-memmove.o)
                0x0000000008009ef0                memmove
 .text.memcpy   0x0000000008009f24       0x1c C:/ST/STM32CubeIDE_1.13.2/STM32CubeIDE/plugins/com.st.stm32cube.ide.mcu.externaltools.gnu-tools-for-stm32.11.3.rel1.win32_1.1.1.202309131626/tools/bin/../lib/gcc/arm-none-eabi/11.3.1/../../../../arm-none-eabi/lib/thumb/v7e-m+fp/hard\libc_nano.a(libc_a-memcpy-stub.o)
                0x0000000008009f24                memcpy
 .text.__assert_func
                0x0000000008009f40       0x3c C:/ST/STM32CubeIDE_1.13.2/STM32CubeIDE/plugins/com.st.stm32cube.ide.mcu.externaltools.gnu-tools-for-stm32.11.3.rel1.win32_1.1.1.202309131626/tools/bin/../lib/gcc/arm-none-eabi/11.3.1/../../../../arm-none-eabi/lib/thumb/v7e-m+fp/hard\libc_nano.a(libc_a-assert.o)
                0x0000000008009f40                __assert_func
 .text._calloc_r
                0x0000000008009f7c       0x2c C:/ST/STM32CubeIDE_1.13.2/STM32CubeIDE/plugins/com.st.stm32cube.ide.mcu.externaltools.gnu-tools-for-stm32.11.3.rel1.win32_1.1.1.202309131626/tools/bin/../lib/gcc/arm-none-eabi/11.3.1/../../../../arm-none-eabi/lib/thumb/v7e-m+fp/hard\libc_nano.a(libc_a-callocr.o)
                0x0000000008009f7c                _calloc_r
 .text.__ascii_mbtowc
                0x0000000008009fa8       0x24 C:/ST/STM32CubeIDE_1.13.2/STM32CubeIDE/plugins/com.st.stm32cube.ide.mcu.externaltools.gnu-tools-for-stm32.11.3.rel1.win32_1.1.1.202309131626/tools/bin/../lib/gcc/arm-none-eabi/11.3.1/../../../../arm-none-eabi/lib/thumb/v7e-m+fp/hard\libc_nano.a(libc_a-mbtowc_r.o)
                0x0000000008009fa8                __ascii_mbtowc
 .text._realloc_r
                0x0000000008009fcc       0x5e C:/ST/STM32CubeIDE_1.13.2/STM32CubeIDE/plugins/com.st.stm32cube.ide.mcu.externaltools.gnu-tools-for-stm32.11.3.rel1.win32_1.1.1.202309131626/tools/bin/../lib/gcc/arm-none-eabi/11.3.1/../../../../arm-none-eabi/lib/thumb/v7e-m+fp/hard\libc_nano.a(libc_a-reallocr.o)
                0x0000000008009fcc                _realloc_r
 .text.__ascii_wctomb
                0x000000000800a02a       0x1a C:/ST/STM32CubeIDE_1.13.2/STM32CubeIDE/plugins/com.st.stm32cube.ide.mcu.externaltools.gnu-tools-for-stm32.11.3.rel1.win32_1.1.1.202309131626/tools/bin/../lib/gcc/arm-none-eabi/11.3.1/../../../../arm-none-eabi/lib/thumb/v7e-m+fp/hard\libc_nano.a(libc_a-wctomb_r.o)
                0x000000000800a02a                __ascii_wctomb
 .text.fprintf  0x000000000800a044       0x24 C:/ST/STM32CubeIDE_1.13.2/STM32CubeIDE/plugins/com.st.stm32cube.ide.mcu.externaltools.gnu-tools-for-stm32.11.3.rel1.win32_1.1.1.202309131626/tools/bin/../lib/gcc/arm-none-eabi/11.3.1/../../../../arm-none-eabi/lib/thumb/v7e-m+fp/hard\libc_nano.a(libc_a-fprintf.o)
                0x000000000800a044                fiprintf
                0x000000000800a044                fprintf
 .text._malloc_usable_size_r
                0x000000000800a068       0x10 C:/ST/STM32CubeIDE_1.13.2/STM32CubeIDE/plugins/com.st.stm32cube.ide.mcu.externaltools.gnu-tools-for-stm32.11.3.rel1.win32_1.1.1.202309131626/tools/bin/../lib/gcc/arm-none-eabi/11.3.1/../../../../arm-none-eabi/lib/thumb/v7e-m+fp/hard\libc_nano.a(libc_a-msizer.o)
                0x000000000800a068                _malloc_usable_size_r
 .text.__sfputc_r
                0x000000000800a078       0x2e C:/ST/STM32CubeIDE_1.13.2/STM32CubeIDE/plugins/com.st.stm32cube.ide.mcu.externaltools.gnu-tools-for-stm32.11.3.rel1.win32_1.1.1.202309131626/tools/bin/../lib/gcc/arm-none-eabi/11.3.1/../../../../arm-none-eabi/lib/thumb/v7e-m+fp/hard\libc_nano.a(libc_a-nano-vfprintf.o)
 .text.__sfputs_r
                0x000000000800a0a6       0x24 C:/ST/STM32CubeIDE_1.13.2/STM32CubeIDE/plugins/com.st.stm32cube.ide.mcu.externaltools.gnu-tools-for-stm32.11.3.rel1.win32_1.1.1.202309131626/tools/bin/../lib/gcc/arm-none-eabi/11.3.1/../../../../arm-none-eabi/lib/thumb/v7e-m+fp/hard\libc_nano.a(libc_a-nano-vfprintf.o)
                0x000000000800a0a6                __sfputs_r
 *fill*         0x000000000800a0ca        0x2 
 .text._vfprintf_r
                0x000000000800a0cc      0x234 C:/ST/STM32CubeIDE_1.13.2/STM32CubeIDE/plugins/com.st.stm32cube.ide.mcu.externaltools.gnu-tools-for-stm32.11.3.rel1.win32_1.1.1.202309131626/tools/bin/../lib/gcc/arm-none-eabi/11.3.1/../../../../arm-none-eabi/lib/thumb/v7e-m+fp/hard\libc_nano.a(libc_a-nano-vfprintf.o)
                0x000000000800a0cc                _vfprintf_r
                0x000000000800a0cc                _vfiprintf_r
 .text.__swbuf_r
                0x000000000800a300       0x7a C:/ST/STM32CubeIDE_1.13.2/STM32CubeIDE/plugins/com.st.stm32cube.ide.mcu.externaltools.gnu-tools-for-stm32.11.3.rel1.win32_1.1.1.202309131626/tools/bin/../lib/gcc/arm-none-eabi/11.3.1/../../../../arm-none-eabi/lib/thumb/v7e-m+fp/hard\libc_nano.a(libc_a-wbuf.o)
                0x000000000800a300                __swbuf_r
 *fill*         0x000000000800a37a        0x2 
 .text.__swsetup_r
                0x000000000800a37c       0xb0 C:/ST/STM32CubeIDE_1.13.2/STM32CubeIDE/plugins/com.st.stm32cube.ide.mcu.externaltools.gnu-tools-for-stm32.11.3.rel1.win32_1.1.1.202309131626/tools/bin/../lib/gcc/arm-none-eabi/11.3.1/../../../../arm-none-eabi/lib/thumb/v7e-m+fp/hard\libc_nano.a(libc_a-wsetup.o)
                0x000000000800a37c                __swsetup_r
 .text.__swhatbuf_r
                0x000000000800a42c       0x4c C:/ST/STM32CubeIDE_1.13.2/STM32CubeIDE/plugins/com.st.stm32cube.ide.mcu.externaltools.gnu-tools-for-stm32.11.3.rel1.win32_1.1.1.202309131626/tools/bin/../lib/gcc/arm-none-eabi/11.3.1/../../../../arm-none-eabi/lib/thumb/v7e-m+fp/hard\libc_nano.a(libc_a-makebuf.o)
                0x000000000800a42c                __swhatbuf_r
 .text.__smakebuf_r
                0x000000000800a478       0x78 C:/ST/STM32CubeIDE_1.13.2/STM32CubeIDE/plugins/com.st.stm32cube.ide.mcu.externaltools.gnu-tools-for-stm32.11.3.rel1.win32_1.1.1.202309131626/tools/bin/../lib/gcc/arm-none-eabi/11.3.1/../../../../arm-none-eabi/lib/thumb/v7e-m+fp/hard\libc_nano.a(libc_a-makebuf.o)
                0x000000000800a478                __smakebuf_r
 .text._fstat_r
                0x000000000800a4f0       0x24 C:/ST/STM32CubeIDE_1.13.2/STM32CubeIDE/plugins/com.st.stm32cube.ide.mcu.externaltools.gnu-tools-for-stm32.11.3.rel1.win32_1.1.1.202309131626/tools/bin/../lib/gcc/arm-none-eabi/11.3.1/../../../../arm-none-eabi/lib/thumb/v7e-m+fp/hard\libc_nano.a(libc_a-fstatr.o)
                0x000000000800a4f0                _fstat_r
 .text._isatty_r
                0x000000000800a514       0x20 C:/ST/STM32CubeIDE_1.13.2/STM32CubeIDE/plugins/com.st.stm32cube.ide.mcu.externaltools.gnu-tools-for-stm32.11.3.rel1.win32_1.1.1.202309131626/tools/bin/../lib/gcc/arm-none-eabi/11.3.1/../../../../arm-none-eabi/lib/thumb/v7e-m+fp/hard\libc_nano.a(libc_a-isattyr.o)
                0x000000000800a514                _isatty_r
 *(.glue_7)
 .glue_7        0x000000000800a534        0x0 linker stubs
 *(.glue_7t)
 .glue_7t       0x000000000800a534        0x0 linker stubs
 *(.eh_frame)
 .eh_frame      0x000000000800a534        0x0 C:/ST/STM32CubeIDE_1.13.2/STM32CubeIDE/plugins/com.st.stm32cube.ide.mcu.externaltools.gnu-tools-for-stm32.11.3.rel1.win32_1.1.1.202309131626/tools/bin/../lib/gcc/arm-none-eabi/11.3.1/thumb/v7e-m+fp/hard/crtbegin.o
 *(.init)
 .init          0x000000000800a534        0x4 C:/ST/STM32CubeIDE_1.13.2/STM32CubeIDE/plugins/com.st.stm32cube.ide.mcu.externaltools.gnu-tools-for-stm32.11.3.rel1.win32_1.1.1.202309131626/tools/bin/../lib/gcc/arm-none-eabi/11.3.1/thumb/v7e-m+fp/hard/crti.o
                0x000000000800a534                _init
 .init          0x000000000800a538        0x8 C:/ST/STM32CubeIDE_1.13.2/STM32CubeIDE/plugins/com.st.stm32cube.ide.mcu.externaltools.gnu-tools-for-stm32.11.3.rel1.win32_1.1.1.202309131626/tools/bin/../lib/gcc/arm-none-eabi/11.3.1/thumb/v7e-m+fp/hard/crtn.o
 *(.fini)
 .fini          0x000000000800a540        0x4 C:/ST/STM32CubeIDE_1.13.2/STM32CubeIDE/plugins/com.st.stm32cube.ide.mcu.externaltools.gnu-tools-for-stm32.11.3.rel1.win32_1.1.1.202309131626/tools/bin/../lib/gcc/arm-none-eabi/11.3.1/thumb/v7e-m+fp/hard/crti.o
                0x000000000800a540                _fini
 .fini          0x000000000800a544        0x8 C:/ST/STM32CubeIDE_1.13.2/STM32CubeIDE/plugins/com.st.stm32cube.ide.mcu.externaltools.gnu-tools-for-stm32.11.3.rel1.win32_1.1.1.202309131626/tools/bin/../lib/gcc/arm-none-eabi/11.3.1/thumb/v7e-m+fp/hard/crtn.o
                0x000000000800a54c                . = ALIGN (0x4)
                0x000000000800a54c                _etext = .

.vfp11_veneer   0x000000000800a54c        0x0
 .vfp11_veneer  0x000000000800a54c        0x0 linker stubs

.v4_bx          0x000000000800a54c        0x0
 .v4_bx         0x000000000800a54c        0x0 linker stubs

.iplt           0x000000000800a54c        0x0
 .iplt          0x000000000800a54c        0x0 C:/ST/STM32CubeIDE_1.13.2/STM32CubeIDE/plugins/com.st.stm32cube.ide.mcu.externaltools.gnu-tools-for-stm32.11.3.rel1.win32_1.1.1.202309131626/tools/bin/../lib/gcc/arm-none-eabi/11.3.1/thumb/v7e-m+fp/hard/crtbegin.o

.rodata         0x000000000800a550      0xa24
                0x000000000800a550                . = ALIGN (0x4)
 *(.rodata)
 .rodata        0x000000000800a550       0x46 ./Application/ChargeControl.o
 *fill*         0x000000000800a596        0x2 
 .rodata        0x000000000800a598      0x2de ./Application/Monitor.o
 *fill*         0x000000000800a876        0x2 
 .rodata        0x000000000800a878      0x15a ./Application/SerialMonitor.o
 *fill*         0x000000000800a9d2        0x2 
 .rodata        0x000000000800a9d4      0x142 ./Core/Src/main.o
 *(.rodata*)
 *fill*         0x000000000800ab16        0x2 
 .rodata._ZTVN4blib6AnalogE
                0x000000000800ab18       0x10 ./Application/Analog.o
                0x000000000800ab18                vtable for blib::Analog
 .rodata._ZTVN4blib2dp9SingletonINS_6AnalogEEE
                0x000000000800ab28       0x10 ./Application/Analog.o
                0x000000000800ab28                vtable for blib::dp::Singleton<blib::Analog>
 .rodata._ZTVN4blib13ChargeControlE
                0x000000000800ab38       0x10 ./Application/ChargeControl.o
                0x000000000800ab38                vtable for blib::ChargeControl
 .rodata._ZTVN4blib2dp9SingletonINS_13ChargeControlEEE
                0x000000000800ab48       0x10 ./Application/ChargeControl.o
                0x000000000800ab48                vtable for blib::dp::Singleton<blib::ChargeControl>
 .rodata._ZTVN4blib7MonitorE
                0x000000000800ab58       0x10 ./Application/Monitor.o
                0x000000000800ab58                vtable for blib::Monitor
 .rodata._ZTVN4blib2dp9SingletonINS_7MonitorEEE
                0x000000000800ab68       0x10 ./Application/Monitor.o
                0x000000000800ab68                vtable for blib::dp::Singleton<blib::Monitor>
 .rodata._ZTVN4blib13SerialMonitorE
                0x000000000800ab78       0x10 ./Application/SerialMonitor.o
                0x000000000800ab78                vtable for blib::SerialMonitor
 .rodata._ZTVN4blib2dp9SingletonINS_13SerialMonitorEEE
                0x000000000800ab88       0x10 ./Application/SerialMonitor.o
                0x000000000800ab88                vtable for blib::dp::Singleton<blib::SerialMonitor>
 .rodata.AHBPrescTable
                0x000000000800ab98       0x10 ./Core/Src/system_stm32f3xx.o
                0x000000000800ab98                AHBPrescTable
 .rodata.APBPrescTable
                0x000000000800aba8        0x8 ./Core/Src/system_stm32f3xx.o
                0x000000000800aba8                APBPrescTable
 .rodata.aPLLMULFactorTable
                0x000000000800abb0       0x10 ./Drivers/STM32F3xx_HAL_Driver/Src/stm32f3xx_hal_rcc.o
 .rodata.aPredivFactorTable
                0x000000000800abc0       0x10 ./Drivers/STM32F3xx_HAL_Driver/Src/stm32f3xx_hal_rcc.o
 .rodata._ZTVN4blib6ButtonE
                0x000000000800abd0       0x10 ./MyDriver/Button.o
                0x000000000800abd0                vtable for blib::Button
 .rodata._ZTVN4blib2dp9SingletonINS_6ButtonEEE
                0x000000000800abe0       0x10 ./MyDriver/Button.o
                0x000000000800abe0                vtable for blib::dp::Singleton<blib::Button>
 .rodata._ZTVN4blib3LcdE
                0x000000000800abf0       0x10 ./MyDriver/Lcd.o
                0x000000000800abf0                vtable for blib::Lcd
 .rodata._printf_float.str1.1
                0x000000000800ac00       0x12 C:/ST/STM32CubeIDE_1.13.2/STM32CubeIDE/plugins/com.st.stm32cube.ide.mcu.externaltools.gnu-tools-for-stm32.11.3.rel1.win32_1.1.1.202309131626/tools/bin/../lib/gcc/arm-none-eabi/11.3.1/../../../../arm-none-eabi/lib/thumb/v7e-m+fp/hard\libc_nano.a(libc_a-nano-vfprintf_float.o)
 .rodata._printf_i.str1.1
                0x000000000800ac12       0x22 C:/ST/STM32CubeIDE_1.13.2/STM32CubeIDE/plugins/com.st.stm32cube.ide.mcu.externaltools.gnu-tools-for-stm32.11.3.rel1.win32_1.1.1.202309131626/tools/bin/../lib/gcc/arm-none-eabi/11.3.1/../../../../arm-none-eabi/lib/thumb/v7e-m+fp/hard\libc_nano.a(libc_a-nano-vfprintf_i.o)
 .rodata._dtoa_r.str1.1
                0x000000000800ac34       0x8d C:/ST/STM32CubeIDE_1.13.2/STM32CubeIDE/plugins/com.st.stm32cube.ide.mcu.externaltools.gnu-tools-for-stm32.11.3.rel1.win32_1.1.1.202309131626/tools/bin/../lib/gcc/arm-none-eabi/11.3.1/../../../../arm-none-eabi/lib/thumb/v7e-m+fp/hard\libc_nano.a(libc_a-dtoa.o)
                                         0x8f (size before relaxing)
 .rodata._Balloc.str1.1
                0x000000000800acc1       0x59 C:/ST/STM32CubeIDE_1.13.2/STM32CubeIDE/plugins/com.st.stm32cube.ide.mcu.externaltools.gnu-tools-for-stm32.11.3.rel1.win32_1.1.1.202309131626/tools/bin/../lib/gcc/arm-none-eabi/11.3.1/../../../../arm-none-eabi/lib/thumb/v7e-m+fp/hard\libc_nano.a(libc_a-mprec.o)
                                         0x70 (size before relaxing)
 .rodata.__multadd.str1.1
                0x000000000800ad1a       0x11 C:/ST/STM32CubeIDE_1.13.2/STM32CubeIDE/plugins/com.st.stm32cube.ide.mcu.externaltools.gnu-tools-for-stm32.11.3.rel1.win32_1.1.1.202309131626/tools/bin/../lib/gcc/arm-none-eabi/11.3.1/../../../../arm-none-eabi/lib/thumb/v7e-m+fp/hard\libc_nano.a(libc_a-mprec.o)
 *fill*         0x000000000800ad1a        0x6 
 .rodata.__mprec_bigtens
                0x000000000800ad20       0x28 C:/ST/STM32CubeIDE_1.13.2/STM32CubeIDE/plugins/com.st.stm32cube.ide.mcu.externaltools.gnu-tools-for-stm32.11.3.rel1.win32_1.1.1.202309131626/tools/bin/../lib/gcc/arm-none-eabi/11.3.1/../../../../arm-none-eabi/lib/thumb/v7e-m+fp/hard\libc_nano.a(libc_a-mprec.o)
                0x000000000800ad20                __mprec_bigtens
 .rodata.__mprec_tens
                0x000000000800ad48       0xc8 C:/ST/STM32CubeIDE_1.13.2/STM32CubeIDE/plugins/com.st.stm32cube.ide.mcu.externaltools.gnu-tools-for-stm32.11.3.rel1.win32_1.1.1.202309131626/tools/bin/../lib/gcc/arm-none-eabi/11.3.1/../../../../arm-none-eabi/lib/thumb/v7e-m+fp/hard\libc_nano.a(libc_a-mprec.o)
                0x000000000800ad48                __mprec_tens
 .rodata.p05.0  0x000000000800ae10        0xc C:/ST/STM32CubeIDE_1.13.2/STM32CubeIDE/plugins/com.st.stm32cube.ide.mcu.externaltools.gnu-tools-for-stm32.11.3.rel1.win32_1.1.1.202309131626/tools/bin/../lib/gcc/arm-none-eabi/11.3.1/../../../../arm-none-eabi/lib/thumb/v7e-m+fp/hard\libc_nano.a(libc_a-mprec.o)
 .rodata._svfprintf_r.str1.1
                0x000000000800ae1c       0x11 C:/ST/STM32CubeIDE_1.13.2/STM32CubeIDE/plugins/com.st.stm32cube.ide.mcu.externaltools.gnu-tools-for-stm32.11.3.rel1.win32_1.1.1.202309131626/tools/bin/../lib/gcc/arm-none-eabi/11.3.1/../../../../arm-none-eabi/lib/thumb/v7e-m+fp/hard\libc_nano.a(libc_a-nano-svfprintf.o)
 .rodata._setlocale_r.str1.1
                0x000000000800ae2d        0x8 C:/ST/STM32CubeIDE_1.13.2/STM32CubeIDE/plugins/com.st.stm32cube.ide.mcu.externaltools.gnu-tools-for-stm32.11.3.rel1.win32_1.1.1.202309131626/tools/bin/../lib/gcc/arm-none-eabi/11.3.1/../../../../arm-none-eabi/lib/thumb/v7e-m+fp/hard\libc_nano.a(libc_a-locale.o)
                                          0x9 (size before relaxing)
 .rodata.str1.1
                0x000000000800ae35        0x2 C:/ST/STM32CubeIDE_1.13.2/STM32CubeIDE/plugins/com.st.stm32cube.ide.mcu.externaltools.gnu-tools-for-stm32.11.3.rel1.win32_1.1.1.202309131626/tools/bin/../lib/gcc/arm-none-eabi/11.3.1/../../../../arm-none-eabi/lib/thumb/v7e-m+fp/hard\libc_nano.a(libc_a-locale.o)
 .rodata.__assert_func.str1.1
                0x000000000800ae37       0x3c C:/ST/STM32CubeIDE_1.13.2/STM32CubeIDE/plugins/com.st.stm32cube.ide.mcu.externaltools.gnu-tools-for-stm32.11.3.rel1.win32_1.1.1.202309131626/tools/bin/../lib/gcc/arm-none-eabi/11.3.1/../../../../arm-none-eabi/lib/thumb/v7e-m+fp/hard\libc_nano.a(libc_a-assert.o)
                                         0x3d (size before relaxing)
 .rodata._ctype_
                0x000000000800ae73      0x101 C:/ST/STM32CubeIDE_1.13.2/STM32CubeIDE/plugins/com.st.stm32cube.ide.mcu.externaltools.gnu-tools-for-stm32.11.3.rel1.win32_1.1.1.202309131626/tools/bin/../lib/gcc/arm-none-eabi/11.3.1/../../../../arm-none-eabi/lib/thumb/v7e-m+fp/hard\libc_nano.a(libc_a-ctype_.o)
                0x000000000800ae73                _ctype_
 .rodata._vfprintf_r.str1.1
                0x000000000800af74       0x11 C:/ST/STM32CubeIDE_1.13.2/STM32CubeIDE/plugins/com.st.stm32cube.ide.mcu.externaltools.gnu-tools-for-stm32.11.3.rel1.win32_1.1.1.202309131626/tools/bin/../lib/gcc/arm-none-eabi/11.3.1/../../../../arm-none-eabi/lib/thumb/v7e-m+fp/hard\libc_nano.a(libc_a-nano-vfprintf.o)
                0x000000000800af88                . = ALIGN (0x4)

.rel.dyn        0x000000000800af74        0x0