../Libraries/Constant.h:23:7:Constant::~Constant()	0	static
../Libraries/Constant.h:23:7:virtual Constant::~Constant()	8	static
../Libraries/Analog.cpp:17:5:blib::Analog::~Analog()	8	static
../Libraries/Analog.cpp:17:5:virtual blib::Analog::~Analog()	8	static
../Libraries/Analog.cpp:23:10:void blib::Analog::sampling()	0	static
../Libraries/Analog.cpp:12:5:blib::Analog::Analog()	8	static
../Libraries/Analog.cpp:28:11:float blib::Analog::getSolarVoltage() const	0	static
../Libraries/Analog.cpp:32:11:float blib::Analog::getSolarCurrent() const	0	static
../Libraries/Analog.cpp:36:11:float blib::Analog::getVout() const	0	static
../Libraries/Analog.cpp:40:11:float blib::Analog::getIout() const	0	static
../Libraries/Analog.cpp:44:11:float blib::Analog::getTemp() const	0	static
../Libraries/Analog.cpp:113:11:float blib::Analog::calTemperature(uint32_t)	24	static
../Libraries/Singleton.h:19:27:static T& blib::dp::Singleton<T>::getInstance() [with T = Constant]	8	static
../Libraries/Analog.cpp:88:11:float blib::Analog::calSolarVoltage(uint32_t)	16	static
../Libraries/Analog.cpp:93:11:float blib::Analog::calSolarCurrent(uint32_t)	16	static
../Libraries/Analog.cpp:105:11:float blib::Analog::calBatteryCurrent(uint32_t)	0	static
../Libraries/Analog.cpp:101:11:float blib::Analog::calBatteryVoltage(uint32_t)	16	static
../Libraries/Analog.cpp:49:10:void blib::Analog::readAnalog()	24	static
