../Libraries/ChargeControl.cpp:41:5:blib::ChargeControl::~ChargeControl()	0	static
../Libraries/Constant.h:23:7:Constant::~Constant()	0	static
../Libraries/ChargeControl.cpp:41:5:virtual blib::ChargeControl::~ChargeControl()	8	static
../Libraries/Constant.h:23:7:virtual Constant::~Constant()	8	static
../Libraries/Log.h:48:25:static void blib::Logger::print(const char*)	16	static
../Libraries/ChargeControl.cpp:134:10:void blib::ChargeControl::setBuckEnable(bool)	0	static
../Libraries/ChargeControl.cpp:138:10:bool blib::ChargeControl::getBuckEnable() const	0	static
../Libraries/ChargeControl.cpp:167:10:void blib::ChargeControl::inverterDisable()	0	static
../Libraries/ChargeControl.cpp:192:10:void blib::ChargeControl::generatePwm(uint32_t)	0	static
../Libraries/ChargeControl.cpp:197:10:void blib::ChargeControl::pwmInit(uint32_t, uint32_t)	56	static
../Libraries/Singleton.h:19:27:static T& blib::dp::Singleton<T>::getInstance() [with T = blib::Analog]	16	static
../Libraries/Singleton.h:19:27:static T& blib::dp::Singleton<T>::getInstance() [with T = Constant]	8	static
../Libraries/ChargeControl.cpp:172:14:uint32_t blib::ChargeControl::predictPwm()	16	static
../Libraries/Log.h:35:25:) [with Args = {const char*, int, const char*}]	32	static
../Libraries/ChargeControl.cpp:144:10:void blib::ChargeControl::buckEnable()	8	static
../Libraries/ChargeControl.cpp:217:10:void blib::ChargeControl::pwmWrite()	16	static
../Libraries/ChargeControl.cpp:153:10:void blib::ChargeControl::buckDisable()	16	static
../Libraries/ChargeControl.cpp:34:5:blib::ChargeControl::ChargeControl()	16	static
../Libraries/ChargeControl.cpp:162:10:void blib::ChargeControl::inverterEnable()	8	static
../Libraries/ChargeControl.cpp:45:10:void blib::ChargeControl::run()	32	static
