../Libraries/Lcd.cpp:18:5:blib::Lcd::~Lcd()	0	static
../Libraries/Lcd.cpp:18:5:virtual blib::Lcd::~Lcd()	8	static
../Libraries/Log.h:48:25:static void blib::Logger::print(const char*)	16	static
../Libraries/Lcd.cpp:22:10:void blib::Lcd::sendCmd(uint8_t)	24	static
../Libraries/Lcd.cpp:34:10:void blib::Lcd::sendData(uint8_t)	24	static
../Libraries/Lcd.cpp:46:10:void blib::Lcd::setCursor(uint8_t, uint8_t)	0	static
../Libraries/Lcd.cpp:78:10:void blib::Lcd::rollData()	0	static
../Libraries/Lcd.cpp:82:10:void blib::Lcd::pushData()	0	static
../Libraries/Lcd.cpp:87:10:char blib::ischar(const char*)	0	static
../Libraries/Lcd.cpp:91:10:void blib::Lcd::displayLine(uint8_t, uint8_t, const char*)	192	static
../Libraries/Lcd.cpp:137:10:void blib::Lcd::clearDisplay()	0	static
../Libraries/Lcd.cpp:141:10:void blib::Lcd::init()	8	static
../Libraries/Lcd.cpp:13:5:blib::Lcd::Lcd(blib::Lcd::LcdType, I2C_HandleTypeDef*, uint8_t)	16	static
../Libraries/Lcd.cpp:173:10:void blib::Lcd::noBackligth()	0	static
../Libraries/Lcd.cpp:179:10:void blib::Lcd::backlight()	0	static
../Libraries/Lcd.cpp:185:10:void blib::Lcd::makeCustomCharacter(uint8_t, uint8_t*)	0	static
