../Libraries/Rtc.cpp:18:5:blib::Rtc::~Rtc()	0	static
../Libraries/Rtc.cpp:22:10:void blib::Rtc::readTime()	32	static
../Libraries/Rtc.cpp:12:5:blib::Rtc::Rtc()	8	static
../Libraries/Rtc.cpp:65:10:static bool blib::Rtc::isLeapYear(uint8_t)	0	static
../Libraries/Rtc.cpp:76:10:bool blib::Rtc::isTimeValid(uint8_t, uint8_t, uint8_t, uint8_t, uint8_t)	8	static
../Libraries/Rtc.cpp:36:10:void blib::Rtc::setTime(uint8_t, uint8_t, uint8_t, uint8_t, uint8_t)	64	static
../Libraries/Rtc.cpp:118:10:static void blib::Rtc::incrementParameter(int, uint8_t&, uint8_t&, uint8_t&, uint8_t&, uint8_t&)	24	static
../Libraries/Rtc.cpp:152:10:static void blib::Rtc::decrementParameter(int, uint8_t&, uint8_t&, uint8_t&, uint8_t&, uint8_t&)	24	static
