Archive member included to satisfy reference by file (symbol)

C:/ST/STM32CubeIDE_1.13.2/STM32CubeIDE/plugins/com.st.stm32cube.ide.mcu.externaltools.gnu-tools-for-stm32.11.3.rel1.win32_1.1.1.202309131626/tools/bin/../lib/gcc/arm-none-eabi/11.3.1/../../../../arm-none-eabi/lib/thumb/v7e-m+fp/hard\libstdc++_nano.a(del_ops.o)
                              ./Core/Src/main.o (operator delete(void*, unsigned int))
C:/ST/STM32CubeIDE_1.13.2/STM32CubeIDE/plugins/com.st.stm32cube.ide.mcu.externaltools.gnu-tools-for-stm32.11.3.rel1.win32_1.1.1.202309131626/tools/bin/../lib/gcc/arm-none-eabi/11.3.1/../../../../arm-none-eabi/lib/thumb/v7e-m+fp/hard\libstdc++_nano.a(guard.o)
                              ./Core/Src/main.o (__cxa_guard_acquire)
C:/ST/STM32CubeIDE_1.13.2/STM32CubeIDE/plugins/com.st.stm32cube.ide.mcu.externaltools.gnu-tools-for-stm32.11.3.rel1.win32_1.1.1.202309131626/tools/bin/../lib/gcc/arm-none-eabi/11.3.1/../../../../arm-none-eabi/lib/thumb/v7e-m+fp/hard\libstdc++_nano.a(new_op.o)
                              ./Core/Src/main.o (operator new(unsigned int))
C:/ST/STM32CubeIDE_1.13.2/STM32CubeIDE/plugins/com.st.stm32cube.ide.mcu.externaltools.gnu-tools-for-stm32.11.3.rel1.win32_1.1.1.202309131626/tools/bin/../lib/gcc/arm-none-eabi/11.3.1/../../../../arm-none-eabi/lib/thumb/v7e-m+fp/hard\libstdc++_nano.a(del_op.o)
                              C:/ST/STM32CubeIDE_1.13.2/STM32CubeIDE/plugins/com.st.stm32cube.ide.mcu.externaltools.gnu-tools-for-stm32.11.3.rel1.win32_1.1.1.202309131626/tools/bin/../lib/gcc/arm-none-eabi/11.3.1/../../../../arm-none-eabi/lib/thumb/v7e-m+fp/hard\libstdc++_nano.a(del_ops.o) (operator delete(void*))
C:/ST/STM32CubeIDE_1.13.2/STM32CubeIDE/plugins/com.st.stm32cube.ide.mcu.externaltools.gnu-tools-for-stm32.11.3.rel1.win32_1.1.1.202309131626/tools/bin/../lib/gcc/arm-none-eabi/11.3.1/../../../../arm-none-eabi/lib/thumb/v7e-m+fp/hard\libstdc++_nano.a(new_handler.o)
                              C:/ST/STM32CubeIDE_1.13.2/STM32CubeIDE/plugins/com.st.stm32cube.ide.mcu.externaltools.gnu-tools-for-stm32.11.3.rel1.win32_1.1.1.202309131626/tools/bin/../lib/gcc/arm-none-eabi/11.3.1/../../../../arm-none-eabi/lib/thumb/v7e-m+fp/hard\libstdc++_nano.a(new_op.o) (std::get_new_handler())
C:/ST/STM32CubeIDE_1.13.2/STM32CubeIDE/plugins/com.st.stm32cube.ide.mcu.externaltools.gnu-tools-for-stm32.11.3.rel1.win32_1.1.1.202309131626/tools/bin/../lib/gcc/arm-none-eabi/11.3.1/../../../../arm-none-eabi/lib/thumb/v7e-m+fp/hard\libm.a(libm_a-w_log.o)
                              ./Libraries/Analog.o (log)
C:/ST/STM32CubeIDE_1.13.2/STM32CubeIDE/plugins/com.st.stm32cube.ide.mcu.externaltools.gnu-tools-for-stm32.11.3.rel1.win32_1.1.1.202309131626/tools/bin/../lib/gcc/arm-none-eabi/11.3.1/../../../../arm-none-eabi/lib/thumb/v7e-m+fp/hard\libm.a(libm_a-s_nan.o)
                              C:/ST/STM32CubeIDE_1.13.2/STM32CubeIDE/plugins/com.st.stm32cube.ide.mcu.externaltools.gnu-tools-for-stm32.11.3.rel1.win32_1.1.1.202309131626/tools/bin/../lib/gcc/arm-none-eabi/11.3.1/../../../../arm-none-eabi/lib/thumb/v7e-m+fp/hard\libm.a(libm_a-w_log.o) (nan)
C:/ST/STM32CubeIDE_1.13.2/STM32CubeIDE/plugins/com.st.stm32cube.ide.mcu.externaltools.gnu-tools-for-stm32.11.3.rel1.win32_1.1.1.202309131626/tools/bin/../lib/gcc/arm-none-eabi/11.3.1/../../../../arm-none-eabi/lib/thumb/v7e-m+fp/hard\libm.a(libm_a-e_log.o)
                              C:/ST/STM32CubeIDE_1.13.2/STM32CubeIDE/plugins/com.st.stm32cube.ide.mcu.externaltools.gnu-tools-for-stm32.11.3.rel1.win32_1.1.1.202309131626/tools/bin/../lib/gcc/arm-none-eabi/11.3.1/../../../../arm-none-eabi/lib/thumb/v7e-m+fp/hard\libm.a(libm_a-w_log.o) (__ieee754_log)
C:/ST/STM32CubeIDE_1.13.2/STM32CubeIDE/plugins/com.st.stm32cube.ide.mcu.externaltools.gnu-tools-for-stm32.11.3.rel1.win32_1.1.1.202309131626/tools/bin/../lib/gcc/arm-none-eabi/11.3.1/../../../../arm-none-eabi/lib/thumb/v7e-m+fp/hard\libc_nano.a(libc_a-abort.o)
                              C:/ST/STM32CubeIDE_1.13.2/STM32CubeIDE/plugins/com.st.stm32cube.ide.mcu.externaltools.gnu-tools-for-stm32.11.3.rel1.win32_1.1.1.202309131626/tools/bin/../lib/gcc/arm-none-eabi/11.3.1/../../../../arm-none-eabi/lib/thumb/v7e-m+fp/hard\libstdc++_nano.a(new_op.o) (abort)
C:/ST/STM32CubeIDE_1.13.2/STM32CubeIDE/plugins/com.st.stm32cube.ide.mcu.externaltools.gnu-tools-for-stm32.11.3.rel1.win32_1.1.1.202309131626/tools/bin/../lib/gcc/arm-none-eabi/11.3.1/../../../../arm-none-eabi/lib/thumb/v7e-m+fp/hard\libc_nano.a(libc_a-exit.o)
                              C:/ST/STM32CubeIDE_1.13.2/STM32CubeIDE/plugins/com.st.stm32cube.ide.mcu.externaltools.gnu-tools-for-stm32.11.3.rel1.win32_1.1.1.202309131626/tools/bin/../lib/gcc/arm-none-eabi/11.3.1/../../../../arm-none-eabi/lib/thumb/v7e-m+fp/hard/crt0.o (exit)
[...]
Memory Configuration

Name             Origin             Length             Attributes
CCMRAM           0x0000000010000000 0x0000000000010000 xrw
RAM              0x0000000020000000 0x0000000000020000 xrw
FLASH            0x0000000008000000 0x0000000000100000 xr
*default*        0x0000000000000000 0xffffffffffffffff

Linker script and memory map

LOAD C:/ST/STM32CubeIDE_1.13.2/STM32CubeIDE/plugins/com.st.stm32cube.ide.mcu.externaltools.gnu-tools-for-stm32.11.3.rel1.win32_1.1.1.202309131626/tools/bin/../lib/gcc/arm-none-eabi/11.3.1/thumb/v7e-m+fp/hard/crti.o
LOAD C:/ST/STM32CubeIDE_1.13.2/STM32CubeIDE/plugins/com.st.stm32cube.ide.mcu.externaltools.gnu-tools-for-stm32.11.3.rel1.win32_1.1.1.202309131626/tools/bin/../lib/gcc/arm-none-eabi/11.3.1/thumb/v7e-m+fp/hard/crtbegin.o
LOAD C:/ST/STM32CubeIDE_1.13.2/STM32CubeIDE/plugins/com.st.stm32cube.ide.mcu.externaltools.gnu-tools-for-stm32.11.3.rel1.win32_1.1.1.202309131626/tools/bin/../lib/gcc/arm-none-eabi/11.3.1/../../../../arm-none-eabi/lib/thumb/v7e-m+fp/hard/crt0.o
LOAD ./Core/Src/main.o
LOAD ./Core/Src/stm32f4xx_hal_msp.o
LOAD ./Core/Src/stm32f4xx_it.o
LOAD ./Core/Src/syscalls.o
LOAD ./Core/Src/sysmem.o
LOAD ./Core/Src/system_stm32f4xx.o
LOAD ./Core/Startup/startup_stm32f407vgtx.o
LOAD ./Drivers/STM32F4xx_HAL_Driver/Src/stm32f4xx_hal.o
LOAD ./Drivers/STM32F4xx_HAL_Driver/Src/stm32f4xx_hal_adc.o
LOAD ./Drivers/STM32F4xx_HAL_Driver/Src/stm32f4xx_hal_adc_ex.o
LOAD ./Drivers/STM32F4xx_HAL_Driver/Src/stm32f4xx_hal_cortex.o
LOAD ./Drivers/STM32F4xx_HAL_Driver/Src/stm32f4xx_hal_dma.o
LOAD ./Drivers/STM32F4xx_HAL_Driver/Src/stm32f4xx_hal_dma_ex.o
LOAD ./Drivers/STM32F4xx_HAL_Driver/Src/stm32f4xx_hal_exti.o
LOAD ./Drivers/STM32F4xx_HAL_Driver/Src/stm32f4xx_hal_flash.o
LOAD ./Drivers/STM32F4xx_HAL_Driver/Src/stm32f4xx_hal_flash_ex.o
LOAD ./Drivers/STM32F4xx_HAL_Driver/Src/stm32f4xx_hal_flash_ramfunc.o
LOAD ./Drivers/STM32F4xx_HAL_Driver/Src/stm32f4xx_hal_gpio.o
LOAD ./Drivers/STM32F4xx_HAL_Driver/Src/stm32f4xx_hal_i2c.o
LOAD ./Drivers/STM32F4xx_HAL_Driver/Src/stm32f4xx_hal_i2c_ex.o
LOAD ./Drivers/STM32F4xx_HAL_Driver/Src/stm32f4xx_hal_iwdg.o
LOAD ./Drivers/STM32F4xx_HAL_Driver/Src/stm32f4xx_hal_pwr.o
LOAD ./Drivers/STM32F4xx_HAL_Driver/Src/stm32f4xx_hal_pwr_ex.o
LOAD ./Drivers/STM32F4xx_HAL_Driver/Src/stm32f4xx_hal_rcc.o
LOAD ./Drivers/STM32F4xx_HAL_Driver/Src/stm32f4xx_hal_rcc_ex.o
LOAD ./Drivers/STM32F4xx_HAL_Driver/Src/stm32f4xx_hal_tim.o
LOAD ./Drivers/STM32F4xx_HAL_Driver/Src/stm32f4xx_hal_tim_ex.o
LOAD ./Drivers/STM32F4xx_HAL_Driver/Src/stm32f4xx_hal_uart.o
LOAD ./Drivers/STM32F4xx_HAL_Driver/Src/stm32f4xx_ll_adc.o
LOAD ./Libraries/Analog.o
LOAD ./Libraries/Button.o
LOAD ./Libraries/ChargeControl.o
LOAD ./Libraries/DeviceProtection.o
LOAD ./Libraries/Lcd.o
LOAD ./Libraries/Log.o
LOAD ./Libraries/SerialMonitor.o
LOAD ./Libraries/SystemManager.o
START GROUP
LOAD C:/ST/STM32CubeIDE_1.13.2/STM32CubeIDE/plugins/com.st.stm32cube.ide.mcu.externaltools.gnu-tools-for-stm32.11.3.rel1.win32_1.1.1.202309131626/tools/bin/../lib/gcc/arm-none-eabi/11.3.1/../../../../arm-none-eabi/lib/thumb/v7e-m+fp/hard\libstdc++_nano.a
LOAD C:/ST/STM32CubeIDE_1.13.2/STM32CubeIDE/plugins/com.st.stm32cube.ide.mcu.externaltools.gnu-tools-for-stm32.11.3.rel1.win32_1.1.1.202309131626/tools/bin/../lib/gcc/arm-none-eabi/11.3.1/../../../../arm-none-eabi/lib/thumb/v7e-m+fp/hard\libsupc++_nano.a
END GROUP
LOAD C:/ST/STM32CubeIDE_1.13.2/STM32CubeIDE/plugins/com.st.stm32cube.ide.mcu.externaltools.gnu-tools-for-stm32.11.3.rel1.win32_1.1.1.202309131626/tools/bin/../lib/gcc/arm-none-eabi/11.3.1/../../../../arm-none-eabi/lib/thumb/v7e-m+fp/hard\libstdc++_nano.a
LOAD C:/ST/STM32CubeIDE_1.13.2/STM32CubeIDE/plugins/com.st.stm32cube.ide.mcu.externaltools.gnu-tools-for-stm32.11.3.rel1.win32_1.1.1.202309131626/tools/bin/../lib/gcc/arm-none-eabi/11.3.1/../../../../arm-none-eabi/lib/thumb/v7e-m+fp/hard\libm.a
LOAD C:/ST/STM32CubeIDE_1.13.2/STM32CubeIDE/plugins/com.st.stm32cube.ide.mcu.externaltools.gnu-tools-for-stm32.11.3.rel1.win32_1.1.1.202309131626/tools/bin/../lib/gcc/arm-none-eabi/11.3.1/../../../../arm-none-eabi/lib/thumb/v7e-m+fp/hard\libc_nano.a
START GROUP
LOAD C:/ST/STM32CubeIDE_1.13.2/STM32CubeIDE/plugins/com.st.stm32cube.ide.mcu.externaltools.gnu-tools-for-stm32.11.3.rel1.win32_1.1.1.202309131626/tools/bin/../lib/gcc/arm-none-eabi/11.3.1/thumb/v7e-m+fp/hard\libgcc.a
LOAD C:/ST/STM32CubeIDE_1.13.2/STM32CubeIDE/plugins/com.st.stm32cube.ide.mcu.externaltools.gnu-tools-for-stm32.11.3.rel1.win32_1.1.1.202309131626/tools/bin/../lib/gcc/arm-none-eabi/11.3.1/../../../../arm-none-eabi/lib/thumb/v7e-m+fp/hard\libc_nano.a
END GROUP
START GROUP
LOAD C:/ST/STM32CubeIDE_1.13.2/STM32CubeIDE/plugins/com.st.stm32cube.ide.mcu.externaltools.gnu-tools-for-stm32.11.3.rel1.win32_1.1.1.202309131626/tools/bin/../lib/gcc/arm-none-eabi/11.3.1/thumb/v7e-m+fp/hard\libgcc.a
LOAD C:/ST/STM32CubeIDE_1.13.2/STM32CubeIDE/plugins/com.st.stm32cube.ide.mcu.externaltools.gnu-tools-for-stm32.11.3.rel1.win32_1.1.1.202309131626/tools/bin/../lib/gcc/arm-none-eabi/11.3.1/../../../../arm-none-eabi/lib/thumb/v7e-m+fp/hard\libc_nano.a
LOAD C:/ST/STM32CubeIDE_1.13.2/STM32CubeIDE/plugins/com.st.stm32cube.ide.mcu.externaltools.gnu-tools-for-stm32.11.3.rel1.win32_1.1.1.202309131626/tools/bin/../lib/gcc/arm-none-eabi/11.3.1/../../../../arm-none-eabi/lib/thumb/v7e-m+fp/hard\libnosys.a
END GROUP
START GROUP
LOAD C:/ST/STM32CubeIDE_1.13.2/STM32CubeIDE/plugins/com.st.stm32cube.ide.mcu.externaltools.gnu-tools-for-stm32.11.3.rel1.win32_1.1.1.202309131626/tools/bin/../lib/gcc/arm-none-eabi/11.3.1/thumb/v7e-m+fp/hard\libgcc.a
LOAD C:/ST/STM32CubeIDE_1.13.2/STM32CubeIDE/plugins/com.st.stm32cube.ide.mcu.externaltools.gnu-tools-for-stm32.11.3.rel1.win32_1.1.1.202309131626/tools/bin/../lib/gcc/arm-none-eabi/11.3.1/../../../../arm-none-eabi/lib/thumb/v7e-m+fp/hard\libc_nano.a
LOAD C:/ST/STM32CubeIDE_1.13.2/STM32CubeIDE/plugins/com.st.stm32cube.ide.mcu.externaltools.gnu-tools-for-stm32.11.3.rel1.win32_1.1.1.202309131626/tools/bin/../lib/gcc/arm-none-eabi/11.3.1/../../../../arm-none-eabi/lib/thumb/v7e-m+fp/hard\libnosys.a
END GROUP
LOAD C:/ST/STM32CubeIDE_1.13.2/STM32CubeIDE/plugins/com.st.stm32cube.ide.mcu.externaltools.gnu-tools-for-stm32.11.3.rel1.win32_1.1.1.202309131626/tools/bin/../lib/gcc/arm-none-eabi/11.3.1/thumb/v7e-m+fp/hard/crtend.o
LOAD C:/ST/STM32CubeIDE_1.13.2/STM32CubeIDE/plugins/com.st.stm32cube.ide.mcu.externaltools.gnu-tools-for-stm32.11.3.rel1.win32_1.1.1.202309131626/tools/bin/../lib/gcc/arm-none-eabi/11.3.1/thumb/v7e-m+fp/hard/crtn.o
                0x0000000020020000                _estack = (ORIGIN (RAM) + LENGTH (RAM))
                0x0000000000000200                _Min_Heap_Size = 0x200
                0x0000000000000400                _Min_Stack_Size = 0x400

.isr_vector     0x0000000008000000      0x188
                0x0000000008000000                . = ALIGN (0x4)
 *(.isr_vector)
 .isr_vector    0x0000000008000000      0x188 ./Core/Startup/startup_stm32f407vgtx.o
                0x0000000008000000                g_pfnVectors
                0x0000000008000188                . = ALIGN (0x4)

.text           0x0000000008000190     0xa894
                0x0000000008000190                . = ALIGN (0x4)
 *(.text)
 .text          0x0000000008000190       0x40 C:/ST/STM32CubeIDE_1.13.2/STM32CubeIDE/plugins/com.st.stm32cube.ide.mcu.externaltools.gnu-tools-for-stm32.11.3.rel1.win32_1.1.1.202309131626/tools/bin/../lib/gcc/arm-none-eabi/11.3.1/thumb/v7e-m+fp/hard/crtbegin.o
 .text          0x00000000080001d0       0xa0 C:/ST/STM32CubeIDE_1.13.2/STM32CubeIDE/plugins/com.st.stm32cube.ide.mcu.externaltools.gnu-tools-for-stm32.11.3.rel1.win32_1.1.1.202309131626/tools/bin/../lib/gcc/arm-none-eabi/11.3.1/../../../../arm-none-eabi/lib/thumb/v7e-m+fp/hard\libc_nano.a(libc_a-memchr.o)
                0x00000000080001d0                memchr
 .text          0x0000000008000270       0x10 C:/ST/STM32CubeIDE_1.13.2/STM32CubeIDE/plugins/com.st.stm32cube.ide.mcu.externaltools.gnu-tools-for-stm32.11.3.rel1.win32_1.1.1.202309131626/tools/bin/../lib/gcc/arm-none-eabi/11.3.1/../../../../arm-none-eabi/lib/thumb/v7e-m+fp/hard\libc_nano.a(libc_a-strlen.o)
                0x0000000008000270                strlen
 .text          0x0000000008000280      0x378 C:/ST/STM32CubeIDE_1.13.2/STM32CubeIDE/plugins/com.st.stm32cube.ide.mcu.externaltools.gnu-tools-for-stm32.11.3.rel1.win32_1.1.1.202309131626/tools/bin/../lib/gcc/arm-none-eabi/11.3.1/thumb/v7e-m+fp/hard\libgcc.a(_arm_addsubdf3.o)
                0x0000000008000280                __aeabi_drsub
                0x0000000008000288                __aeabi_dsub
                0x0000000008000288                __subdf3
                0x000000000800028c                __aeabi_dadd
                0x000000000800028c                __adddf3
                0x0000000008000504                __floatunsidf
                0x0000000008000504                __aeabi_ui2d
                0x0000000008000524                __floatsidf
                0x0000000008000524                __aeabi_i2d
                0x0000000008000548                __aeabi_f2d
                0x0000000008000548                __extendsfdf2
                0x000000000800058c                __floatundidf
                0x000000000800058c                __aeabi_ul2d
                0x000000000800059c                __floatdidf
                0x000000000800059c                __aeabi_l2d
 .text          0x00000000080005f8      0x424 C:/ST/STM32CubeIDE_1.13.2/STM32CubeIDE/plugins/com.st.stm32cube.ide.mcu.externaltools.gnu-tools-for-stm32.11.3.rel1.win32_1.1.1.202309131626/tools/bin/../lib/gcc/arm-none-eabi/11.3.1/thumb/v7e-m+fp/hard\libgcc.a(_arm_muldivdf3.o)
                0x00000000080005f8                __aeabi_dmul
                0x00000000080005f8                __muldf3
                0x000000000800084c                __divdf3
                0x000000000800084c                __aeabi_ddiv
 .text          0x0000000008000a1c      0x110 C:/ST/STM32CubeIDE_1.13.2/STM32CubeIDE/plugins/com.st.stm32cube.ide.mcu.externaltools.gnu-tools-for-stm32.11.3.rel1.win32_1.1.1.202309131626/tools/bin/../lib/gcc/arm-none-eabi/11.3.1/thumb/v7e-m+fp/hard\libgcc.a(_arm_cmpdf2.o)
                0x0000000008000a1c                __gtdf2
                0x0000000008000a1c                __gedf2
                0x0000000008000a24                __ltdf2
                0x0000000008000a24                __ledf2
                0x0000000008000a2c                __nedf2
                0x0000000008000a2c                __eqdf2
                0x0000000008000a2c                __cmpdf2
                0x0000000008000aa8                __aeabi_cdrcmple
                0x0000000008000ab8                __aeabi_cdcmpeq
                0x0000000008000ab8                __aeabi_cdcmple
                0x0000000008000ac8                __aeabi_dcmpeq
                0x0000000008000adc                __aeabi_dcmplt
                0x0000000008000af0                __aeabi_dcmple
                0x0000000008000b04                __aeabi_dcmpge
                0x0000000008000b18                __aeabi_dcmpgt
 .text          0x0000000008000b2c       0x2c C:/ST/STM32CubeIDE_1.13.2/STM32CubeIDE/plugins/com.st.stm32cube.ide.mcu.externaltools.gnu-tools-for-stm32.11.3.rel1.win32_1.1.1.202309131626/tools/bin/../lib/gcc/arm-none-eabi/11.3.1/thumb/v7e-m+fp/hard\libgcc.a(_arm_unorddf2.o)
                0x0000000008000b2c                __unorddf2
                0x0000000008000b2c                __aeabi_dcmpun
 .text          0x0000000008000b58       0x50 C:/ST/STM32CubeIDE_1.13.2/STM32CubeIDE/plugins/com.st.stm32cube.ide.mcu.externaltools.gnu-tools-for-stm32.11.3.rel1.win32_1.1.1.202309131626/tools/bin/../lib/gcc/arm-none-eabi/11.3.1/thumb/v7e-m+fp/hard\libgcc.a(_arm_fixdfsi.o)
                0x0000000008000b58                __aeabi_d2iz
                0x0000000008000b58                __fixdfsi
 .text          0x0000000008000ba8       0x40 C:/ST/STM32CubeIDE_1.13.2/STM32CubeIDE/plugins/com.st.stm32cube.ide.mcu.externaltools.gnu-tools-for-stm32.11.3.rel1.win32_1.1.1.202309131626/tools/bin/../lib/gcc/arm-none-eabi/11.3.1/thumb/v7e-m+fp/hard\libgcc.a(_arm_fixunsdfsi.o)
                0x0000000008000ba8                __aeabi_d2uiz
                0x0000000008000ba8                __fixunsdfsi
 .text          0x0000000008000be8       0xa0 C:/ST/STM32CubeIDE_1.13.2/STM32CubeIDE/plugins/com.st.stm32cube.ide.mcu.externaltools.gnu-tools-for-stm32.11.3.rel1.win32_1.1.1.202309131626/tools/bin/../lib/gcc/arm-none-eabi/11.3.1/thumb/v7e-m+fp/hard\libgcc.a(_arm_truncdfsf2.o)
                0x0000000008000be8                __truncdfsf2
                0x0000000008000be8                __aeabi_d2f
 .text          0x0000000008000c88       0x30 C:/ST/STM32CubeIDE_1.13.2/STM32CubeIDE/plugins/com.st.stm32cube.ide.mcu.externaltools.gnu-tools-for-stm32.11.3.rel1.win32_1.1.1.202309131626/tools/bin/../lib/gcc/arm-none-eabi/11.3.1/thumb/v7e-m+fp/hard\libgcc.a(_aeabi_uldivmod.o)
                0x0000000008000c88                __aeabi_uldivmod
 .text          0x0000000008000cb8       0x30 C:/ST/STM32CubeIDE_1.13.2/STM32CubeIDE/plugins/com.st.stm32cube.ide.mcu.externaltools.gnu-tools-for-stm32.11.3.rel1.win32_1.1.1.202309131626/tools/bin/../lib/gcc/arm-none-eabi/11.3.1/thumb/v7e-m+fp/hard\libgcc.a(_fixdfdi.o)
                0x0000000008000cb8                __fixdfdi
                0x0000000008000cb8                __aeabi_d2lz
 .text          0x0000000008000ce8       0x3c C:/ST/STM32CubeIDE_1.13.2/STM32CubeIDE/plugins/com.st.stm32cube.ide.mcu.externaltools.gnu-tools-for-stm32.11.3.rel1.win32_1.1.1.202309131626/tools/bin/../lib/gcc/arm-none-eabi/11.3.1/thumb/v7e-m+fp/hard\libgcc.a(_fixunsdfdi.o)
                0x0000000008000ce8                __fixunsdfdi
                0x0000000008000ce8                __aeabi_d2ulz
 .text          0x0000000008000d24      0x2c8 C:/ST/STM32CubeIDE_1.13.2/STM32CubeIDE/plugins/com.st.stm32cube.ide.mcu.externaltools.gnu-tools-for-stm32.11.3.rel1.win32_1.1.1.202309131626/tools/bin/../lib/gcc/arm-none-eabi/11.3.1/thumb/v7e-m+fp/hard\libgcc.a(_udivmoddi4.o)
                0x0000000008000d24                __udivmoddi4
 .text          0x0000000008000fec        0x4 C:/ST/STM32CubeIDE_1.13.2/STM32CubeIDE/plugins/com.st.stm32cube.ide.mcu.externaltools.gnu-tools-for-stm32.11.3.rel1.win32_1.1.1.202309131626/tools/bin/../lib/gcc/arm-none-eabi/11.3.1/thumb/v7e-m+fp/hard\libgcc.a(_dvmd_tls.o)
                0x0000000008000fec                __aeabi_idiv0
                0x0000000008000fec                __aeabi_ldiv0
 *(.text*)
 .text._ZN4blib13SystemManagerD2Ev
                0x0000000008000ff0        0x2 ./Core/Src/main.o
                0x0000000008000ff0                blib::SystemManager::~SystemManager()
                0x0000000008000ff0                blib::SystemManager::~SystemManager()
 .text._ZN8ConstantD2Ev
                0x0000000008000ff2        0x2 ./Core/Src/main.o
                0x0000000008000ff2                Constant::~Constant()
                0x0000000008000ff2                Constant::~Constant()
 .text._ZN4blib13SystemManagerD0Ev
                0x0000000008000ff4        0xe ./Core/Src/main.o
                0x0000000008000ff4                blib::SystemManager::~SystemManager()
 .text._ZN8ConstantD0Ev
                0x0000000008001002        0xe ./Core/Src/main.o
                0x0000000008001002                Constant::~Constant()
 .text._ZN4blib6Logger5printEPKc
                0x0000000008001010       0x24 ./Core/Src/main.o
                0x0000000008001010                blib::Logger::print(char const*)
 .text._ZN4blib11LcdSimulateC2Ev
                0x0000000008001034       0x84 ./Core/Src/main.o
                0x0000000008001034                blib::LcdSimulate::LcdSimulate()
                0x0000000008001034                blib::LcdSimulate::LcdSimulate()
 .text._Z18SystemClock_Configv
                0x00000000080010b8       0x98 ./Core/Src/main.o
                0x00000000080010b8                SystemClock_Config()
 .text.Error_Handler
                0x0000000008001150        0x4 ./Core/Src/main.o
                0x0000000008001150                Error_Handler
 .text._ZN4blib2dp9SingletonINS_6AnalogEE11getInstanceEv
                0x0000000008001154       0x20 ./Core/Src/main.o
                0x0000000008001154                blib::dp::Singleton<blib::Analog>::getInstance()
 .text.HAL_ADC_ConvCpltCallback
                0x0000000008001174        0xe ./Core/Src/main.o
                0x0000000008001174                HAL_ADC_ConvCpltCallback
 *fill*         0x0000000008001182        0x2 
 .text._ZN4blib2dp9SingletonINS_13ChargeControlEE11getInstanceEv
                0x0000000008001184       0x20 ./Core/Src/main.o
                0x0000000008001184                blib::dp::Singleton<blib::ChargeControl>::getInstance()
 .text._ZN4blib2dp9SingletonINS_11LcdSimulateEE11getInstanceEv
                0x00000000080011a4       0x20 ./Core/Src/main.o
                0x00000000080011a4                blib::dp::Singleton<blib::LcdSimulate>::getInstance()
 .text._ZN4blib2dp9SingletonINS_6ButtonEE11getInstanceEv
                0x00000000080011c4       0x20 ./Core/Src/main.o
                0x00000000080011c4                blib::dp::Singleton<blib::Button>::getInstance()
 .text._ZN4blib11LcdSimulate18impl_3_AboutScreenEv
                0x00000000080011e4       0x80 ./Core/Src/main.o
                0x00000000080011e4                blib::LcdSimulate::impl_3_AboutScreen()
 .text._ZN4blib6Logger3LogIJPKciS3_EEEvS3_DpT_
                0x0000000008001264       0x48 ./Core/Src/main.o
                0x0000000008001264                void blib::Logger::Log<char const*, int, char const*>(char const*, char const*, int, char const*)
 .text.HAL_GPIO_EXTI_Callback
                0x00000000080012ac       0xe4 ./Core/Src/main.o
                0x00000000080012ac                HAL_GPIO_EXTI_Callback
 .text._ZN4blib11LcdSimulate17impl_1_HomeScreenEv
                0x0000000008001390      0x164 ./Core/Src/main.o
                0x0000000008001390                blib::LcdSimulate::impl_1_HomeScreen()
 .text._ZN4blib11LcdSimulate17impl_2_MenuScreenEv
                0x00000000080014f4      0x13c ./Core/Src/main.o
                0x00000000080014f4                blib::LcdSimulate::impl_2_MenuScreen()
 .text._ZN4blib11LcdSimulate20impl_3_SettingScrollEv
                0x0000000008001630      0x310 ./Core/Src/main.o
                0x0000000008001630                blib::LcdSimulate::impl_3_SettingScroll()
 .text._ZN4blib11LcdSimulate21impl_3_2_FactoryResetEv
                0x0000000008001940       0x44 ./Core/Src/main.o
                0x0000000008001940                blib::LcdSimulate::impl_3_2_FactoryReset()
 .text._ZN4blib11LcdSimulate18impl_3_2_BacklightEv
                0x0000000008001984       0xe0 ./Core/Src/main.o
                0x0000000008001984                blib::LcdSimulate::impl_3_2_Backlight()
 .text._ZN4blib11LcdSimulate19impl_3_2_ChargeModeEv
                0x0000000008001a64      0x148 ./Core/Src/main.o
                0x0000000008001a64                blib::LcdSimulate::impl_3_2_ChargeMode()
 .text._ZN4blib11LcdSimulate24impl_3_2_SupplyAlgorithmEv
                0x0000000008001bac      0x104 ./Core/Src/main.o
                0x0000000008001bac                blib::LcdSimulate::impl_3_2_SupplyAlgorithm()
 .text._ZN4blib11LcdSimulate20impl_3_DisplayScrollEv
                0x0000000008001cb0      0x22c ./Core/Src/main.o
                0x0000000008001cb0                blib::LcdSimulate::impl_3_DisplayScroll()
 .text._ZN4blib11LcdSimulate23impl_3_1_DisplayConfig4Ev
                0x0000000008001edc       0x44 ./Core/Src/main.o
                0x0000000008001edc                blib::LcdSimulate::impl_3_1_DisplayConfig4()
 .text._ZN4blib11LcdSimulate23impl_3_1_DisplayConfig3Ev
                0x0000000008001f20       0x44 ./Core/Src/main.o
                0x0000000008001f20                blib::LcdSimulate::impl_3_1_DisplayConfig3()
 .text._ZN4blib11LcdSimulate23impl_3_1_DisplayConfig2Ev
                0x0000000008001f64       0x44 ./Core/Src/main.o
                0x0000000008001f64                blib::LcdSimulate::impl_3_1_DisplayConfig2()
 .text._ZN4blib11LcdSimulate23impl_3_1_DisplayConfig1Ev
                0x0000000008001fa8       0x44 ./Core/Src/main.o
                0x0000000008001fa8                blib::LcdSimulate::impl_3_1_DisplayConfig1()
 .text.startup.main
                0x0000000008001fec      0x3ec ./Core/Src/main.o
                0x0000000008001fec                main
 .text._ZN4blib2dp9SingletonI8ConstantE11getInstanceEv
                0x00000000080023d8       0x48 ./Core/Src/main.o
                0x00000000080023d8                blib::dp::Singleton<Constant>::getInstance()
 .text._ZN4blib11LcdSimulate21impl_3_2_ShutdownTempEv
                0x0000000008002420      0x17c ./Core/Src/main.o
                0x0000000008002420                blib::LcdSimulate::impl_3_2_ShutdownTemp()
 .text._ZN4blib11LcdSimulate23impl_3_2_FanTriggerTempEv
                0x000000000800259c      0x17c ./Core/Src/main.o
                0x000000000800259c                blib::LcdSimulate::impl_3_2_FanTriggerTemp()
 .text._ZN4blib11LcdSimulate24impl_3_2_ChargingCurrentEv
                0x0000000008002718      0x180 ./Core/Src/main.o
                0x0000000008002718                blib::LcdSimulate::impl_3_2_ChargingCurrent()
 .text._ZN4blib11LcdSimulate23impl_3_2_MinBatteryVoltEv
                0x0000000008002898      0x180 ./Core/Src/main.o
                0x0000000008002898                blib::LcdSimulate::impl_3_2_MinBatteryVolt()
 .text._ZN4blib11LcdSimulate23impl_3_2_MaxBatteryVoltEv
                0x0000000008002a18      0x180 ./Core/Src/main.o
                0x0000000008002a18                blib::LcdSimulate::impl_3_2_MaxBatteryVolt()
 .text._ZN4blib2dp9SingletonINS_13SystemManagerEE11getInstanceEv
                0x0000000008002b98       0x24 ./Core/Src/main.o
                0x0000000008002b98                blib::dp::Singleton<blib::SystemManager>::getInstance()
 .text._ZN4blib11LcdSimulate20impl_3_2_AutoloadCfgEv
                0x0000000008002bbc      0x104 ./Core/Src/main.o
                0x0000000008002bbc                blib::LcdSimulate::impl_3_2_AutoloadCfg()
 .text._ZN4blib11LcdSimulate19impl_3_2_CoolingFanEv
                0x0000000008002cc0      0x104 ./Core/Src/main.o
                0x0000000008002cc0                blib::LcdSimulate::impl_3_2_CoolingFan()
 .text._ZN4blib11LcdSimulateD2Ev
                0x0000000008002dc4       0x18 ./Core/Src/main.o
                0x0000000008002dc4                blib::LcdSimulate::~LcdSimulate()
                0x0000000008002dc4                blib::LcdSimulate::~LcdSimulate()
 .text._ZN4blib11LcdSimulateD0Ev
                0x0000000008002ddc       0x14 ./Core/Src/main.o
                0x0000000008002ddc                blib::LcdSimulate::~LcdSimulate()
 .text.HAL_MspInit
                0x0000000008002df0       0x38 ./Core/Src/stm32f4xx_hal_msp.o
                0x0000000008002df0                HAL_MspInit
 .text.HAL_ADC_MspInit
                0x0000000008002e28       0xa4 ./Core/Src/stm32f4xx_hal_msp.o
                0x0000000008002e28                HAL_ADC_MspInit
 .text.HAL_I2C_MspInit
                0x0000000008002ecc       0x6c ./Core/Src/stm32f4xx_hal_msp.o
                0x0000000008002ecc                HAL_I2C_MspInit
 .text.HAL_TIM_Base_MspInit
                0x0000000008002f38       0x2c ./Core/Src/stm32f4xx_hal_msp.o
                0x0000000008002f38                HAL_TIM_Base_MspInit
 .text.HAL_TIM_MspPostInit
                0x0000000008002f64       0x50 ./Core/Src/stm32f4xx_hal_msp.o
                0x0000000008002f64                HAL_TIM_MspPostInit
 .text.HAL_UART_MspInit
                0x0000000008002fb4       0x6c ./Core/Src/stm32f4xx_hal_msp.o
                0x0000000008002fb4                HAL_UART_MspInit
 .text.NMI_Handler
                0x0000000008003020        0x2 ./Core/Src/stm32f4xx_it.o
                0x0000000008003020                NMI_Handler
 .text.HardFault_Handler
                0x0000000008003022        0x2 ./Core/Src/stm32f4xx_it.o
                0x0000000008003022                HardFault_Handler
 .text.MemManage_Handler
                0x0000000008003024        0x2 ./Core/Src/stm32f4xx_it.o
                0x0000000008003024                MemManage_Handler
 .text.BusFault_Handler
                0x0000000008003026        0x2 ./Core/Src/stm32f4xx_it.o
                0x0000000008003026                BusFault_Handler
 .text.UsageFault_Handler
                0x0000000008003028        0x2 ./Core/Src/stm32f4xx_it.o
                0x0000000008003028                UsageFault_Handler
 .text.SVC_Handler
                0x000000000800302a        0x2 ./Core/Src/stm32f4xx_it.o
                0x000000000800302a                SVC_Handler
 .text.DebugMon_Handler
                0x000000000800302c        0x2 ./Core/Src/stm32f4xx_it.o
                0x000000000800302c                DebugMon_Handler
 .text.PendSV_Handler
                0x000000000800302e        0x2 ./Core/Src/stm32f4xx_it.o
                0x000000000800302e                PendSV_Handler
 .text.SysTick_Handler
                0x0000000008003030        0x4 ./Core/Src/stm32f4xx_it.o
                0x0000000008003030                SysTick_Handler
 .text.EXTI0_IRQHandler
                0x0000000008003034        0x6 ./Core/Src/stm32f4xx_it.o
                0x0000000008003034                EXTI0_IRQHandler
 .text.EXTI1_IRQHandler
                0x000000000800303a        0x6 ./Core/Src/stm32f4xx_it.o
                0x000000000800303a                EXTI1_IRQHandler
 .text.EXTI2_IRQHandler
                0x0000000008003040        0x6 ./Core/Src/stm32f4xx_it.o
                0x0000000008003040                EXTI2_IRQHandler
 .text.EXTI3_IRQHandler
                0x0000000008003046        0x6 ./Core/Src/stm32f4xx_it.o
                0x0000000008003046                EXTI3_IRQHandler
 .text.DMA2_Stream0_IRQHandler
                0x000000000800304c        0xc ./Core/Src/stm32f4xx_it.o
                0x000000000800304c                DMA2_Stream0_IRQHandler
 .text._getpid  0x0000000008003058        0x4 ./Core/Src/syscalls.o
                0x0000000008003058                _getpid
 .text._kill    0x000000000800305c       0x10 ./Core/Src/syscalls.o
                0x000000000800305c                _kill
 .text._exit    0x000000000800306c        0xc ./Core/Src/syscalls.o
                0x000000000800306c                _exit
 .text._read    0x0000000008003078       0x1c ./Core/Src/syscalls.o
                0x0000000008003078                _read
 .text._write   0x0000000008003094       0x1c ./Core/Src/syscalls.o
                0x0000000008003094                _write
 .text._close   0x00000000080030b0        0x6 ./Core/Src/syscalls.o
                0x00000000080030b0                _close
 .text._fstat   0x00000000080030b6        0xa ./Core/Src/syscalls.o
                0x00000000080030b6                _fstat
 .text._isatty  0x00000000080030c0        0x4 ./Core/Src/syscalls.o
                0x00000000080030c0                _isatty
 .text._lseek   0x00000000080030c4        0x4 ./Core/Src/syscalls.o
                0x00000000080030c4                _lseek
 .text._sbrk    0x00000000080030c8       0x40 ./Core/Src/sysmem.o
                0x00000000080030c8                _sbrk
 .text.SystemInit
                0x0000000008003108       0x14 ./Core/Src/system_stm32f4xx.o
                0x0000000008003108                SystemInit
 .text.Reset_Handler
                0x000000000800311c       0x50 ./Core/Startup/startup_stm32f407vgtx.o
                0x000000000800311c                Reset_Handler
 .text.Default_Handler
                0x000000000800316c        0x2 ./Core/Startup/startup_stm32f407vgtx.o
                0x000000000800316c                RTC_Alarm_IRQHandler
                0x000000000800316c                HASH_RNG_IRQHandler
                0x000000000800316c                TIM8_CC_IRQHandler
                0x000000000800316c                TIM1_CC_IRQHandler
                0x000000000800316c                DMA2_Stream5_IRQHandler
                0x000000000800316c                DMA1_Stream5_IRQHandler
                0x000000000800316c                PVD_IRQHandler
                0x000000000800316c                SDIO_IRQHandler
                0x000000000800316c                TAMP_STAMP_IRQHandler
                0x000000000800316c                CAN2_RX1_IRQHandler
                0x000000000800316c                TIM8_TRG_COM_TIM14_IRQHandler
                0x000000000800316c                TIM1_UP_TIM10_IRQHandler
                0x000000000800316c                TIM8_UP_TIM13_IRQHandler
                0x000000000800316c                I2C3_ER_IRQHandler
                0x000000000800316c                I2C2_EV_IRQHandler
                0x000000000800316c                DMA1_Stream2_IRQHandler
                0x000000000800316c                CAN1_RX0_IRQHandler
                0x000000000800316c                FPU_IRQHandler
                0x000000000800316c                OTG_HS_WKUP_IRQHandler
                0x000000000800316c                CAN2_SCE_IRQHandler
                0x000000000800316c                DMA2_Stream2_IRQHandler
                0x000000000800316c                SPI1_IRQHandler
                0x000000000800316c                TIM6_DAC_IRQHandler
                0x000000000800316c                TIM1_BRK_TIM9_IRQHandler
                0x000000000800316c                DCMI_IRQHandler
                0x000000000800316c                CAN2_RX0_IRQHandler
                0x000000000800316c                DMA2_Stream3_IRQHandler
                0x000000000800316c                USART6_IRQHandler
                0x000000000800316c                USART3_IRQHandler
                0x000000000800316c                CAN1_RX1_IRQHandler
                0x000000000800316c                UART5_IRQHandler
                0x000000000800316c                TIM4_IRQHandler
                0x000000000800316c                I2C1_EV_IRQHandler
                0x000000000800316c                DMA1_Stream6_IRQHandler
                0x000000000800316c                DMA1_Stream1_IRQHandler
                0x000000000800316c                UART4_IRQHandler
                0x000000000800316c                TIM3_IRQHandler
                0x000000000800316c                RCC_IRQHandler
                0x000000000800316c                TIM8_BRK_TIM12_IRQHandler
                0x000000000800316c                Default_Handler
                0x000000000800316c                EXTI15_10_IRQHandler
                0x000000000800316c                ADC_IRQHandler
                0x000000000800316c                DMA1_Stream7_IRQHandler
                0x000000000800316c                TIM7_IRQHandler
                0x000000000800316c                CAN2_TX_IRQHandler
                0x000000000800316c                TIM5_IRQHandler
                0x000000000800316c                DMA2_Stream7_IRQHandler
                0x000000000800316c                I2C3_EV_IRQHandler
                0x000000000800316c                EXTI9_5_IRQHandler
                0x000000000800316c                RTC_WKUP_IRQHandler
                0x000000000800316c                ETH_WKUP_IRQHandler
                0x000000000800316c                SPI2_IRQHandler
                0x000000000800316c                OTG_HS_EP1_IN_IRQHandler
                0x000000000800316c                DMA1_Stream0_IRQHandler
                0x000000000800316c                CAN1_TX_IRQHandler
                0x000000000800316c                EXTI4_IRQHandler
                0x000000000800316c                FSMC_IRQHandler
                0x000000000800316c                ETH_IRQHandler
                0x000000000800316c                OTG_HS_EP1_OUT_IRQHandler
                0x000000000800316c                WWDG_IRQHandler
                0x000000000800316c                TIM2_IRQHandler
                0x000000000800316c                OTG_FS_WKUP_IRQHandler
                0x000000000800316c                TIM1_TRG_COM_TIM11_IRQHandler
                0x000000000800316c                OTG_HS_IRQHandler
                0x000000000800316c                USART2_IRQHandler
                0x000000000800316c                I2C2_ER_IRQHandler
                0x000000000800316c                DMA2_Stream1_IRQHandler
                0x000000000800316c                CAN1_SCE_IRQHandler
                0x000000000800316c                FLASH_IRQHandler
                0x000000000800316c                DMA2_Stream4_IRQHandler
                0x000000000800316c                USART1_IRQHandler
                0x000000000800316c                OTG_FS_IRQHandler
                0x000000000800316c                SPI3_IRQHandler
                0x000000000800316c                DMA1_Stream4_IRQHandler
                0x000000000800316c                I2C1_ER_IRQHandler
                0x000000000800316c                DMA2_Stream6_IRQHandler
                0x000000000800316c                DMA1_Stream3_IRQHandler
 *fill*         0x000000000800316e        0x2 
 .text.HAL_InitTick
                0x0000000008003170       0x48 ./Drivers/STM32F4xx_HAL_Driver/Src/stm32f4xx_hal.o
                0x0000000008003170                HAL_InitTick
 .text.HAL_Init
                0x00000000080031b8       0x34 ./Drivers/STM32F4xx_HAL_Driver/Src/stm32f4xx_hal.o
                0x00000000080031b8                HAL_Init
 .text.HAL_IncTick
                0x00000000080031ec       0x18 ./Drivers/STM32F4xx_HAL_Driver/Src/stm32f4xx_hal.o
                0x00000000080031ec                HAL_IncTick
 .text.HAL_GetTick
                0x0000000008003204        0xc ./Drivers/STM32F4xx_HAL_Driver/Src/stm32f4xx_hal.o
                0x0000000008003204                HAL_GetTick
 .text.HAL_Delay
                0x0000000008003210       0x28 ./Drivers/STM32F4xx_HAL_Driver/Src/stm32f4xx_hal.o
                0x0000000008003210                HAL_Delay
 .text.HAL_ADC_Init
                0x0000000008003238      0x14c ./Drivers/STM32F4xx_HAL_Driver/Src/stm32f4xx_hal_adc.o
                0x0000000008003238                HAL_ADC_Init
 .text.HAL_ADC_Start_DMA
                0x0000000008003384      0x15c ./Drivers/STM32F4xx_HAL_Driver/Src/stm32f4xx_hal_adc.o
                0x0000000008003384                HAL_ADC_Start_DMA
 .text.HAL_ADC_Stop_DMA
                0x00000000080034e0       0x72 ./Drivers/STM32F4xx_HAL_Driver/Src/stm32f4xx_hal_adc.o
                0x00000000080034e0                HAL_ADC_Stop_DMA
 .text.HAL_ADC_ConvHalfCpltCallback
                0x0000000008003552        0x2 ./Drivers/STM32F4xx_HAL_Driver/Src/stm32f4xx_hal_adc.o
                0x0000000008003552                HAL_ADC_ConvHalfCpltCallback
 .text.ADC_DMAHalfConvCplt
                0x0000000008003554        0xa ./Drivers/STM32F4xx_HAL_Driver/Src/stm32f4xx_hal_adc.o
 .text.HAL_ADC_ErrorCallback
                0x000000000800355e        0x2 ./Drivers/STM32F4xx_HAL_Driver/Src/stm32f4xx_hal_adc.o
                0x000000000800355e                HAL_ADC_ErrorCallback
 .text.ADC_DMAError
                0x0000000008003560       0x16 ./Drivers/STM32F4xx_HAL_Driver/Src/stm32f4xx_hal_adc.o
 .text.ADC_DMAConvCplt
                0x0000000008003576       0x6c ./Drivers/STM32F4xx_HAL_Driver/Src/stm32f4xx_hal_adc.o
 *fill*         0x00000000080035e2        0x2 
 .text.HAL_ADC_ConfigChannel
                0x00000000080035e4      0x120 ./Drivers/STM32F4xx_HAL_Driver/Src/stm32f4xx_hal_adc.o
                0x00000000080035e4                HAL_ADC_ConfigChannel
 .text.HAL_NVIC_SetPriorityGrouping
                0x0000000008003704       0x24 ./Drivers/STM32F4xx_HAL_Driver/Src/stm32f4xx_hal_cortex.o
                0x0000000008003704                HAL_NVIC_SetPriorityGrouping
 .text.HAL_NVIC_SetPriority
                0x0000000008003728       0x64 ./Drivers/STM32F4xx_HAL_Driver/Src/stm32f4xx_hal_cortex.o
                0x0000000008003728                HAL_NVIC_SetPriority
 .text.HAL_NVIC_EnableIRQ
                0x000000000800378c       0x1c ./Drivers/STM32F4xx_HAL_Driver/Src/stm32f4xx_hal_cortex.o
                0x000000000800378c                HAL_NVIC_EnableIRQ
 .text.HAL_SYSTICK_Config
                0x00000000080037a8       0x28 ./Drivers/STM32F4xx_HAL_Driver/Src/stm32f4xx_hal_cortex.o
                0x00000000080037a8                HAL_SYSTICK_Config
 .text.DMA_CalcBaseAndBitshift
                0x00000000080037d0       0x2c ./Drivers/STM32F4xx_HAL_Driver/Src/stm32f4xx_hal_dma.o
 .text.HAL_DMA_Init
                0x00000000080037fc       0xfc ./Drivers/STM32F4xx_HAL_Driver/Src/stm32f4xx_hal_dma.o
                0x00000000080037fc                HAL_DMA_Init
 .text.HAL_DMA_Start_IT
                0x00000000080038f8       0x74 ./Drivers/STM32F4xx_HAL_Driver/Src/stm32f4xx_hal_dma.o
                0x00000000080038f8                HAL_DMA_Start_IT
 .text.HAL_DMA_Abort
                0x000000000800396c       0x7e ./Drivers/STM32F4xx_HAL_Driver/Src/stm32f4xx_hal_dma.o
                0x000000000800396c                HAL_DMA_Abort
 *fill*         0x00000000080039ea        0x2 
 .text.HAL_DMA_IRQHandler
                0x00000000080039ec      0x17c ./Drivers/STM32F4xx_HAL_Driver/Src/stm32f4xx_hal_dma.o
                0x00000000080039ec                HAL_DMA_IRQHandler
 .text.HAL_GPIO_Init
                0x0000000008003b68      0x1b4 ./Drivers/STM32F4xx_HAL_Driver/Src/stm32f4xx_hal_gpio.o
                0x0000000008003b68                HAL_GPIO_Init
 .text.HAL_GPIO_ReadPin
                0x0000000008003d1c        0xc ./Drivers/STM32F4xx_HAL_Driver/Src/stm32f4xx_hal_gpio.o
                0x0000000008003d1c                HAL_GPIO_ReadPin
 .text.HAL_GPIO_WritePin
                0x0000000008003d28        0xa ./Drivers/STM32F4xx_HAL_Driver/Src/stm32f4xx_hal_gpio.o
                0x0000000008003d28                HAL_GPIO_WritePin
 *fill*         0x0000000008003d32        0x2 
 .text.HAL_GPIO_EXTI_IRQHandler
                0x0000000008003d34       0x18 ./Drivers/STM32F4xx_HAL_Driver/Src/stm32f4xx_hal_gpio.o
                0x0000000008003d34                HAL_GPIO_EXTI_IRQHandler
 .text.I2C_IsAcknowledgeFailed
                0x0000000008003d4c       0x34 ./Drivers/STM32F4xx_HAL_Driver/Src/stm32f4xx_hal_i2c.o
 .text.I2C_WaitOnFlagUntilTimeout
                0x0000000008003d80       0x64 ./Drivers/STM32F4xx_HAL_Driver/Src/stm32f4xx_hal_i2c.o
 .text.I2C_WaitOnMasterAddressFlagUntilTimeout
                0x0000000008003de4       0x76 ./Drivers/STM32F4xx_HAL_Driver/Src/stm32f4xx_hal_i2c.o
 .text.I2C_WaitOnTXEFlagUntilTimeout
                0x0000000008003e5a       0x4c ./Drivers/STM32F4xx_HAL_Driver/Src/stm32f4xx_hal_i2c.o
 .text.I2C_WaitOnBTFFlagUntilTimeout
                0x0000000008003ea6       0x4c ./Drivers/STM32F4xx_HAL_Driver/Src/stm32f4xx_hal_i2c.o
 *fill*         0x0000000008003ef2        0x2 
 .text.HAL_I2C_Init
                0x0000000008003ef4      0x150 ./Drivers/STM32F4xx_HAL_Driver/Src/stm32f4xx_hal_i2c.o
                0x0000000008003ef4                HAL_I2C_Init
 .text.HAL_I2C_Master_Transmit
                0x0000000008004044      0x1b0 ./Drivers/STM32F4xx_HAL_Driver/Src/stm32f4xx_hal_i2c.o
                0x0000000008004044                HAL_I2C_Master_Transmit
 .text.HAL_IWDG_Init
                0x00000000080041f4       0x50 ./Drivers/STM32F4xx_HAL_Driver/Src/stm32f4xx_hal_iwdg.o
                0x00000000080041f4                HAL_IWDG_Init
 .text.HAL_IWDG_Refresh
                0x0000000008004244        0xc ./Drivers/STM32F4xx_HAL_Driver/Src/stm32f4xx_hal_iwdg.o
                0x0000000008004244                HAL_IWDG_Refresh
 .text.HAL_RCC_OscConfig
                0x0000000008004250      0x358 ./Drivers/STM32F4xx_HAL_Driver/Src/stm32f4xx_hal_rcc.o
                0x0000000008004250                HAL_RCC_OscConfig
 .text.HAL_RCC_GetSysClockFreq
                0x00000000080045a8       0x5c ./Drivers/STM32F4xx_HAL_Driver/Src/stm32f4xx_hal_rcc.o
                0x00000000080045a8                HAL_RCC_GetSysClockFreq
 .text.HAL_RCC_ClockConfig
                0x0000000008004604      0x134 ./Drivers/STM32F4xx_HAL_Driver/Src/stm32f4xx_hal_rcc.o
                0x0000000008004604                HAL_RCC_ClockConfig
 .text.HAL_RCC_GetPCLK1Freq
                0x0000000008004738       0x20 ./Drivers/STM32F4xx_HAL_Driver/Src/stm32f4xx_hal_rcc.o
                0x0000000008004738                HAL_RCC_GetPCLK1Freq
 .text.HAL_RCC_GetPCLK2Freq
                0x0000000008004758       0x20 ./Drivers/STM32F4xx_HAL_Driver/Src/stm32f4xx_hal_rcc.o
                0x0000000008004758                HAL_RCC_GetPCLK2Freq
 .text.TIM_OC1_SetConfig
                0x0000000008004778       0x64 ./Drivers/STM32F4xx_HAL_Driver/Src/stm32f4xx_hal_tim.o
 .text.TIM_OC3_SetConfig
                0x00000000080047dc       0x6c ./Drivers/STM32F4xx_HAL_Driver/Src/stm32f4xx_hal_tim.o
 .text.TIM_OC4_SetConfig
                0x0000000008004848       0x4c ./Drivers/STM32F4xx_HAL_Driver/Src/stm32f4xx_hal_tim.o
 .text.HAL_TIM_PWM_MspInit
                0x0000000008004894        0x2 ./Drivers/STM32F4xx_HAL_Driver/Src/stm32f4xx_hal_tim.o
                0x0000000008004894                HAL_TIM_PWM_MspInit
 *fill*         0x0000000008004896        0x2 
 .text.TIM_Base_SetConfig
                0x0000000008004898       0xcc ./Drivers/STM32F4xx_HAL_Driver/Src/stm32f4xx_hal_tim.o
                0x0000000008004898                TIM_Base_SetConfig
 .text.HAL_TIM_Base_Init
                0x0000000008004964       0x58 ./Drivers/STM32F4xx_HAL_Driver/Src/stm32f4xx_hal_tim.o
                0x0000000008004964                HAL_TIM_Base_Init
 .text.HAL_TIM_PWM_Init
                0x00000000080049bc       0x58 ./Drivers/STM32F4xx_HAL_Driver/Src/stm32f4xx_hal_tim.o
                0x00000000080049bc                HAL_TIM_PWM_Init
 .text.TIM_OC2_SetConfig
                0x0000000008004a14       0x6c ./Drivers/STM32F4xx_HAL_Driver/Src/stm32f4xx_hal_tim.o
                0x0000000008004a14                TIM_OC2_SetConfig
 .text.HAL_TIM_PWM_ConfigChannel
                0x0000000008004a80       0xb2 ./Drivers/STM32F4xx_HAL_Driver/Src/stm32f4xx_hal_tim.o
                0x0000000008004a80                HAL_TIM_PWM_ConfigChannel
 .text.TIM_ETR_SetConfig
                0x0000000008004b32       0x14 ./Drivers/STM32F4xx_HAL_Driver/Src/stm32f4xx_hal_tim.o
                0x0000000008004b32                TIM_ETR_SetConfig
 .text.HAL_TIM_ConfigClockSource
                0x0000000008004b46      0x132 ./Drivers/STM32F4xx_HAL_Driver/Src/stm32f4xx_hal_tim.o
                0x0000000008004b46                HAL_TIM_ConfigClockSource
 .text.TIM_CCxChannelCmd
                0x0000000008004c78       0x1c ./Drivers/STM32F4xx_HAL_Driver/Src/stm32f4xx_hal_tim.o
                0x0000000008004c78                TIM_CCxChannelCmd
 .text.HAL_TIM_OC_Start
                0x0000000008004c94       0xcc ./Drivers/STM32F4xx_HAL_Driver/Src/stm32f4xx_hal_tim.o
                0x0000000008004c94                HAL_TIM_OC_Start
 .text.HAL_TIM_PWM_Start
                0x0000000008004d60        0x4 ./Drivers/STM32F4xx_HAL_Driver/Src/stm32f4xx_hal_tim.o
                0x0000000008004d60                HAL_TIM_PWM_Start
 .text.HAL_TIMEx_MasterConfigSynchronization
                0x0000000008004d64       0x7c ./Drivers/STM32F4xx_HAL_Driver/Src/stm32f4xx_hal_tim_ex.o
                0x0000000008004d64                HAL_TIMEx_MasterConfigSynchronization
 .text.UART_SetConfig
                0x0000000008004de0       0xbc ./Drivers/STM32F4xx_HAL_Driver/Src/stm32f4xx_hal_uart.o
 .text.UART_WaitOnFlagUntilTimeout.constprop.0
                0x0000000008004e9c       0x6c ./Drivers/STM32F4xx_HAL_Driver/Src/stm32f4xx_hal_uart.o
 .text.HAL_UART_Init
                0x0000000008004f08       0x5c ./Drivers/STM32F4xx_HAL_Driver/Src/stm32f4xx_hal_uart.o
                0x0000000008004f08                HAL_UART_Init
 .text.HAL_UART_Transmit
                0x0000000008004f64       0xaa ./Drivers/STM32F4xx_HAL_Driver/Src/stm32f4xx_hal_uart.o
                0x0000000008004f64                HAL_UART_Transmit
 *fill*         0x000000000800500e        0x2 
 .text._ZN4blib6AnalogD2Ev
                0x0000000008005010       0x18 ./Libraries/Analog.o
                0x0000000008005010                blib::Analog::~Analog()
                0x0000000008005010                blib::Analog::~Analog()
 .text._ZN4blib6AnalogD0Ev
                0x0000000008005028       0x14 ./Libraries/Analog.o
                0x0000000008005028                blib::Analog::~Analog()
 .text._ZN4blib6Analog8samplingEv
                0x000000000800503c        0xa ./Libraries/Analog.o
                0x000000000800503c                blib::Analog::sampling()
 *fill*         0x0000000008005046        0x2 
 .text._ZN4blib6AnalogC2Ev
                0x0000000008005048       0x34 ./Libraries/Analog.o
                0x0000000008005048                blib::Analog::Analog()
                0x0000000008005048                blib::Analog::Analog()
 .text._ZNK4blib6Analog15getSolarVoltageEv
                0x000000000800507c        0x6 ./Libraries/Analog.o
                0x000000000800507c                blib::Analog::getSolarVoltage() const
 .text._ZNK4blib6Analog15getSolarCurrentEv
                0x0000000008005082        0x6 ./Libraries/Analog.o
                0x0000000008005082                blib::Analog::getSolarCurrent() const
 .text._ZNK4blib6Analog7getVoutEv
                0x0000000008005088        0x6 ./Libraries/Analog.o
                0x0000000008005088                blib::Analog::getVout() const
 .text._ZNK4blib6Analog7getIoutEv
                0x000000000800508e        0x6 ./Libraries/Analog.o
                0x000000000800508e                blib::Analog::getIout() const
 .text._ZNK4blib6Analog7getTempEv
                0x0000000008005094        0x6 ./Libraries/Analog.o
                0x0000000008005094                blib::Analog::getTemp() const
 *fill*         0x000000000800509a        0x6 
 .text._ZN4blib6Analog14calTemperatureEm
                0x00000000080050a0       0xdc ./Libraries/Analog.o
                0x00000000080050a0                blib::Analog::calTemperature(unsigned long)
 *fill*         0x000000000800517c        0x4 
 .text._ZN4blib6Analog15calSolarVoltageEm
                0x0000000008005180       0x54 ./Libraries/Analog.o
                0x0000000008005180                blib::Analog::calSolarVoltage(unsigned long)
 *fill*         0x00000000080051d4        0x4 
 .text._ZN4blib6Analog15calSolarCurrentEm
                0x00000000080051d8       0x70 ./Libraries/Analog.o
                0x00000000080051d8                blib::Analog::calSolarCurrent(unsigned long)
 .text._ZN4blib6Analog17calBatteryVoltageEm
                0x0000000008005248       0x54 ./Libraries/Analog.o
                0x0000000008005248                blib::Analog::calBatteryVoltage(unsigned long)
 .text._ZN4blib6Analog10readAnalogEv
                0x000000000800529c       0xe4 ./Libraries/Analog.o
                0x000000000800529c                blib::Analog::readAnalog()
 .text._ZN4blib6ButtonD2Ev
                0x0000000008005380        0x2 ./Libraries/Button.o
                0x0000000008005380                blib::Button::~Button()
                0x0000000008005380                blib::Button::~Button()
 .text._ZN4blib6ButtonD0Ev
                0x0000000008005382        0xe ./Libraries/Button.o
                0x0000000008005382                blib::Button::~Button()
 .text._ZN4blib6ButtonC2Ev
                0x0000000008005390        0xc ./Libraries/Button.o
                0x0000000008005390                blib::Button::Button()
                0x0000000008005390                blib::Button::Button()
 .text._ZN4blib6Button22setLatestPressedButtonENS0_10ButtonNameE
                0x000000000800539c        0x4 ./Libraries/Button.o
                0x000000000800539c                blib::Button::setLatestPressedButton(blib::Button::ButtonName)
 .text._ZNK4blib6Button22getLatestPressedButtonEv
                0x00000000080053a0        0x4 ./Libraries/Button.o
                0x00000000080053a0                blib::Button::getLatestPressedButton() const
 .text._ZN4blib6Button12handleSignalEv
                0x00000000080053a4        0x2 ./Libraries/Button.o
                0x00000000080053a4                blib::Button::handleSignal()
 .text._ZN4blib13ChargeControlD2Ev
                0x00000000080053a6        0x2 ./Libraries/ChargeControl.o
                0x00000000080053a6                blib::ChargeControl::~ChargeControl()
                0x00000000080053a6                blib::ChargeControl::~ChargeControl()
 .text._ZN4blib13ChargeControlD0Ev
                0x00000000080053a8        0xe ./Libraries/ChargeControl.o
                0x00000000080053a8                blib::ChargeControl::~ChargeControl()
 *fill*         0x00000000080053b6        0x2 
 .text._ZN4blib13ChargeControl10predictPwmEv
                0x00000000080053b8       0x70 ./Libraries/ChargeControl.o
                0x00000000080053b8                blib::ChargeControl::predictPwm()
 .text._ZN4blib13ChargeControl10buckEnableEv
                0x0000000008005428       0x44 ./Libraries/ChargeControl.o
                0x0000000008005428                blib::ChargeControl::buckEnable()
 .text._ZN4blib13ChargeControl8pwmWriteEv
                0x000000000800546c       0x4c ./Libraries/ChargeControl.o
                0x000000000800546c                blib::ChargeControl::pwmWrite()
 .text._ZN4blib13ChargeControl11buckDisableEv
                0x00000000080054b8       0x44 ./Libraries/ChargeControl.o
                0x00000000080054b8                blib::ChargeControl::buckDisable()
 .text._ZN4blib13ChargeControlC2Ev
                0x00000000080054fc       0x30 ./Libraries/ChargeControl.o
                0x00000000080054fc                blib::ChargeControl::ChargeControl()
                0x00000000080054fc                blib::ChargeControl::ChargeControl()
 .text._ZN4blib13ChargeControl3runEv
                0x000000000800552c      0x164 ./Libraries/ChargeControl.o
                0x000000000800552c                blib::ChargeControl::run()
 .text._ZN4blib16DeviceProtectionD2Ev
                0x0000000008005690        0x2 ./Libraries/DeviceProtection.o
                0x0000000008005690                blib::DeviceProtection::~DeviceProtection()
                0x0000000008005690                blib::DeviceProtection::~DeviceProtection()
 .text._ZN4blib16DeviceProtectionD0Ev
                0x0000000008005692        0xe ./Libraries/DeviceProtection.o
                0x0000000008005692                blib::DeviceProtection::~DeviceProtection()
 .text._ZN4blib16DeviceProtectionC2Ev
                0x00000000080056a0       0x14 ./Libraries/DeviceProtection.o
                0x00000000080056a0                blib::DeviceProtection::DeviceProtection()
                0x00000000080056a0                blib::DeviceProtection::DeviceProtection()
 .text._ZN4blib16DeviceProtection15backFlowControlEv
                0x00000000080056b4       0x5c ./Libraries/DeviceProtection.o
                0x00000000080056b4                blib::DeviceProtection::backFlowControl()
 .text._ZN4blib16DeviceProtection3runEv
                0x0000000008005710      0x1cc ./Libraries/DeviceProtection.o
                0x0000000008005710                blib::DeviceProtection::run()
 .text._ZN4blib3LcdD2Ev
                0x00000000080058dc        0x2 ./Libraries/Lcd.o
                0x00000000080058dc                blib::Lcd::~Lcd()
                0x00000000080058dc                blib::Lcd::~Lcd()
 .text._ZN4blib3LcdD0Ev
                0x00000000080058de        0xe ./Libraries/Lcd.o
                0x00000000080058de                blib::Lcd::~Lcd()
 .text._ZN4blib3Lcd7sendCmdEh
                0x00000000080058ec       0x40 ./Libraries/Lcd.o
                0x00000000080058ec                blib::Lcd::sendCmd(unsigned char)
 .text._ZN4blib3Lcd8sendDataEh
                0x000000000800592c       0x40 ./Libraries/Lcd.o
                0x000000000800592c                blib::Lcd::sendData(unsigned char)
 .text._ZN4blib3Lcd11displayLineEhhPKc
                0x000000000800596c      0x13c ./Libraries/Lcd.o
                0x000000000800596c                blib::Lcd::displayLine(unsigned char, unsigned char, char const*)
 .text._ZN4blib3Lcd12clearDisplayEv
                0x0000000008005aa8        0x6 ./Libraries/Lcd.o
                0x0000000008005aa8                blib::Lcd::clearDisplay()
 .text._ZN4blib3Lcd4initEv
                0x0000000008005aae       0xac ./Libraries/Lcd.o
                0x0000000008005aae                blib::Lcd::init()
 *fill*         0x0000000008005b5a        0x2 
 .text._ZN4blib3LcdC2ENS0_7LcdTypeEP17I2C_HandleTypeDefh
                0x0000000008005b5c       0x1c ./Libraries/Lcd.o
                0x0000000008005b5c                blib::Lcd::Lcd(blib::Lcd::LcdType, I2C_HandleTypeDef*, unsigned char)
                0x0000000008005b5c                blib::Lcd::Lcd(blib::Lcd::LcdType, I2C_HandleTypeDef*, unsigned char)
 .text._ZN4blib3Lcd11noBackligthEv
                0x0000000008005b78        0x8 ./Libraries/Lcd.o
                0x0000000008005b78                blib::Lcd::noBackligth()
 .text._ZN4blib3Lcd9backlightEv
                0x0000000008005b80        0x8 ./Libraries/Lcd.o
                0x0000000008005b80                blib::Lcd::backlight()
 .text._ZN4blib13SerialMonitorD2Ev
                0x0000000008005b88        0x2 ./Libraries/SerialMonitor.o
                0x0000000008005b88                blib::SerialMonitor::~SerialMonitor()
                0x0000000008005b88                blib::SerialMonitor::~SerialMonitor()
 .text._ZN4blib13SerialMonitorD0Ev
                0x0000000008005b8a        0xe ./Libraries/SerialMonitor.o
                0x0000000008005b8a                blib::SerialMonitor::~SerialMonitor()
 .text._ZN4blib13SerialMonitorC2Ev
                0x0000000008005b98       0x10 ./Libraries/SerialMonitor.o
                0x0000000008005b98                blib::SerialMonitor::SerialMonitor()
                0x0000000008005b98                blib::SerialMonitor::SerialMonitor()
 .text._ZN4blib13SerialMonitor12serialLevel1Ev
                0x0000000008005ba8      0x18c ./Libraries/SerialMonitor.o
                0x0000000008005ba8                blib::SerialMonitor::serialLevel1()
 .text._ZN4blib13SerialMonitor12serialLevel2Ev
                0x0000000008005d34       0x1c ./Libraries/SerialMonitor.o
                0x0000000008005d34                blib::SerialMonitor::serialLevel2()
 .text._ZN4blib13SerialMonitor12serialLevel3Ev
                0x0000000008005d50       0x1c ./Libraries/SerialMonitor.o
                0x0000000008005d50                blib::SerialMonitor::serialLevel3()
 .text._ZN4blib13SerialMonitor4showEv
                0x0000000008005d6c       0x1c ./Libraries/SerialMonitor.o
                0x0000000008005d6c                blib::SerialMonitor::show()
 .text._ZdlPvj  0x0000000008005d88        0x4 C:/ST/STM32CubeIDE_1.13.2/STM32CubeIDE/plugins/com.st.stm32cube.ide.mcu.externaltools.gnu-tools-for-stm32.11.3.rel1.win32_1.1.1.202309131626/tools/bin/../lib/gcc/arm-none-eabi/11.3.1/../../../../arm-none-eabi/lib/thumb/v7e-m+fp/hard\libstdc++_nano.a(del_ops.o)
                0x0000000008005d88                operator delete(void*, unsigned int)
 .text.__cxa_guard_acquire
                0x0000000008005d8c       0x18 C:/ST/STM32CubeIDE_1.13.2/STM32CubeIDE/plugins/com.st.stm32cube.ide.mcu.externaltools.gnu-tools-for-stm32.11.3.rel1.win32_1.1.1.202309131626/tools/bin/../lib/gcc/arm-none-eabi/11.3.1/../../../../arm-none-eabi/lib/thumb/v7e-m+fp/hard\libstdc++_nano.a(guard.o)
                0x0000000008005d8c                __cxa_guard_acquire
 .text.__cxa_guard_release
                0x0000000008005da4        0x6 C:/ST/STM32CubeIDE_1.13.2/STM32CubeIDE/plugins/com.st.stm32cube.ide.mcu.externaltools.gnu-tools-for-stm32.11.3.rel1.win32_1.1.1.202309131626/tools/bin/../lib/gcc/arm-none-eabi/11.3.1/../../../../arm-none-eabi/lib/thumb/v7e-m+fp/hard\libstdc++_nano.a(guard.o)
                0x0000000008005da4                __cxa_guard_release
 .text._Znwj    0x0000000008005daa       0x22 C:/ST/STM32CubeIDE_1.13.2/STM32CubeIDE/plugins/com.st.stm32cube.ide.mcu.externaltools.gnu-tools-for-stm32.11.3.rel1.win32_1.1.1.202309131626/tools/bin/../lib/gcc/arm-none-eabi/11.3.1/../../../../arm-none-eabi/lib/thumb/v7e-m+fp/hard\libstdc++_nano.a(new_op.o)
                0x0000000008005daa                operator new(unsigned int)
 .text._ZdlPv   0x0000000008005dcc        0x4 C:/ST/STM32CubeIDE_1.13.2/STM32CubeIDE/plugins/com.st.stm32cube.ide.mcu.externaltools.gnu-tools-for-stm32.11.3.rel1.win32_1.1.1.202309131626/tools/bin/../lib/gcc/arm-none-eabi/11.3.1/../../../../arm-none-eabi/lib/thumb/v7e-m+fp/hard\libstdc++_nano.a(del_op.o)
                0x0000000008005dcc                operator delete(void*)
 .text._ZSt15get_new_handlerv
                0x0000000008005dd0       0x10 C:/ST/STM32CubeIDE_1.13.2/STM32CubeIDE/plugins/com.st.stm32cube.ide.mcu.externaltools.gnu-tools-for-stm32.11.3.rel1.win32_1.1.1.202309131626/tools/bin/../lib/gcc/arm-none-eabi/11.3.1/../../../../arm-none-eabi/lib/thumb/v7e-m+fp/hard\libstdc++_nano.a(new_handler.o)
                0x0000000008005dd0                std::get_new_handler()
 .text.log      0x0000000008005de0       0x7c C:/ST/STM32CubeIDE_1.13.2/STM32CubeIDE/plugins/com.st.stm32cube.ide.mcu.externaltools.gnu-tools-for-stm32.11.3.rel1.win32_1.1.1.202309131626/tools/bin/../lib/gcc/arm-none-eabi/11.3.1/../../../../arm-none-eabi/lib/thumb/v7e-m+fp/hard\libm.a(libm_a-w_log.o)
                0x0000000008005de0                log
 *fill*         0x0000000008005e5c        0x4 
 .text.nan      0x0000000008005e60       0x10 C:/ST/STM32CubeIDE_1.13.2/STM32CubeIDE/plugins/com.st.stm32cube.ide.mcu.externaltools.gnu-tools-for-stm32.11.3.rel1.win32_1.1.1.202309131626/tools/bin/../lib/gcc/arm-none-eabi/11.3.1/../../../../arm-none-eabi/lib/thumb/v7e-m+fp/hard\libm.a(libm_a-s_nan.o)
                0x0000000008005e60                nan
 .text.__ieee754_log
                0x0000000008005e70      0x374 C:/ST/STM32CubeIDE_1.13.2/STM32CubeIDE/plugins/com.st.stm32cube.ide.mcu.externaltools.gnu-tools-for-stm32.11.3.rel1.win32_1.1.1.202309131626/tools/bin/../lib/gcc/arm-none-eabi/11.3.1/../../../../arm-none-eabi/lib/thumb/v7e-m+fp/hard\libm.a(libm_a-e_log.o)
                0x0000000008005e70                __ieee754_log
 .text.abort    0x00000000080061e4        0xe C:/ST/STM32CubeIDE_1.13.2/STM32CubeIDE/plugins/com.st.stm32cube.ide.mcu.externaltools.gnu-tools-for-stm32.11.3.rel1.win32_1.1.1.202309131626/tools/bin/../lib/gcc/arm-none-eabi/11.3.1/../../../../arm-none-eabi/lib/thumb/v7e-m+fp/hard\libc_nano.a(libc_a-abort.o)
                0x00000000080061e4                abort
 *fill*         0x00000000080061f2        0x2 
 .text.malloc   0x00000000080061f4       0x10 C:/ST/STM32CubeIDE_1.13.2/STM32CubeIDE/plugins/com.st.stm32cube.ide.mcu.externaltools.gnu-tools-for-stm32.11.3.rel1.win32_1.1.1.202309131626/tools/bin/../lib/gcc/arm-none-eabi/11.3.1/../../../../arm-none-eabi/lib/thumb/v7e-m+fp/hard\libc_nano.a(libc_a-malloc.o)
                0x00000000080061f4                malloc
 .text.free     0x0000000008006204       0x10 C:/ST/STM32CubeIDE_1.13.2/STM32CubeIDE/plugins/com.st.stm32cube.ide.mcu.externaltools.gnu-tools-for-stm32.11.3.rel1.win32_1.1.1.202309131626/tools/bin/../lib/gcc/arm-none-eabi/11.3.1/../../../../arm-none-eabi/lib/thumb/v7e-m+fp/hard\libc_nano.a(libc_a-malloc.o)
                0x0000000008006204                free
 .text.sbrk_aligned
                0x0000000008006214       0x40 C:/ST/STM32CubeIDE_1.13.2/STM32CubeIDE/plugins/com.st.stm32cube.ide.mcu.externaltools.gnu-tools-for-stm32.11.3.rel1.win32_1.1.1.202309131626/tools/bin/../lib/gcc/arm-none-eabi/11.3.1/../../../../arm-none-eabi/lib/thumb/v7e-m+fp/hard\libc_nano.a(libc_a-mallocr.o)
 .text._malloc_r
                0x0000000008006254      0x100 C:/ST/STM32CubeIDE_1.13.2/STM32CubeIDE/plugins/com.st.stm32cube.ide.mcu.externaltools.gnu-tools-for-stm32.11.3.rel1.win32_1.1.1.202309131626/tools/bin/../lib/gcc/arm-none-eabi/11.3.1/../../../../arm-none-eabi/lib/thumb/v7e-m+fp/hard\libc_nano.a(libc_a-mallocr.o)
                0x0000000008006254                _malloc_r
 .text.__malloc_lock
                0x0000000008006354        0xc C:/ST/STM32CubeIDE_1.13.2/STM32CubeIDE/plugins/com.st.stm32cube.ide.mcu.externaltools.gnu-tools-for-stm32.11.3.rel1.win32_1.1.1.202309131626/tools/bin/../lib/gcc/arm-none-eabi/11.3.1/../../../../arm-none-eabi/lib/thumb/v7e-m+fp/hard\libc_nano.a(libc_a-mlock.o)
                0x0000000008006354                __malloc_lock
 .text.__malloc_unlock
                0x0000000008006360        0xc C:/ST/STM32CubeIDE_1.13.2/STM32CubeIDE/plugins/com.st.stm32cube.ide.mcu.externaltools.gnu-tools-for-stm32.11.3.rel1.win32_1.1.1.202309131626/tools/bin/../lib/gcc/arm-none-eabi/11.3.1/../../../../arm-none-eabi/lib/thumb/v7e-m+fp/hard\libc_nano.a(libc_a-mlock.o)
                0x0000000008006360                __malloc_unlock
 .text.__cvt    0x000000000800636c       0xc4 C:/ST/STM32CubeIDE_1.13.2/STM32CubeIDE/plugins/com.st.stm32cube.ide.mcu.externaltools.gnu-tools-for-stm32.11.3.rel1.win32_1.1.1.202309131626/tools/bin/../lib/gcc/arm-none-eabi/11.3.1/../../../../arm-none-eabi/lib/thumb/v7e-m+fp/hard\libc_nano.a(libc_a-nano-vfprintf_float.o)
                0x000000000800636c                __cvt
 .text.__exponent
                0x0000000008006430       0x7c C:/ST/STM32CubeIDE_1.13.2/STM32CubeIDE/plugins/com.st.stm32cube.ide.mcu.externaltools.gnu-tools-for-stm32.11.3.rel1.win32_1.1.1.202309131626/tools/bin/../lib/gcc/arm-none-eabi/11.3.1/../../../../arm-none-eabi/lib/thumb/v7e-m+fp/hard\libc_nano.a(libc_a-nano-vfprintf_float.o)
                0x0000000008006430                __exponent
 .text._printf_float
                0x00000000080064ac      0x46c C:/ST/STM32CubeIDE_1.13.2/STM32CubeIDE/plugins/com.st.stm32cube.ide.mcu.externaltools.gnu-tools-for-stm32.11.3.rel1.win32_1.1.1.202309131626/tools/bin/../lib/gcc/arm-none-eabi/11.3.1/../../../../arm-none-eabi/lib/thumb/v7e-m+fp/hard\libc_nano.a(libc_a-nano-vfprintf_float.o)
                0x00000000080064ac                _printf_float
 .text._printf_common
                0x0000000008006918       0xda C:/ST/STM32CubeIDE_1.13.2/STM32CubeIDE/plugins/com.st.stm32cube.ide.mcu.externaltools.gnu-tools-for-stm32.11.3.rel1.win32_1.1.1.202309131626/tools/bin/../lib/gcc/arm-none-eabi/11.3.1/../../../../arm-none-eabi/lib/thumb/v7e-m+fp/hard\libc_nano.a(libc_a-nano-vfprintf_i.o)
                0x0000000008006918                _printf_common
 *fill*         0x00000000080069f2        0x2 
 .text._printf_i
                0x00000000080069f4      0x244 C:/ST/STM32CubeIDE_1.13.2/STM32CubeIDE/plugins/com.st.stm32cube.ide.mcu.externaltools.gnu-tools-for-stm32.11.3.rel1.win32_1.1.1.202309131626/tools/bin/../lib/gcc/arm-none-eabi/11.3.1/../../../../arm-none-eabi/lib/thumb/v7e-m+fp/hard\libc_nano.a(libc_a-nano-vfprintf_i.o)
                0x00000000080069f4                _printf_i
 .text._scanf_float
                0x0000000008006c38      0x420 C:/ST/STM32CubeIDE_1.13.2/STM32CubeIDE/plugins/com.st.stm32cube.ide.mcu.externaltools.gnu-tools-for-stm32.11.3.rel1.win32_1.1.1.202309131626/tools/bin/../lib/gcc/arm-none-eabi/11.3.1/../../../../arm-none-eabi/lib/thumb/v7e-m+fp/hard\libc_nano.a(libc_a-nano-vfscanf_float.o)
                0x0000000008006c38                _scanf_float
 .text.std      0x0000000008007058       0x6c C:/ST/STM32CubeIDE_1.13.2/STM32CubeIDE/plugins/com.st.stm32cube.ide.mcu.externaltools.gnu-tools-for-stm32.11.3.rel1.win32_1.1.1.202309131626/tools/bin/../lib/gcc/arm-none-eabi/11.3.1/../../../../arm-none-eabi/lib/thumb/v7e-m+fp/hard\libc_nano.a(libc_a-findfp.o)
 .text.stdio_exit_handler
                0x00000000080070c4       0x18 C:/ST/STM32CubeIDE_1.13.2/STM32CubeIDE/plugins/com.st.stm32cube.ide.mcu.externaltools.gnu-tools-for-stm32.11.3.rel1.win32_1.1.1.202309131626/tools/bin/../lib/gcc/arm-none-eabi/11.3.1/../../../../arm-none-eabi/lib/thumb/v7e-m+fp/hard\libc_nano.a(libc_a-findfp.o)
 .text.cleanup_stdio
                0x00000000080070dc       0x40 C:/ST/STM32CubeIDE_1.13.2/STM32CubeIDE/plugins/com.st.stm32cube.ide.mcu.externaltools.gnu-tools-for-stm32.11.3.rel1.win32_1.1.1.202309131626/tools/bin/../lib/gcc/arm-none-eabi/11.3.1/../../../../arm-none-eabi/lib/thumb/v7e-m+fp/hard\libc_nano.a(libc_a-findfp.o)
 .text.global_stdio_init.part.0
                0x000000000800711c       0x3c C:/ST/STM32CubeIDE_1.13.2/STM32CubeIDE/plugins/com.st.stm32cube.ide.mcu.externaltools.gnu-tools-for-stm32.11.3.rel1.win32_1.1.1.202309131626/tools/bin/../lib/gcc/arm-none-eabi/11.3.1/../../../../arm-none-eabi/lib/thumb/v7e-m+fp/hard\libc_nano.a(libc_a-findfp.o)
 .text.__sfp_lock_acquire
                0x0000000008007158        0xc C:/ST/STM32CubeIDE_1.13.2/STM32CubeIDE/plugins/com.st.stm32cube.ide.mcu.externaltools.gnu-tools-for-stm32.11.3.rel1.win32_1.1.1.202309131626/tools/bin/../lib/gcc/arm-none-eabi/11.3.1/../../../../arm-none-eabi/lib/thumb/v7e-m+fp/hard\libc_nano.a(libc_a-findfp.o)
                0x0000000008007158                __sfp_lock_acquire
 .text.__sfp_lock_release
                0x0000000008007164        0xc C:/ST/STM32CubeIDE_1.13.2/STM32CubeIDE/plugins/com.st.stm32cube.ide.mcu.externaltools.gnu-tools-for-stm32.11.3.rel1.win32_1.1.1.202309131626/tools/bin/../lib/gcc/arm-none-eabi/11.3.1/../../../../arm-none-eabi/lib/thumb/v7e-m+fp/hard\libc_nano.a(libc_a-findfp.o)
                0x0000000008007164                __sfp_lock_release
 .text.__sinit  0x0000000008007170       0x30 C:/ST/STM32CubeIDE_1.13.2/STM32CubeIDE/plugins/com.st.stm32cube.ide.mcu.externaltools.gnu-tools-for-stm32.11.3.rel1.win32_1.1.1.202309131626/tools/bin/../lib/gcc/arm-none-eabi/11.3.1/../../../../arm-none-eabi/lib/thumb/v7e-m+fp/hard\libc_nano.a(libc_a-findfp.o)
                0x0000000008007170                __sinit
 .text._fwalk_sglue
                0x00000000080071a0       0x3c C:/ST/STM32CubeIDE_1.13.2/STM32CubeIDE/plugins/com.st.stm32cube.ide.mcu.externaltools.gnu-tools-for-stm32.11.3.rel1.win32_1.1.1.202309131626/tools/bin/../lib/gcc/arm-none-eabi/11.3.1/../../../../arm-none-eabi/lib/thumb/v7e-m+fp/hard\libc_nano.a(libc_a-fwalk.o)
                0x00000000080071a0                _fwalk_sglue
 .text.snprintf
                0x00000000080071dc       0x68 C:/ST/STM32CubeIDE_1.13.2/STM32CubeIDE/plugins/com.st.stm32cube.ide.mcu.externaltools.gnu-tools-for-stm32.11.3.rel1.win32_1.1.1.202309131626/tools/bin/../lib/gcc/arm-none-eabi/11.3.1/../../../../arm-none-eabi/lib/thumb/v7e-m+fp/hard\libc_nano.a(libc_a-snprintf.o)
                0x00000000080071dc                sniprintf
                0x00000000080071dc                snprintf
 .text.sprintf  0x0000000008007244       0x40 C:/ST/STM32CubeIDE_1.13.2/STM32CubeIDE/plugins/com.st.stm32cube.ide.mcu.externaltools.gnu-tools-for-stm32.11.3.rel1.win32_1.1.1.202309131626/tools/bin/../lib/gcc/arm-none-eabi/11.3.1/../../../../arm-none-eabi/lib/thumb/v7e-m+fp/hard\libc_nano.a(libc_a-sprintf.o)
                0x0000000008007244                siprintf
                0x0000000008007244                sprintf
 .text.__sread  0x0000000008007284       0x22 C:/ST/STM32CubeIDE_1.13.2/STM32CubeIDE/plugins/com.st.stm32cube.ide.mcu.externaltools.gnu-tools-for-stm32.11.3.rel1.win32_1.1.1.202309131626/tools/bin/../lib/gcc/arm-none-eabi/11.3.1/../../../../arm-none-eabi/lib/thumb/v7e-m+fp/hard\libc_nano.a(libc_a-stdio.o)
                0x0000000008007284                __sread
 .text.__swrite
                0x00000000080072a6       0x38 C:/ST/STM32CubeIDE_1.13.2/STM32CubeIDE/plugins/com.st.stm32cube.ide.mcu.externaltools.gnu-tools-for-stm32.11.3.rel1.win32_1.1.1.202309131626/tools/bin/../lib/gcc/arm-none-eabi/11.3.1/../../../../arm-none-eabi/lib/thumb/v7e-m+fp/hard\libc_nano.a(libc_a-stdio.o)
                0x00000000080072a6                __swrite
 .text.__sseek  0x00000000080072de       0x24 C:/ST/STM32CubeIDE_1.13.2/STM32CubeIDE/plugins/com.st.stm32cube.ide.mcu.externaltools.gnu-tools-for-stm32.11.3.rel1.win32_1.1.1.202309131626/tools/bin/../lib/gcc/arm-none-eabi/11.3.1/../../../../arm-none-eabi/lib/thumb/v7e-m+fp/hard\libc_nano.a(libc_a-stdio.o)
                0x00000000080072de                __sseek
 .text.__sclose
                0x0000000008007302        0x8 C:/ST/STM32CubeIDE_1.13.2/STM32CubeIDE/plugins/com.st.stm32cube.ide.mcu.externaltools.gnu-tools-for-stm32.11.3.rel1.win32_1.1.1.202309131626/tools/bin/../lib/gcc/arm-none-eabi/11.3.1/../../../../arm-none-eabi/lib/thumb/v7e-m+fp/hard\libc_nano.a(libc_a-stdio.o)
                0x0000000008007302                __sclose
 .text.memset   0x000000000800730a       0x10 C:/ST/STM32CubeIDE_1.13.2/STM32CubeIDE/plugins/com.st.stm32cube.ide.mcu.externaltools.gnu-tools-for-stm32.11.3.rel1.win32_1.1.1.202309131626/tools/bin/../lib/gcc/arm-none-eabi/11.3.1/../../../../arm-none-eabi/lib/thumb/v7e-m+fp/hard\libc_nano.a(libc_a-memset.o)
                0x000000000800730a                memset
 .text._raise_r
                0x000000000800731a       0x50 C:/ST/STM32CubeIDE_1.13.2/STM32CubeIDE/plugins/com.st.stm32cube.ide.mcu.externaltools.gnu-tools-for-stm32.11.3.rel1.win32_1.1.1.202309131626/tools/bin/../lib/gcc/arm-none-eabi/11.3.1/../../../../arm-none-eabi/lib/thumb/v7e-m+fp/hard\libc_nano.a(libc_a-signal.o)
                0x000000000800731a                _raise_r
 *fill*         0x000000000800736a        0x2 
 .text.raise    0x000000000800736c       0x10 C:/ST/STM32CubeIDE_1.13.2/STM32CubeIDE/plugins/com.st.stm32cube.ide.mcu.externaltools.gnu-tools-for-stm32.11.3.rel1.win32_1.1.1.202309131626/tools/bin/../lib/gcc/arm-none-eabi/11.3.1/../../../../arm-none-eabi/lib/thumb/v7e-m+fp/hard\libc_nano.a(libc_a-signal.o)
                0x000000000800736c                raise
 .text._localeconv_r
                0x000000000800737c        0x8 C:/ST/STM32CubeIDE_1.13.2/STM32CubeIDE/plugins/com.st.stm32cube.ide.mcu.externaltools.gnu-tools-for-stm32.11.3.rel1.win32_1.1.1.202309131626/tools/bin/../lib/gcc/arm-none-eabi/11.3.1/../../../../arm-none-eabi/lib/thumb/v7e-m+fp/hard\libc_nano.a(libc_a-localeconv.o)
                0x000000000800737c                _localeconv_r
 .text._close_r
                0x0000000008007384       0x20 C:/ST/STM32CubeIDE_1.13.2/STM32CubeIDE/plugins/com.st.stm32cube.ide.mcu.externaltools.gnu-tools-for-stm32.11.3.rel1.win32_1.1.1.202309131626/tools/bin/../lib/gcc/arm-none-eabi/11.3.1/../../../../arm-none-eabi/lib/thumb/v7e-m+fp/hard\libc_nano.a(libc_a-closer.o)
                0x0000000008007384                _close_r
 .text._lseek_r
                0x00000000080073a4       0x24 C:/ST/STM32CubeIDE_1.13.2/STM32CubeIDE/plugins/com.st.stm32cube.ide.mcu.externaltools.gnu-tools-for-stm32.11.3.rel1.win32_1.1.1.202309131626/tools/bin/../lib/gcc/arm-none-eabi/11.3.1/../../../../arm-none-eabi/lib/thumb/v7e-m+fp/hard\libc_nano.a(libc_a-lseekr.o)
                0x00000000080073a4                _lseek_r
 .text._read_r  0x00000000080073c8       0x24 C:/ST/STM32CubeIDE_1.13.2/STM32CubeIDE/plugins/com.st.stm32cube.ide.mcu.externaltools.gnu-tools-for-stm32.11.3.rel1.win32_1.1.1.202309131626/tools/bin/../lib/gcc/arm-none-eabi/11.3.1/../../../../arm-none-eabi/lib/thumb/v7e-m+fp/hard\libc_nano.a(libc_a-readr.o)
                0x00000000080073c8                _read_r
 .text._kill_r  0x00000000080073ec       0x24 C:/ST/STM32CubeIDE_1.13.2/STM32CubeIDE/plugins/com.st.stm32cube.ide.mcu.externaltools.gnu-tools-for-stm32.11.3.rel1.win32_1.1.1.202309131626/tools/bin/../lib/gcc/arm-none-eabi/11.3.1/../../../../arm-none-eabi/lib/thumb/v7e-m+fp/hard\libc_nano.a(libc_a-signalr.o)
                0x00000000080073ec                _kill_r
 .text._getpid_r
                0x0000000008007410        0x4 C:/ST/STM32CubeIDE_1.13.2/STM32CubeIDE/plugins/com.st.stm32cube.ide.mcu.externaltools.gnu-tools-for-stm32.11.3.rel1.win32_1.1.1.202309131626/tools/bin/../lib/gcc/arm-none-eabi/11.3.1/../../../../arm-none-eabi/lib/thumb/v7e-m+fp/hard\libc_nano.a(libc_a-signalr.o)
                0x0000000008007410                _getpid_r
 .text._sbrk_r  0x0000000008007414       0x20 C:/ST/STM32CubeIDE_1.13.2/STM32CubeIDE/plugins/com.st.stm32cube.ide.mcu.externaltools.gnu-tools-for-stm32.11.3.rel1.win32_1.1.1.202309131626/tools/bin/../lib/gcc/arm-none-eabi/11.3.1/../../../../arm-none-eabi/lib/thumb/v7e-m+fp/hard\libc_nano.a(libc_a-sbrkr.o)
                0x0000000008007414                _sbrk_r
 .text._write_r
                0x0000000008007434       0x24 C:/ST/STM32CubeIDE_1.13.2/STM32CubeIDE/plugins/com.st.stm32cube.ide.mcu.externaltools.gnu-tools-for-stm32.11.3.rel1.win32_1.1.1.202309131626/tools/bin/../lib/gcc/arm-none-eabi/11.3.1/../../../../arm-none-eabi/lib/thumb/v7e-m+fp/hard\libc_nano.a(libc_a-writer.o)
                0x0000000008007434                _write_r
 .text.__errno  0x0000000008007458        0xc C:/ST/STM32CubeIDE_1.13.2/STM32CubeIDE/plugins/com.st.stm32cube.ide.mcu.externaltools.gnu-tools-for-stm32.11.3.rel1.win32_1.1.1.202309131626/tools/bin/../lib/gcc/arm-none-eabi/11.3.1/../../../../arm-none-eabi/lib/thumb/v7e-m+fp/hard\libc_nano.a(libc_a-errno.o)
                0x0000000008007458                __errno
 .text.__libc_init_array
                0x0000000008007464       0x48 C:/ST/STM32CubeIDE_1.13.2/STM32CubeIDE/plugins/com.st.stm32cube.ide.mcu.externaltools.gnu-tools-for-stm32.11.3.rel1.win32_1.1.1.202309131626/tools/bin/../lib/gcc/arm-none-eabi/11.3.1/../../../../arm-none-eabi/lib/thumb/v7e-m+fp/hard\libc_nano.a(libc_a-init.o)
                0x0000000008007464                __libc_init_array
 .text.__retarget_lock_init_recursive
                0x00000000080074ac        0x2 C:/ST/STM32CubeIDE_1.13.2/STM32CubeIDE/plugins/com.st.stm32cube.ide.mcu.externaltools.gnu-tools-for-stm32.11.3.rel1.win32_1.1.1.202309131626/tools/bin/../lib/gcc/arm-none-eabi/11.3.1/../../../../arm-none-eabi/lib/thumb/v7e-m+fp/hard\libc_nano.a(libc_a-lock.o)
                0x00000000080074ac                __retarget_lock_init_recursive
 .text.__retarget_lock_acquire_recursive
                0x00000000080074ae        0x2 C:/ST/STM32CubeIDE_1.13.2/STM32CubeIDE/plugins/com.st.stm32cube.ide.mcu.externaltools.gnu-tools-for-stm32.11.3.rel1.win32_1.1.1.202309131626/tools/bin/../lib/gcc/arm-none-eabi/11.3.1/../../../../arm-none-eabi/lib/thumb/v7e-m+fp/hard\libc_nano.a(libc_a-lock.o)
                0x00000000080074ae                __retarget_lock_acquire_recursive
 .text.__retarget_lock_release_recursive
                0x00000000080074b0        0x2 C:/ST/STM32CubeIDE_1.13.2/STM32CubeIDE/plugins/com.st.stm32cube.ide.mcu.externaltools.gnu-tools-for-stm32.11.3.rel1.win32_1.1.1.202309131626/tools/bin/../lib/gcc/arm-none-eabi/11.3.1/../../../../arm-none-eabi/lib/thumb/v7e-m+fp/hard\libc_nano.a(libc_a-lock.o)
                0x00000000080074b0                __retarget_lock_release_recursive
 .text.strcpy   0x00000000080074b2       0x10 C:/ST/STM32CubeIDE_1.13.2/STM32CubeIDE/plugins/com.st.stm32cube.ide.mcu.externaltools.gnu-tools-for-stm32.11.3.rel1.win32_1.1.1.202309131626/tools/bin/../lib/gcc/arm-none-eabi/11.3.1/../../../../arm-none-eabi/lib/thumb/v7e-m+fp/hard\libc_nano.a(libc_a-strcpy.o)
                0x00000000080074b2                strcpy
 .text.memcpy   0x00000000080074c2       0x1c C:/ST/STM32CubeIDE_1.13.2/STM32CubeIDE/plugins/com.st.stm32cube.ide.mcu.externaltools.gnu-tools-for-stm32.11.3.rel1.win32_1.1.1.202309131626/tools/bin/../lib/gcc/arm-none-eabi/11.3.1/../../../../arm-none-eabi/lib/thumb/v7e-m+fp/hard\libc_nano.a(libc_a-memcpy-stub.o)
                0x00000000080074c2                memcpy
 *fill*         0x00000000080074de        0x2 
 .text.nanf     0x00000000080074e0        0xc C:/ST/STM32CubeIDE_1.13.2/STM32CubeIDE/plugins/com.st.stm32cube.ide.mcu.externaltools.gnu-tools-for-stm32.11.3.rel1.win32_1.1.1.202309131626/tools/bin/../lib/gcc/arm-none-eabi/11.3.1/../../../../arm-none-eabi/lib/thumb/v7e-m+fp/hard\libc_nano.a(libm_a-sf_nan.o)
                0x00000000080074e0                nanf
 .text.quorem   0x00000000080074ec      0x110 C:/ST/STM32CubeIDE_1.13.2/STM32CubeIDE/plugins/com.st.stm32cube.ide.mcu.externaltools.gnu-tools-for-stm32.11.3.rel1.win32_1.1.1.202309131626/tools/bin/../lib/gcc/arm-none-eabi/11.3.1/../../../../arm-none-eabi/lib/thumb/v7e-m+fp/hard\libc_nano.a(libc_a-dtoa.o)
 *fill*         0x00000000080075fc        0x4 
 .text._dtoa_r  0x0000000008007600      0xbe4 C:/ST/STM32CubeIDE_1.13.2/STM32CubeIDE/plugins/com.st.stm32cube.ide.mcu.externaltools.gnu-tools-for-stm32.11.3.rel1.win32_1.1.1.202309131626/tools/bin/../lib/gcc/arm-none-eabi/11.3.1/../../../../arm-none-eabi/lib/thumb/v7e-m+fp/hard\libc_nano.a(libc_a-dtoa.o)
                0x0000000008007600                _dtoa_r
 .text._free_r  0x00000000080081e4       0x98 C:/ST/STM32CubeIDE_1.13.2/STM32CubeIDE/plugins/com.st.stm32cube.ide.mcu.externaltools.gnu-tools-for-stm32.11.3.rel1.win32_1.1.1.202309131626/tools/bin/../lib/gcc/arm-none-eabi/11.3.1/../../../../arm-none-eabi/lib/thumb/v7e-m+fp/hard\libc_nano.a(libc_a-freer.o)
                0x00000000080081e4                _free_r
 .text._Balloc  0x000000000800827c       0x80 C:/ST/STM32CubeIDE_1.13.2/STM32CubeIDE/plugins/com.st.stm32cube.ide.mcu.externaltools.gnu-tools-for-stm32.11.3.rel1.win32_1.1.1.202309131626/tools/bin/../lib/gcc/arm-none-eabi/11.3.1/../../../../arm-none-eabi/lib/thumb/v7e-m+fp/hard\libc_nano.a(libc_a-mprec.o)
                0x000000000800827c                _Balloc
 .text._Bfree   0x00000000080082fc       0x44 C:/ST/STM32CubeIDE_1.13.2/STM32CubeIDE/plugins/com.st.stm32cube.ide.mcu.externaltools.gnu-tools-for-stm32.11.3.rel1.win32_1.1.1.202309131626/tools/bin/../lib/gcc/arm-none-eabi/11.3.1/../../../../arm-none-eabi/lib/thumb/v7e-m+fp/hard\libc_nano.a(libc_a-mprec.o)
                0x00000000080082fc                _Bfree
 .text.__multadd
                0x0000000008008340       0x8c C:/ST/STM32CubeIDE_1.13.2/STM32CubeIDE/plugins/com.st.stm32cube.ide.mcu.externaltools.gnu-tools-for-stm32.11.3.rel1.win32_1.1.1.202309131626/tools/bin/../lib/gcc/arm-none-eabi/11.3.1/../../../../arm-none-eabi/lib/thumb/v7e-m+fp/hard\libc_nano.a(libc_a-mprec.o)
                0x0000000008008340                __multadd
 .text.__s2b    0x00000000080083cc       0x94 C:/ST/STM32CubeIDE_1.13.2/STM32CubeIDE/plugins/com.st.stm32cube.ide.mcu.externaltools.gnu-tools-for-stm32.11.3.rel1.win32_1.1.1.202309131626/tools/bin/../lib/gcc/arm-none-eabi/11.3.1/../../../../arm-none-eabi/lib/thumb/v7e-m+fp/hard\libc_nano.a(libc_a-mprec.o)
                0x00000000080083cc                __s2b
 .text.__hi0bits
                0x0000000008008460       0x40 C:/ST/STM32CubeIDE_1.13.2/STM32CubeIDE/plugins/com.st.stm32cube.ide.mcu.externaltools.gnu-tools-for-stm32.11.3.rel1.win32_1.1.1.202309131626/tools/bin/../lib/gcc/arm-none-eabi/11.3.1/../../../../arm-none-eabi/lib/thumb/v7e-m+fp/hard\libc_nano.a(libc_a-mprec.o)
                0x0000000008008460                __hi0bits
 .text.__lo0bits
                0x00000000080084a0       0x5a C:/ST/STM32CubeIDE_1.13.2/STM32CubeIDE/plugins/com.st.stm32cube.ide.mcu.externaltools.gnu-tools-for-stm32.11.3.rel1.win32_1.1.1.202309131626/tools/bin/../lib/gcc/arm-none-eabi/11.3.1/../../../../arm-none-eabi/lib/thumb/v7e-m+fp/hard\libc_nano.a(libc_a-mprec.o)
                0x00000000080084a0                __lo0bits
 *fill*         0x00000000080084fa        0x2 
 .text.__i2b    0x00000000080084fc       0x2c C:/ST/STM32CubeIDE_1.13.2/STM32CubeIDE/plugins/com.st.stm32cube.ide.mcu.externaltools.gnu-tools-for-stm32.11.3.rel1.win32_1.1.1.202309131626/tools/bin/../lib/gcc/arm-none-eabi/11.3.1/../../../../arm-none-eabi/lib/thumb/v7e-m+fp/hard\libc_nano.a(libc_a-mprec.o)
                0x00000000080084fc                __i2b
 .text.__multiply
                0x0000000008008528      0x154 C:/ST/STM32CubeIDE_1.13.2/STM32CubeIDE/plugins/com.st.stm32cube.ide.mcu.externaltools.gnu-tools-for-stm32.11.3.rel1.win32_1.1.1.202309131626/tools/bin/../lib/gcc/arm-none-eabi/11.3.1/../../../../arm-none-eabi/lib/thumb/v7e-m+fp/hard\libc_nano.a(libc_a-mprec.o)
                0x0000000008008528                __multiply
 .text.__pow5mult
                0x000000000800867c       0xb4 C:/ST/STM32CubeIDE_1.13.2/STM32CubeIDE/plugins/com.st.stm32cube.ide.mcu.externaltools.gnu-tools-for-stm32.11.3.rel1.win32_1.1.1.202309131626/tools/bin/../lib/gcc/arm-none-eabi/11.3.1/../../../../arm-none-eabi/lib/thumb/v7e-m+fp/hard\libc_nano.a(libc_a-mprec.o)
                0x000000000800867c                __pow5mult
 .text.__lshift
                0x0000000008008730       0xd8 C:/ST/STM32CubeIDE_1.13.2/STM32CubeIDE/plugins/com.st.stm32cube.ide.mcu.externaltools.gnu-tools-for-stm32.11.3.rel1.win32_1.1.1.202309131626/tools/bin/../lib/gcc/arm-none-eabi/11.3.1/../../../../arm-none-eabi/lib/thumb/v7e-m+fp/hard\libc_nano.a(libc_a-mprec.o)
                0x0000000008008730                __lshift
 .text.__mcmp   0x0000000008008808       0x38 C:/ST/STM32CubeIDE_1.13.2/STM32CubeIDE/plugins/com.st.stm32cube.ide.mcu.externaltools.gnu-tools-for-stm32.11.3.rel1.win32_1.1.1.202309131626/tools/bin/../lib/gcc/arm-none-eabi/11.3.1/../../../../arm-none-eabi/lib/thumb/v7e-m+fp/hard\libc_nano.a(libc_a-mprec.o)
                0x0000000008008808                __mcmp
 .text.__mdiff  0x0000000008008840      0x114 C:/ST/STM32CubeIDE_1.13.2/STM32CubeIDE/plugins/com.st.stm32cube.ide.mcu.externaltools.gnu-tools-for-stm32.11.3.rel1.win32_1.1.1.202309131626/tools/bin/../lib/gcc/arm-none-eabi/11.3.1/../../../../arm-none-eabi/lib/thumb/v7e-m+fp/hard\libc_nano.a(libc_a-mprec.o)
                0x0000000008008840                __mdiff
 .text.__ulp    0x0000000008008954       0x4c C:/ST/STM32CubeIDE_1.13.2/STM32CubeIDE/plugins/com.st.stm32cube.ide.mcu.externaltools.gnu-tools-for-stm32.11.3.rel1.win32_1.1.1.202309131626/tools/bin/../lib/gcc/arm-none-eabi/11.3.1/../../../../arm-none-eabi/lib/thumb/v7e-m+fp/hard\libc_nano.a(libc_a-mprec.o)
                0x0000000008008954                __ulp
 .text.__b2d    0x00000000080089a0       0x94 C:/ST/STM32CubeIDE_1.13.2/STM32CubeIDE/plugins/com.st.stm32cube.ide.mcu.externaltools.gnu-tools-for-stm32.11.3.rel1.win32_1.1.1.202309131626/tools/bin/../lib/gcc/arm-none-eabi/11.3.1/../../../../arm-none-eabi/lib/thumb/v7e-m+fp/hard\libc_nano.a(libc_a-mprec.o)
                0x00000000080089a0                __b2d
 .text.__d2b    0x0000000008008a34       0xb4 C:/ST/STM32CubeIDE_1.13.2/STM32CubeIDE/plugins/com.st.stm32cube.ide.mcu.externaltools.gnu-tools-for-stm32.11.3.rel1.win32_1.1.1.202309131626/tools/bin/../lib/gcc/arm-none-eabi/11.3.1/../../../../arm-none-eabi/lib/thumb/v7e-m+fp/hard\libc_nano.a(libc_a-mprec.o)
                0x0000000008008a34                __d2b
 .text.__ratio  0x0000000008008ae8       0x66 C:/ST/STM32CubeIDE_1.13.2/STM32CubeIDE/plugins/com.st.stm32cube.ide.mcu.externaltools.gnu-tools-for-stm32.11.3.rel1.win32_1.1.1.202309131626/tools/bin/../lib/gcc/arm-none-eabi/11.3.1/../../../../arm-none-eabi/lib/thumb/v7e-m+fp/hard\libc_nano.a(libc_a-mprec.o)
                0x0000000008008ae8                __ratio
 .text.__copybits
                0x0000000008008b4e       0x46 C:/ST/STM32CubeIDE_1.13.2/STM32CubeIDE/plugins/com.st.stm32cube.ide.mcu.externaltools.gnu-tools-for-stm32.11.3.rel1.win32_1.1.1.202309131626/tools/bin/../lib/gcc/arm-none-eabi/11.3.1/../../../../arm-none-eabi/lib/thumb/v7e-m+fp/hard\libc_nano.a(libc_a-mprec.o)
                0x0000000008008b4e                __copybits
 .text.__any_on
                0x0000000008008b94       0x42 C:/ST/STM32CubeIDE_1.13.2/STM32CubeIDE/plugins/com.st.stm32cube.ide.mcu.externaltools.gnu-tools-for-stm32.11.3.rel1.win32_1.1.1.202309131626/tools/bin/../lib/gcc/arm-none-eabi/11.3.1/../../../../arm-none-eabi/lib/thumb/v7e-m+fp/hard\libc_nano.a(libc_a-mprec.o)
                0x0000000008008b94                __any_on
 .text.sulp     0x0000000008008bd6       0x38 C:/ST/STM32CubeIDE_1.13.2/STM32CubeIDE/plugins/com.st.stm32cube.ide.mcu.externaltools.gnu-tools-for-stm32.11.3.rel1.win32_1.1.1.202309131626/tools/bin/../lib/gcc/arm-none-eabi/11.3.1/../../../../arm-none-eabi/lib/thumb/v7e-m+fp/hard\libc_nano.a(libc_a-strtod.o)
 *fill*         0x0000000008008c0e        0x2 
 .text._strtod_l
                0x0000000008008c10      0xbe0 C:/ST/STM32CubeIDE_1.13.2/STM32CubeIDE/plugins/com.st.stm32cube.ide.mcu.externaltools.gnu-tools-for-stm32.11.3.rel1.win32_1.1.1.202309131626/tools/bin/../lib/gcc/arm-none-eabi/11.3.1/../../../../arm-none-eabi/lib/thumb/v7e-m+fp/hard\libc_nano.a(libc_a-strtod.o)
                0x0000000008008c10                _strtod_l
 .text._strtod_r
                0x00000000080097f0        0xc C:/ST/STM32CubeIDE_1.13.2/STM32CubeIDE/plugins/com.st.stm32cube.ide.mcu.externaltools.gnu-tools-for-stm32.11.3.rel1.win32_1.1.1.202309131626/tools/bin/../lib/gcc/arm-none-eabi/11.3.1/../../../../arm-none-eabi/lib/thumb/v7e-m+fp/hard\libc_nano.a(libc_a-strtod.o)
                0x00000000080097f0                _strtod_r
 .text._strtol_l.constprop.0
                0x00000000080097fc      0x104 C:/ST/STM32CubeIDE_1.13.2/STM32CubeIDE/plugins/com.st.stm32cube.ide.mcu.externaltools.gnu-tools-for-stm32.11.3.rel1.win32_1.1.1.202309131626/tools/bin/../lib/gcc/arm-none-eabi/11.3.1/../../../../arm-none-eabi/lib/thumb/v7e-m+fp/hard\libc_nano.a(libc_a-strtol.o)
 .text._strtol_r
                0x0000000008009900        0x4 C:/ST/STM32CubeIDE_1.13.2/STM32CubeIDE/plugins/com.st.stm32cube.ide.mcu.externaltools.gnu-tools-for-stm32.11.3.rel1.win32_1.1.1.202309131626/tools/bin/../lib/gcc/arm-none-eabi/11.3.1/../../../../arm-none-eabi/lib/thumb/v7e-m+fp/hard\libc_nano.a(libc_a-strtol.o)
                0x0000000008009900                _strtol_r
 .text.__ssputs_r
                0x0000000008009904       0xb4 C:/ST/STM32CubeIDE_1.13.2/STM32CubeIDE/plugins/com.st.stm32cube.ide.mcu.externaltools.gnu-tools-for-stm32.11.3.rel1.win32_1.1.1.202309131626/tools/bin/../lib/gcc/arm-none-eabi/11.3.1/../../../../arm-none-eabi/lib/thumb/v7e-m+fp/hard\libc_nano.a(libc_a-nano-svfprintf.o)
                0x0000000008009904                __ssputs_r
 .text._svfprintf_r
                0x00000000080099b8      0x1fc C:/ST/STM32CubeIDE_1.13.2/STM32CubeIDE/plugins/com.st.stm32cube.ide.mcu.externaltools.gnu-tools-for-stm32.11.3.rel1.win32_1.1.1.202309131626/tools/bin/../lib/gcc/arm-none-eabi/11.3.1/../../../../arm-none-eabi/lib/thumb/v7e-m+fp/hard\libc_nano.a(libc_a-nano-svfprintf.o)
                0x00000000080099b8                _svfiprintf_r
                0x00000000080099b8                _svfprintf_r
 .text.__sflush_r
                0x0000000008009bb4      0x10c C:/ST/STM32CubeIDE_1.13.2/STM32CubeIDE/plugins/com.st.stm32cube.ide.mcu.externaltools.gnu-tools-for-stm32.11.3.rel1.win32_1.1.1.202309131626/tools/bin/../lib/gcc/arm-none-eabi/11.3.1/../../../../arm-none-eabi/lib/thumb/v7e-m+fp/hard\libc_nano.a(libc_a-fflush.o)
                0x0000000008009bb4                __sflush_r
 .text._fflush_r
                0x0000000008009cc0       0x50 C:/ST/STM32CubeIDE_1.13.2/STM32CubeIDE/plugins/com.st.stm32cube.ide.mcu.externaltools.gnu-tools-for-stm32.11.3.rel1.win32_1.1.1.202309131626/tools/bin/../lib/gcc/arm-none-eabi/11.3.1/../../../../arm-none-eabi/lib/thumb/v7e-m+fp/hard\libc_nano.a(libc_a-fflush.o)
                0x0000000008009cc0                _fflush_r
 .text.memmove  0x0000000008009d10       0x34 C:/ST/STM32CubeIDE_1.13.2/STM32CubeIDE/plugins/com.st.stm32cube.ide.mcu.externaltools.gnu-tools-for-stm32.11.3.rel1.win32_1.1.1.202309131626/tools/bin/../lib/gcc/arm-none-eabi/11.3.1/../../../../arm-none-eabi/lib/thumb/v7e-m+fp/hard\libc_nano.a(libc_a-memmove.o)
                0x0000000008009d10                memmove
 .text.strncmp  0x0000000008009d44       0x24 C:/ST/STM32CubeIDE_1.13.2/STM32CubeIDE/plugins/com.st.stm32cube.ide.mcu.externaltools.gnu-tools-for-stm32.11.3.rel1.win32_1.1.1.202309131626/tools/bin/../lib/gcc/arm-none-eabi/11.3.1/../../../../arm-none-eabi/lib/thumb/v7e-m+fp/hard\libc_nano.a(libc_a-strncmp.o)
                0x0000000008009d44                strncmp
 .text.__assert_func
                0x0000000008009d68       0x3c C:/ST/STM32CubeIDE_1.13.2/STM32CubeIDE/plugins/com.st.stm32cube.ide.mcu.externaltools.gnu-tools-for-stm32.11.3.rel1.win32_1.1.1.202309131626/tools/bin/../lib/gcc/arm-none-eabi/11.3.1/../../../../arm-none-eabi/lib/thumb/v7e-m+fp/hard\libc_nano.a(libc_a-assert.o)
                0x0000000008009d68                __assert_func
 .text._calloc_r
                0x0000000008009da4       0x2c C:/ST/STM32CubeIDE_1.13.2/STM32CubeIDE/plugins/com.st.stm32cube.ide.mcu.externaltools.gnu-tools-for-stm32.11.3.rel1.win32_1.1.1.202309131626/tools/bin/../lib/gcc/arm-none-eabi/11.3.1/../../../../arm-none-eabi/lib/thumb/v7e-m+fp/hard\libc_nano.a(libc_a-callocr.o)
                0x0000000008009da4                _calloc_r
 .text.rshift   0x0000000008009dd0       0xa4 C:/ST/STM32CubeIDE_1.13.2/STM32CubeIDE/plugins/com.st.stm32cube.ide.mcu.externaltools.gnu-tools-for-stm32.11.3.rel1.win32_1.1.1.202309131626/tools/bin/../lib/gcc/arm-none-eabi/11.3.1/../../../../arm-none-eabi/lib/thumb/v7e-m+fp/hard\libc_nano.a(libc_a-gdtoa-gethex.o)
 .text.__hexdig_fun
                0x0000000008009e74       0x2a C:/ST/STM32CubeIDE_1.13.2/STM32CubeIDE/plugins/com.st.stm32cube.ide.mcu.externaltools.gnu-tools-for-stm32.11.3.rel1.win32_1.1.1.202309131626/tools/bin/../lib/gcc/arm-none-eabi/11.3.1/../../../../arm-none-eabi/lib/thumb/v7e-m+fp/hard\libc_nano.a(libc_a-gdtoa-gethex.o)
                0x0000000008009e74                __hexdig_fun
 *fill*         0x0000000008009e9e        0x2 
 .text.__gethex
                0x0000000008009ea0      0x45c C:/ST/STM32CubeIDE_1.13.2/STM32CubeIDE/plugins/com.st.stm32cube.ide.mcu.externaltools.gnu-tools-for-stm32.11.3.rel1.win32_1.1.1.202309131626/tools/bin/../lib/gcc/arm-none-eabi/11.3.1/../../../../arm-none-eabi/lib/thumb/v7e-m+fp/hard\libc_nano.a(libc_a-gdtoa-gethex.o)
                0x0000000008009ea0                __gethex
 .text.L_shift  0x000000000800a2fc       0x24 C:/ST/STM32CubeIDE_1.13.2/STM32CubeIDE/plugins/com.st.stm32cube.ide.mcu.externaltools.gnu-tools-for-stm32.11.3.rel1.win32_1.1.1.202309131626/tools/bin/../lib/gcc/arm-none-eabi/11.3.1/../../../../arm-none-eabi/lib/thumb/v7e-m+fp/hard\libc_nano.a(libc_a-gdtoa-hexnan.o)
 .text.__match  0x000000000800a320       0x28 C:/ST/STM32CubeIDE_1.13.2/STM32CubeIDE/plugins/com.st.stm32cube.ide.mcu.externaltools.gnu-tools-for-stm32.11.3.rel1.win32_1.1.1.202309131626/tools/bin/../lib/gcc/arm-none-eabi/11.3.1/../../../../arm-none-eabi/lib/thumb/v7e-m+fp/hard\libc_nano.a(libc_a-gdtoa-hexnan.o)
                0x000000000800a320                __match
 .text.__hexnan
                0x000000000800a348      0x136 C:/ST/STM32CubeIDE_1.13.2/STM32CubeIDE/plugins/com.st.stm32cube.ide.mcu.externaltools.gnu-tools-for-stm32.11.3.rel1.win32_1.1.1.202309131626/tools/bin/../lib/gcc/arm-none-eabi/11.3.1/../../../../arm-none-eabi/lib/thumb/v7e-m+fp/hard\libc_nano.a(libc_a-gdtoa-hexnan.o)
                0x000000000800a348                __hexnan
 .text.__ascii_mbtowc
                0x000000000800a47e       0x24 C:/ST/STM32CubeIDE_1.13.2/STM32CubeIDE/plugins/com.st.stm32cube.ide.mcu.externaltools.gnu-tools-for-stm32.11.3.rel1.win32_1.1.1.202309131626/tools/bin/../lib/gcc/arm-none-eabi/11.3.1/../../../../arm-none-eabi/lib/thumb/v7e-m+fp/hard\libc_nano.a(libc_a-mbtowc_r.o)
                0x000000000800a47e                __ascii_mbtowc
 .text._realloc_r
                0x000000000800a4a2       0x5e C:/ST/STM32CubeIDE_1.13.2/STM32CubeIDE/plugins/com.st.stm32cube.ide.mcu.externaltools.gnu-tools-for-stm32.11.3.rel1.win32_1.1.1.202309131626/tools/bin/../lib/gcc/arm-none-eabi/11.3.1/../../../../arm-none-eabi/lib/thumb/v7e-m+fp/hard\libc_nano.a(libc_a-reallocr.o)
                0x000000000800a4a2                _realloc_r
 .text.__ascii_wctomb
                0x000000000800a500       0x1a C:/ST/STM32CubeIDE_1.13.2/STM32CubeIDE/plugins/com.st.stm32cube.ide.mcu.externaltools.gnu-tools-for-stm32.11.3.rel1.win32_1.1.1.202309131626/tools/bin/../lib/gcc/arm-none-eabi/11.3.1/../../../../arm-none-eabi/lib/thumb/v7e-m+fp/hard\libc_nano.a(libc_a-wctomb_r.o)
                0x000000000800a500                __ascii_wctomb
 *fill*         0x000000000800a51a        0x2 
 .text.fprintf  0x000000000800a51c       0x24 C:/ST/STM32CubeIDE_1.13.2/STM32CubeIDE/plugins/com.st.stm32cube.ide.mcu.externaltools.gnu-tools-for-stm32.11.3.rel1.win32_1.1.1.202309131626/tools/bin/../lib/gcc/arm-none-eabi/11.3.1/../../../../arm-none-eabi/lib/thumb/v7e-m+fp/hard\libc_nano.a(libc_a-fprintf.o)
                0x000000000800a51c                fiprintf
                0x000000000800a51c                fprintf
 .text._malloc_usable_size_r
                0x000000000800a540       0x10 C:/ST/STM32CubeIDE_1.13.2/STM32CubeIDE/plugins/com.st.stm32cube.ide.mcu.externaltools.gnu-tools-for-stm32.11.3.rel1.win32_1.1.1.202309131626/tools/bin/../lib/gcc/arm-none-eabi/11.3.1/../../../../arm-none-eabi/lib/thumb/v7e-m+fp/hard\libc_nano.a(libc_a-msizer.o)
                0x000000000800a540                _malloc_usable_size_r
 .text.__sfputc_r
                0x000000000800a550       0x2e C:/ST/STM32CubeIDE_1.13.2/STM32CubeIDE/plugins/com.st.stm32cube.ide.mcu.externaltools.gnu-tools-for-stm32.11.3.rel1.win32_1.1.1.202309131626/tools/bin/../lib/gcc/arm-none-eabi/11.3.1/../../../../arm-none-eabi/lib/thumb/v7e-m+fp/hard\libc_nano.a(libc_a-nano-vfprintf.o)
 .text.__sfputs_r
                0x000000000800a57e       0x24 C:/ST/STM32CubeIDE_1.13.2/STM32CubeIDE/plugins/com.st.stm32cube.ide.mcu.externaltools.gnu-tools-for-stm32.11.3.rel1.win32_1.1.1.202309131626/tools/bin/../lib/gcc/arm-none-eabi/11.3.1/../../../../arm-none-eabi/lib/thumb/v7e-m+fp/hard\libc_nano.a(libc_a-nano-vfprintf.o)
                0x000000000800a57e                __sfputs_r
 *fill*         0x000000000800a5a2        0x2 
 .text._vfprintf_r
                0x000000000800a5a4      0x234 C:/ST/STM32CubeIDE_1.13.2/STM32CubeIDE/plugins/com.st.stm32cube.ide.mcu.externaltools.gnu-tools-for-stm32.11.3.rel1.win32_1.1.1.202309131626/tools/bin/../lib/gcc/arm-none-eabi/11.3.1/../../../../arm-none-eabi/lib/thumb/v7e-m+fp/hard\libc_nano.a(libc_a-nano-vfprintf.o)
                0x000000000800a5a4                _vfprintf_r