../Core/Src/stm32f4xx_hal_msp.c:67:6:HAL_MspInit	8	static
../Core/Src/stm32f4xx_hal_msp.c:89:6:HAL_ADC_MspInit	48	static
../Core/Src/stm32f4xx_hal_msp.c:146:6:HAL_ADC_MspDeInit	8	static
../Core/Src/stm32f4xx_hal_msp.c:181:6:HAL_I2C_MspInit	48	static
../Core/Src/stm32f4xx_hal_msp.c:217:6:HAL_I2C_MspDeInit	8	static
../Core/Src/stm32f4xx_hal_msp.c:248:6:HAL_RTC_MspInit	24	static
../Core/Src/stm32f4xx_hal_msp.c:284:6:HAL_RTC_MspDeInit	0	static
../Core/Src/stm32f4xx_hal_msp.c:309:6:HAL_TIM_Base_MspInit	16	static
../Core/Src/stm32f4xx_hal_msp.c:342:6:HAL_TIM_MspPostInit	32	static
../Core/Src/stm32f4xx_hal_msp.c:374:6:HAL_TIM_Base_MspDeInit	0	static
../Core/Src/stm32f4xx_hal_msp.c:413:6:HAL_UART_MspInit	56	static
../Core/Src/stm32f4xx_hal_msp.c:497:6:HAL_UART_MspDeInit	0	static
