../Core/Src/stm32f4xx_hal_msp.c:64:6:HAL_MspInit	8	static
../Core/Src/stm32f4xx_hal_msp.c:86:6:HAL_ADC_MspInit	40	static
../Core/Src/stm32f4xx_hal_msp.c:124:6:HAL_ADC_MspDeInit	0	static
../Core/Src/stm32f4xx_hal_msp.c:157:6:HAL_I2C_MspInit	48	static
../Core/Src/stm32f4xx_hal_msp.c:193:6:HAL_I2C_MspDeInit	8	static
../Core/Src/stm32f4xx_hal_msp.c:224:6:HAL_RTC_MspInit	24	static
../Core/Src/stm32f4xx_hal_msp.c:260:6:HAL_RTC_MspDeInit	0	static
../Core/Src/stm32f4xx_hal_msp.c:285:6:HAL_UART_MspInit	40	static
../Core/Src/stm32f4xx_hal_msp.c:321:6:HAL_UART_MspDeInit	0	static
