../Core/Inc/Log.h:48:25:static void blib::Logger::print(const char*)	24	static
../Core/Src/main.cpp:67:6:void HAL_GPIO_EXTI_Callback(uint16_t)	40	static
../Core/Src/main.cpp:121:6:void HAL_ADC_ConvCpltCallback(ADC_HandleTypeDef*)	16	static
../Core/Src/main.cpp:136:5:int main()	24	static
../Core/Src/main.cpp:203:6:void SystemClock_Config()	88	static
../Core/Src/main.cpp:250:13:void MX_ADC1_Init()	24	static
../Core/Src/main.cpp:334:13:void MX_I2C1_Init()	8	static
../Core/Src/main.cpp:368:13:void MX_USART3_UART_Init()	8	static
../Core/Src/main.cpp:399:13:void MX_DMA_Init()	16	static
../Core/Src/main.cpp:417:13:void MX_GPIO_Init()	40	static
../Core/Src/main.cpp:459:6:void Error_Handler()	4	static,ignoring_inline_asm
../Core/Inc/Log.h:35:25:) [with Args = {const char*, int, const char*}]	32	static
../Core/Inc/Singleton.h:19:27:static T& blib::dp::Singleton<T>::getInstance() [with T = blib::Button]	16	static
../Core/Inc/Singleton.h:19:27:static T& blib::dp::Singleton<T>::getInstance() [with T = blib::Analog]	16	static
../Core/Inc/Singleton.h:19:27:static T& blib::dp::Singleton<T>::getInstance() [with T = blib::Monitor]	16	static
../Core/Inc/Singleton.h:19:27:static T& blib::dp::Singleton<T>::getInstance() [with T = blib::ChargeControl]	16	static
../Core/Inc/Singleton.h:19:27:static T& blib::dp::Singleton<T>::getInstance() [with T = blib::SerialMonitor]	16	static
