22:37:26 **** Incremental Build of configuration Debug for project MPPT_Solar_Charge_Controller ****
make -j8 all 
arm-none-eabi-g++ -o "MPPT_Solar_Charge_Controller.elf" @"objects.list"   -mcpu=cortex-m4 -T"D:\PROJECT_MPPT\MPPT_Solar_Chagre_Controller\MPPT_Solar_Charge_Controller\STM32F407VGTX_FLASH.ld" -Wl,-Map="MPPT_Solar_Charge_Controller.map" -Wl,--gc-sections -static --specs=nano.specs -mfpu=fpv4-sp-d16 -mfloat-abi=hard -mthumb -Wl,--start-group -lc -lm -lstdc++ -lsupc++ -Wl,--end-group
Finished building target: MPPT_Solar_Charge_Controller.elf
 
arm-none-eabi-size   MPPT_Solar_Charge_Controller.elf 
arm-none-eabi-objdump -h -S  MPPT_Solar_Charge_Controller.elf  > "MPPT_Solar_Charge_Controller.list"
arm-none-eabi-objcopy  -O binary  MPPT_Solar_Charge_Controller.elf  "MPPT_Solar_Charge_Controller.bin"
   text	   data	    bss	    dec	    hex	filename
  11084	    104	   3184	  14372	   3824	MPPT_Solar_Charge_Controller.elf
Finished building: default.size.stdout
 
Finished building: MPPT_Solar_Charge_Controller.list
 
Finished building: MPPT_Solar_Charge_Controller.bin
 
