14:01:30 **** Incremental Build of configuration Debug for project MPPT_Solar_Charge_Controller_TestBoard_F303RE ****
make -j8 all 
arm-none-eabi-g++ "../Core/Src/main.cpp" -mcpu=cortex-m4 -std=gnu++14 -g3 -DDEBUG -DUSE_HAL_DRIVER -DSTM32F303xE -c -I../Core/Inc -I../Drivers/STM32F3xx_HAL_Driver/Inc/Legacy -I../Drivers/STM32F3xx_HAL_Driver/Inc -I../Drivers/CMSIS/Device/ST/STM32F3xx/Include -I../Drivers/CMSIS/Include -I"D:/PROJECT_MPPT/MPPT_Solar_Chagre_Controller/MPPT_Solar_Charge_Controller/Application" -I"D:/PROJECT_MPPT/MPPT_Solar_Chagre_Controller/MPPT_Solar_Charge_Controller/DesignPattern/Singleton" -I"D:/PROJECT_MPPT/MPPT_Solar_Chagre_Controller/MPPT_Solar_Charge_Controller/DesignPattern/StateMachine" -I"D:/PROJECT_MPPT/MPPT_Solar_Chagre_Controller/MPPT_Solar_Charge_Controller/MyDriver" -O0 -ffunction-sections -fdata-sections -fno-exceptions -fno-rtti -fno-use-cxa-atexit -Wall -fstack-usage -fcyclomatic-complexity -MMD -MP -MF"Core/Src/main.d" -MT"Core/Src/main.o" --specs=nano.specs -mfpu=fpv4-sp-d16 -mfloat-abi=hard -mthumb -o "Core/Src/main.o"
In file included from ../Core/Src/main.cpp:30:
D:/PROJECT_MPPT/MPPT_Solar_Chagre_Controller/MPPT_Solar_Charge_Controller/Application/TestLcd.h: In member function 'void blib::LcdSimulate::impl_3_2_ChargeMode()':
D:/PROJECT_MPPT/MPPT_Solar_Chagre_Controller/MPPT_Solar_Charge_Controller/Application/TestLcd.h:634:36: warning: statement has no effect [-Wunused-value]
  634 |                         chargeMode == 0;
      |                         ~~~~~~~~~~~^~~~
../Core/Src/main.cpp: In function 'int main()':
../Core/Src/main.cpp:174:11: warning: unused variable 'analog' [-Wunused-variable]
  174 |     auto &analog = blib::Analog::getInstance();
      |           ^~~~~~
../Core/Src/main.cpp:176:11: warning: unused variable 'chargeCtrl' [-Wunused-variable]
  176 |     auto &chargeCtrl = blib::ChargeControl::getInstance();
      |           ^~~~~~~~~~
arm-none-eabi-g++ -o "MPPT_Solar_Charge_Controller_TestBoard_F303RE.elf" @"objects.list"   -mcpu=cortex-m4 -T"D:\PROJECT_MPPT\MPPT_Solar_Chagre_Controller\MPPT_Solar_Charge_Controller_TestBoard_F303RE\STM32F303RETX_FLASH.ld" --specs=nosys.specs -Wl,-Map="MPPT_Solar_Charge_Controller_TestBoard_F303RE.map" -Wl,--gc-sections -static --specs=nano.specs -mfpu=fpv4-sp-d16 -mfloat-abi=hard -mthumb -u _printf_float -Wl,--start-group -lc -lm -lstdc++ -lsupc++ -Wl,--end-group
Finished building target: MPPT_Solar_Charge_Controller_TestBoard_F303RE.elf
 
arm-none-eabi-size   MPPT_Solar_Charge_Controller_TestBoard_F303RE.elf 
arm-none-eabi-objdump -h -S  MPPT_Solar_Charge_Controller_TestBoard_F303RE.elf  > "MPPT_Solar_Charge_Controller_TestBoard_F303RE.list"
   text	   data	    bss	    dec	    hex	filename
  51960	    488	   3416	  55864	   da38	MPPT_Solar_Charge_Controller_TestBoard_F303RE.elf
Finished building: default.size.stdout
 
Finished building: MPPT_Solar_Charge_Controller_TestBoard_F303RE.list
 

14:01:32 Build Finished. 0 errors, 3 warnings. (took 1s.617ms)

