00:28:47 **** Incremental Build of configuration Debug for project MPPT_Solar_Charge_Controller_TestBoard_F303RE ****
make -j8 all 
arm-none-eabi-g++ "D:/PROJECT_MPPT/MPPT_Solar_Chagre_Controller/MPPT_Solar_Charge_Controller/MyDriver/Button.cpp" -mcpu=cortex-m4 -std=gnu++14 -g3 -DDEBUG -DUSE_HAL_DRIVER -DSTM32F303xE -c -I../Core/Inc -I../Drivers/STM32F3xx_HAL_Driver/Inc/Legacy -I../Drivers/STM32F3xx_HAL_Driver/Inc -I../Drivers/CMSIS/Device/ST/STM32F3xx/Include -I../Drivers/CMSIS/Include -I"D:/PROJECT_MPPT/MPPT_Solar_Chagre_Controller/MPPT_Solar_Charge_Controller/Application" -I"D:/PROJECT_MPPT/MPPT_Solar_Chagre_Controller/MPPT_Solar_Charge_Controller/DesignPattern/Singleton" -I"D:/PROJECT_MPPT/MPPT_Solar_Chagre_Controller/MPPT_Solar_Charge_Controller/DesignPattern/StateMachine" -I"D:/PROJECT_MPPT/MPPT_Solar_Chagre_Controller/MPPT_Solar_Charge_Controller/MyDriver" -O0 -ffunction-sections -fdata-sections -fno-exceptions -fno-rtti -fno-use-cxa-atexit -Wall -fstack-usage -fcyclomatic-complexity -MMD -MP -MF"MyDriver/Button.d" -MT"MyDriver/Button.o" --specs=nano.specs -mfpu=fpv4-sp-d16 -mfloat-abi=hard -mthumb -o "MyDriver/Button.o"
arm-none-eabi-g++ "../Core/Src/main.cpp" -mcpu=cortex-m4 -std=gnu++14 -g3 -DDEBUG -DUSE_HAL_DRIVER -DSTM32F303xE -c -I../Core/Inc -I../Drivers/STM32F3xx_HAL_Driver/Inc/Legacy -I../Drivers/STM32F3xx_HAL_Driver/Inc -I../Drivers/CMSIS/Device/ST/STM32F3xx/Include -I../Drivers/CMSIS/Include -I"D:/PROJECT_MPPT/MPPT_Solar_Chagre_Controller/MPPT_Solar_Charge_Controller/Application" -I"D:/PROJECT_MPPT/MPPT_Solar_Chagre_Controller/MPPT_Solar_Charge_Controller/DesignPattern/Singleton" -I"D:/PROJECT_MPPT/MPPT_Solar_Chagre_Controller/MPPT_Solar_Charge_Controller/DesignPattern/StateMachine" -I"D:/PROJECT_MPPT/MPPT_Solar_Chagre_Controller/MPPT_Solar_Charge_Controller/MyDriver" -O0 -ffunction-sections -fdata-sections -fno-exceptions -fno-rtti -fno-use-cxa-atexit -Wall -fstack-usage -fcyclomatic-complexity -MMD -MP -MF"Core/Src/main.d" -MT"Core/Src/main.o" --specs=nano.specs -mfpu=fpv4-sp-d16 -mfloat-abi=hard -mthumb -o "Core/Src/main.o"
arm-none-eabi-g++ "D:/PROJECT_MPPT/MPPT_Solar_Chagre_Controller/MPPT_Solar_Charge_Controller/Application/Analog.cpp" -mcpu=cortex-m4 -std=gnu++14 -g3 -DDEBUG -DUSE_HAL_DRIVER -DSTM32F303xE -c -I../Core/Inc -I../Drivers/STM32F3xx_HAL_Driver/Inc/Legacy -I../Drivers/STM32F3xx_HAL_Driver/Inc -I../Drivers/CMSIS/Device/ST/STM32F3xx/Include -I../Drivers/CMSIS/Include -I"D:/PROJECT_MPPT/MPPT_Solar_Chagre_Controller/MPPT_Solar_Charge_Controller/Application" -I"D:/PROJECT_MPPT/MPPT_Solar_Chagre_Controller/MPPT_Solar_Charge_Controller/DesignPattern/Singleton" -I"D:/PROJECT_MPPT/MPPT_Solar_Chagre_Controller/MPPT_Solar_Charge_Controller/DesignPattern/StateMachine" -I"D:/PROJECT_MPPT/MPPT_Solar_Chagre_Controller/MPPT_Solar_Charge_Controller/MyDriver" -O0 -ffunction-sections -fdata-sections -fno-exceptions -fno-rtti -fno-use-cxa-atexit -Wall -fstack-usage -fcyclomatic-complexity -MMD -MP -MF"Application/Analog.d" -MT"Application/Analog.o" --specs=nano.specs -mfpu=fpv4-sp-d16 -mfloat-abi=hard -mthumb -o "Application/Analog.o"
arm-none-eabi-g++ "D:/PROJECT_MPPT/MPPT_Solar_Chagre_Controller/MPPT_Solar_Charge_Controller/Application/ChargeControl.cpp" -mcpu=cortex-m4 -std=gnu++14 -g3 -DDEBUG -DUSE_HAL_DRIVER -DSTM32F303xE -c -I../Core/Inc -I../Drivers/STM32F3xx_HAL_Driver/Inc/Legacy -I../Drivers/STM32F3xx_HAL_Driver/Inc -I../Drivers/CMSIS/Device/ST/STM32F3xx/Include -I../Drivers/CMSIS/Include -I"D:/PROJECT_MPPT/MPPT_Solar_Chagre_Controller/MPPT_Solar_Charge_Controller/Application" -I"D:/PROJECT_MPPT/MPPT_Solar_Chagre_Controller/MPPT_Solar_Charge_Controller/DesignPattern/Singleton" -I"D:/PROJECT_MPPT/MPPT_Solar_Chagre_Controller/MPPT_Solar_Charge_Controller/DesignPattern/StateMachine" -I"D:/PROJECT_MPPT/MPPT_Solar_Chagre_Controller/MPPT_Solar_Charge_Controller/MyDriver" -O0 -ffunction-sections -fdata-sections -fno-exceptions -fno-rtti -fno-use-cxa-atexit -Wall -fstack-usage -fcyclomatic-complexity -MMD -MP -MF"Application/ChargeControl.d" -MT"Application/ChargeControl.o" --specs=nano.specs -mfpu=fpv4-sp-d16 -mfloat-abi=hard -mthumb -o "Application/ChargeControl.o"
arm-none-eabi-g++ "D:/PROJECT_MPPT/MPPT_Solar_Chagre_Controller/MPPT_Solar_Charge_Controller/Application/DeviceProtection.cpp" -mcpu=cortex-m4 -std=gnu++14 -g3 -DDEBUG -DUSE_HAL_DRIVER -DSTM32F303xE -c -I../Core/Inc -I../Drivers/STM32F3xx_HAL_Driver/Inc/Legacy -I../Drivers/STM32F3xx_HAL_Driver/Inc -I../Drivers/CMSIS/Device/ST/STM32F3xx/Include -I../Drivers/CMSIS/Include -I"D:/PROJECT_MPPT/MPPT_Solar_Chagre_Controller/MPPT_Solar_Charge_Controller/Application" -I"D:/PROJECT_MPPT/MPPT_Solar_Chagre_Controller/MPPT_Solar_Charge_Controller/DesignPattern/Singleton" -I"D:/PROJECT_MPPT/MPPT_Solar_Chagre_Controller/MPPT_Solar_Charge_Controller/DesignPattern/StateMachine" -I"D:/PROJECT_MPPT/MPPT_Solar_Chagre_Controller/MPPT_Solar_Charge_Controller/MyDriver" -O0 -ffunction-sections -fdata-sections -fno-exceptions -fno-rtti -fno-use-cxa-atexit -Wall -fstack-usage -fcyclomatic-complexity -MMD -MP -MF"Application/DeviceProtection.d" -MT"Application/DeviceProtection.o" --specs=nano.specs -mfpu=fpv4-sp-d16 -mfloat-abi=hard -mthumb -o "Application/DeviceProtection.o"
arm-none-eabi-g++ "D:/PROJECT_MPPT/MPPT_Solar_Chagre_Controller/MPPT_Solar_Charge_Controller/Application/Monitor.cpp" -mcpu=cortex-m4 -std=gnu++14 -g3 -DDEBUG -DUSE_HAL_DRIVER -DSTM32F303xE -c -I../Core/Inc -I../Drivers/STM32F3xx_HAL_Driver/Inc/Legacy -I../Drivers/STM32F3xx_HAL_Driver/Inc -I../Drivers/CMSIS/Device/ST/STM32F3xx/Include -I../Drivers/CMSIS/Include -I"D:/PROJECT_MPPT/MPPT_Solar_Chagre_Controller/MPPT_Solar_Charge_Controller/Application" -I"D:/PROJECT_MPPT/MPPT_Solar_Chagre_Controller/MPPT_Solar_Charge_Controller/DesignPattern/Singleton" -I"D:/PROJECT_MPPT/MPPT_Solar_Chagre_Controller/MPPT_Solar_Charge_Controller/DesignPattern/StateMachine" -I"D:/PROJECT_MPPT/MPPT_Solar_Chagre_Controller/MPPT_Solar_Charge_Controller/MyDriver" -O0 -ffunction-sections -fdata-sections -fno-exceptions -fno-rtti -fno-use-cxa-atexit -Wall -fstack-usage -fcyclomatic-complexity -MMD -MP -MF"Application/Monitor.d" -MT"Application/Monitor.o" --specs=nano.specs -mfpu=fpv4-sp-d16 -mfloat-abi=hard -mthumb -o "Application/Monitor.o"
arm-none-eabi-g++ "D:/PROJECT_MPPT/MPPT_Solar_Chagre_Controller/MPPT_Solar_Charge_Controller/Application/SystemManager.cpp" -mcpu=cortex-m4 -std=gnu++14 -g3 -DDEBUG -DUSE_HAL_DRIVER -DSTM32F303xE -c -I../Core/Inc -I../Drivers/STM32F3xx_HAL_Driver/Inc/Legacy -I../Drivers/STM32F3xx_HAL_Driver/Inc -I../Drivers/CMSIS/Device/ST/STM32F3xx/Include -I../Drivers/CMSIS/Include -I"D:/PROJECT_MPPT/MPPT_Solar_Chagre_Controller/MPPT_Solar_Charge_Controller/Application" -I"D:/PROJECT_MPPT/MPPT_Solar_Chagre_Controller/MPPT_Solar_Charge_Controller/DesignPattern/Singleton" -I"D:/PROJECT_MPPT/MPPT_Solar_Chagre_Controller/MPPT_Solar_Charge_Controller/DesignPattern/StateMachine" -I"D:/PROJECT_MPPT/MPPT_Solar_Chagre_Controller/MPPT_Solar_Charge_Controller/MyDriver" -O0 -ffunction-sections -fdata-sections -fno-exceptions -fno-rtti -fno-use-cxa-atexit -Wall -fstack-usage -fcyclomatic-complexity -MMD -MP -MF"Application/SystemManager.d" -MT"Application/SystemManager.o" --specs=nano.specs -mfpu=fpv4-sp-d16 -mfloat-abi=hard -mthumb -o "Application/SystemManager.o"
In file included from ../Core/Src/main.cpp:30:
D:/PROJECT_MPPT/MPPT_Solar_Chagre_Controller/MPPT_Solar_Charge_Controller/Application/TestLcd.h: In member function 'void blib::LcdSimulate::impl_1_HomeScreen()':
D:/PROJECT_MPPT/MPPT_Solar_Chagre_Controller/MPPT_Solar_Charge_Controller/Application/TestLcd.h:57:79: warning: unused variable 'line3' [-Wunused-variable]
   57 |                 char line0[21] = { 0 }, line1[21] = { 0 }, line2[21] = { 0 }, line3[21] = { 0 };
      |                                                                               ^~~~~
In file included from D:/PROJECT_MPPT/MPPT_Solar_Chagre_Controller/MPPT_Solar_Charge_Controller/MyDriver/Button.cpp:10:
D:/PROJECT_MPPT/MPPT_Solar_Chagre_Controller/MPPT_Solar_Charge_Controller/Application/TestLcd.h: In member function 'void blib::LcdSimulate::impl_1_HomeScreen()':
D:/PROJECT_MPPT/MPPT_Solar_Chagre_Controller/MPPT_Solar_Charge_Controller/Application/TestLcd.h:57:79: warning: unused variable 'line3' [-Wunused-variable]
   57 |                 char line0[21] = { 0 }, line1[21] = { 0 }, line2[21] = { 0 }, line3[21] = { 0 };
      |                                                                               ^~~~~
arm-none-eabi-g++ -o "MPPT_Solar_Charge_Controller_TestBoard_F303RE.elf" @"objects.list"   -mcpu=cortex-m4 -T"D:\PROJECT_MPPT\MPPT_Solar_Chagre_Controller\MPPT_Solar_Charge_Controller_TestBoard_F303RE\STM32F303RETX_FLASH.ld" --specs=nosys.specs -Wl,-Map="MPPT_Solar_Charge_Controller_TestBoard_F303RE.map" -Wl,--gc-sections -static --specs=nano.specs -mfpu=fpv4-sp-d16 -mfloat-abi=hard -mthumb -u _printf_float -Wl,--start-group -lc -lm -lstdc++ -lsupc++ -Wl,--end-group
Finished building target: MPPT_Solar_Charge_Controller_TestBoard_F303RE.elf
 
arm-none-eabi-size   MPPT_Solar_Charge_Controller_TestBoard_F303RE.elf 
arm-none-eabi-objdump -h -S  MPPT_Solar_Charge_Controller_TestBoard_F303RE.elf  > "MPPT_Solar_Charge_Controller_TestBoard_F303RE.list"
   text	   data	    bss	    dec	    hex	filename
  58672	    492	   3428	  62592	   f480	MPPT_Solar_Charge_Controller_TestBoard_F303RE.elf
Finished building: default.size.stdout
 
Finished building: MPPT_Solar_Charge_Controller_TestBoard_F303RE.list
 

00:28:51 Build Finished. 0 errors, 2 warnings. (took 3s.574ms)

